Archive member included to satisfy reference by file (symbol)

C:/Program Files (x86)/Arm GNU Toolchain arm-none-eabi/14.3 rel1/bin/../lib/gcc/arm-none-eabi/14.3.1/../../../../arm-none-eabi/lib/thumb/v7e-m+fp/hard\libc_nano.a(libc_a-exit.o)
                              C:/Program Files (x86)/Arm GNU Toolchain arm-none-eabi/14.3 rel1/bin/../lib/gcc/arm-none-eabi/14.3.1/../../../../arm-none-eabi/lib/thumb/v7e-m+fp/hard/crt0.o (exit)
C:/Program Files (x86)/Arm GNU Toolchain arm-none-eabi/14.3 rel1/bin/../lib/gcc/arm-none-eabi/14.3.1/../../../../arm-none-eabi/lib/thumb/v7e-m+fp/hard\libc_nano.a(libc_a-findfp.o)
                              C:/Program Files (x86)/Arm GNU Toolchain arm-none-eabi/14.3 rel1/bin/../lib/gcc/arm-none-eabi/14.3.1/../../../../arm-none-eabi/lib/thumb/v7e-m+fp/hard\libc_nano.a(libc_a-exit.o) (__stdio_exit_handler)
C:/Program Files (x86)/Arm GNU Toolchain arm-none-eabi/14.3 rel1/bin/../lib/gcc/arm-none-eabi/14.3.1/../../../../arm-none-eabi/lib/thumb/v7e-m+fp/hard\libc_nano.a(libc_a-fwalk.o)
                              C:/Program Files (x86)/Arm GNU Toolchain arm-none-eabi/14.3 rel1/bin/../lib/gcc/arm-none-eabi/14.3.1/../../../../arm-none-eabi/lib/thumb/v7e-m+fp/hard\libc_nano.a(libc_a-findfp.o) (_fwalk_sglue)
C:/Program Files (x86)/Arm GNU Toolchain arm-none-eabi/14.3 rel1/bin/../lib/gcc/arm-none-eabi/14.3.1/../../../../arm-none-eabi/lib/thumb/v7e-m+fp/hard\libc_nano.a(libc_a-printf.o)
                              build/main.o (printf)
C:/Program Files (x86)/Arm GNU Toolchain arm-none-eabi/14.3 rel1/bin/../lib/gcc/arm-none-eabi/14.3.1/../../../../arm-none-eabi/lib/thumb/v7e-m+fp/hard\libc_nano.a(libc_a-stdio.o)
                              C:/Program Files (x86)/Arm GNU Toolchain arm-none-eabi/14.3 rel1/bin/../lib/gcc/arm-none-eabi/14.3.1/../../../../arm-none-eabi/lib/thumb/v7e-m+fp/hard\libc_nano.a(libc_a-findfp.o) (__sread)
C:/Program Files (x86)/Arm GNU Toolchain arm-none-eabi/14.3 rel1/bin/../lib/gcc/arm-none-eabi/14.3.1/../../../../arm-none-eabi/lib/thumb/v7e-m+fp/hard\libc_nano.a(libc_a-memset.o)
                              C:/Program Files (x86)/Arm GNU Toolchain arm-none-eabi/14.3 rel1/bin/../lib/gcc/arm-none-eabi/14.3.1/../../../../arm-none-eabi/lib/thumb/v7e-m+fp/hard/crt0.o (memset)
C:/Program Files (x86)/Arm GNU Toolchain arm-none-eabi/14.3 rel1/bin/../lib/gcc/arm-none-eabi/14.3.1/../../../../arm-none-eabi/lib/thumb/v7e-m+fp/hard\libc_nano.a(libc_a-closer.o)
                              C:/Program Files (x86)/Arm GNU Toolchain arm-none-eabi/14.3 rel1/bin/../lib/gcc/arm-none-eabi/14.3.1/../../../../arm-none-eabi/lib/thumb/v7e-m+fp/hard\libc_nano.a(libc_a-stdio.o) (_close_r)
C:/Program Files (x86)/Arm GNU Toolchain arm-none-eabi/14.3 rel1/bin/../lib/gcc/arm-none-eabi/14.3.1/../../../../arm-none-eabi/lib/thumb/v7e-m+fp/hard\libc_nano.a(libc_a-reent.o)
                              C:/Program Files (x86)/Arm GNU Toolchain arm-none-eabi/14.3 rel1/bin/../lib/gcc/arm-none-eabi/14.3.1/../../../../arm-none-eabi/lib/thumb/v7e-m+fp/hard\libc_nano.a(libc_a-closer.o) (errno)
C:/Program Files (x86)/Arm GNU Toolchain arm-none-eabi/14.3 rel1/bin/../lib/gcc/arm-none-eabi/14.3.1/../../../../arm-none-eabi/lib/thumb/v7e-m+fp/hard\libc_nano.a(libc_a-impure.o)
                              C:/Program Files (x86)/Arm GNU Toolchain arm-none-eabi/14.3 rel1/bin/../lib/gcc/arm-none-eabi/14.3.1/../../../../arm-none-eabi/lib/thumb/v7e-m+fp/hard\libc_nano.a(libc_a-printf.o) (_impure_ptr)
C:/Program Files (x86)/Arm GNU Toolchain arm-none-eabi/14.3 rel1/bin/../lib/gcc/arm-none-eabi/14.3.1/../../../../arm-none-eabi/lib/thumb/v7e-m+fp/hard\libc_nano.a(libc_a-lseekr.o)
                              C:/Program Files (x86)/Arm GNU Toolchain arm-none-eabi/14.3 rel1/bin/../lib/gcc/arm-none-eabi/14.3.1/../../../../arm-none-eabi/lib/thumb/v7e-m+fp/hard\libc_nano.a(libc_a-stdio.o) (_lseek_r)
C:/Program Files (x86)/Arm GNU Toolchain arm-none-eabi/14.3 rel1/bin/../lib/gcc/arm-none-eabi/14.3.1/../../../../arm-none-eabi/lib/thumb/v7e-m+fp/hard\libc_nano.a(libc_a-readr.o)
                              C:/Program Files (x86)/Arm GNU Toolchain arm-none-eabi/14.3 rel1/bin/../lib/gcc/arm-none-eabi/14.3.1/../../../../arm-none-eabi/lib/thumb/v7e-m+fp/hard\libc_nano.a(libc_a-stdio.o) (_read_r)
C:/Program Files (x86)/Arm GNU Toolchain arm-none-eabi/14.3 rel1/bin/../lib/gcc/arm-none-eabi/14.3.1/../../../../arm-none-eabi/lib/thumb/v7e-m+fp/hard\libc_nano.a(libc_a-writer.o)
                              C:/Program Files (x86)/Arm GNU Toolchain arm-none-eabi/14.3 rel1/bin/../lib/gcc/arm-none-eabi/14.3.1/../../../../arm-none-eabi/lib/thumb/v7e-m+fp/hard\libc_nano.a(libc_a-stdio.o) (_write_r)
C:/Program Files (x86)/Arm GNU Toolchain arm-none-eabi/14.3 rel1/bin/../lib/gcc/arm-none-eabi/14.3.1/../../../../arm-none-eabi/lib/thumb/v7e-m+fp/hard\libc_nano.a(libc_a-errno.o)
                              build/sysmem.o (__errno)
[...]
Memory Configuration

Name             Origin             Length             Attributes
FLASH            0x08100000         0x00100000         xr
RAM              0x10000000         0x00048000         xrw
*default*        0x00000000         0xffffffff

Linker script and memory map

LOAD C:/Program Files (x86)/Arm GNU Toolchain arm-none-eabi/14.3 rel1/bin/../lib/gcc/arm-none-eabi/14.3.1/thumb/v7e-m+fp/hard/crti.o
LOAD C:/Program Files (x86)/Arm GNU Toolchain arm-none-eabi/14.3 rel1/bin/../lib/gcc/arm-none-eabi/14.3.1/thumb/v7e-m+fp/hard/crtbegin.o
LOAD C:/Program Files (x86)/Arm GNU Toolchain arm-none-eabi/14.3 rel1/bin/../lib/gcc/arm-none-eabi/14.3.1/../../../../arm-none-eabi/lib/thumb/v7e-m+fp/hard/crt0.o
LOAD build/main.o
LOAD build/stm32h7xx_it.o
LOAD build/stm32h7xx_hal_msp.o
LOAD build/stm32h7xx_nucleo.o
LOAD build/stm32h7xx_hal_tim.o
LOAD build/stm32h7xx_hal_tim_ex.o
LOAD build/stm32h7xx_hal_rcc.o
LOAD build/stm32h7xx_hal_rcc_ex.o
LOAD build/stm32h7xx_hal_flash.o
LOAD build/stm32h7xx_hal_flash_ex.o
LOAD build/stm32h7xx_hal_gpio.o
LOAD build/stm32h7xx_hal_hsem.o
LOAD build/stm32h7xx_hal_dma.o
LOAD build/stm32h7xx_hal_dma_ex.o
LOAD build/stm32h7xx_hal_mdma.o
LOAD build/stm32h7xx_hal_pwr.o
LOAD build/stm32h7xx_hal_pwr_ex.o
LOAD build/stm32h7xx_hal_cortex.o
LOAD build/stm32h7xx_hal.o
LOAD build/stm32h7xx_hal_i2c.o
LOAD build/stm32h7xx_hal_i2c_ex.o
LOAD build/stm32h7xx_hal_exti.o
LOAD build/stm32h7xx_hal_usart.o
LOAD build/stm32h7xx_hal_usart_ex.o
LOAD build/stm32h7xx_hal_uart_ex.o
LOAD build/stm32h7xx_hal_uart.o
LOAD build/system_stm32h7xx_dualcore_boot_cm4_cm7.o
LOAD build/sysmem.o
LOAD build/syscalls.o
LOAD build/startup_stm32h755xx_CM4.o
LOAD C:/Program Files (x86)/Arm GNU Toolchain arm-none-eabi/14.3 rel1/bin/../lib/gcc/arm-none-eabi/14.3.1/../../../../arm-none-eabi/lib/thumb/v7e-m+fp/hard\libc_nano.a
LOAD C:/Program Files (x86)/Arm GNU Toolchain arm-none-eabi/14.3 rel1/bin/../lib/gcc/arm-none-eabi/14.3.1/../../../../arm-none-eabi/lib/thumb/v7e-m+fp/hard\libm.a
LOAD C:/Program Files (x86)/Arm GNU Toolchain arm-none-eabi/14.3 rel1/bin/../lib/gcc/arm-none-eabi/14.3.1/../../../../arm-none-eabi/lib/thumb/v7e-m+fp/hard\libnosys.a
LOAD ../../micro_ros_stm32cubemx_utils/microros_static_library/libmicroros/libmicroros.a
START GROUP
LOAD C:/Program Files (x86)/Arm GNU Toolchain arm-none-eabi/14.3 rel1/bin/../lib/gcc/arm-none-eabi/14.3.1/thumb/v7e-m+fp/hard\libgcc.a
LOAD C:/Program Files (x86)/Arm GNU Toolchain arm-none-eabi/14.3 rel1/bin/../lib/gcc/arm-none-eabi/14.3.1/../../../../arm-none-eabi/lib/thumb/v7e-m+fp/hard\libc_nano.a
END GROUP
START GROUP
LOAD C:/Program Files (x86)/Arm GNU Toolchain arm-none-eabi/14.3 rel1/bin/../lib/gcc/arm-none-eabi/14.3.1/thumb/v7e-m+fp/hard\libgcc.a
LOAD C:/Program Files (x86)/Arm GNU Toolchain arm-none-eabi/14.3 rel1/bin/../lib/gcc/arm-none-eabi/14.3.1/../../../../arm-none-eabi/lib/thumb/v7e-m+fp/hard\libc_nano.a
END GROUP
LOAD C:/Program Files (x86)/Arm GNU Toolchain arm-none-eabi/14.3 rel1/bin/../lib/gcc/arm-none-eabi/14.3.1/thumb/v7e-m+fp/hard/crtend.o
LOAD C:/Program Files (x86)/Arm GNU Toolchain arm-none-eabi/14.3 rel1/bin/../lib/gcc/arm-none-eabi/14.3.1/thumb/v7e-m+fp/hard/crtn.o
                0x10048000                        _estack = 0x10048000
                0x00000200                        _Min_Heap_Size = 0x200
                0x00000400                        _Min_Stack_Size = 0x400

.isr_vector     0x08100000      0x298
                0x08100000                        . = ALIGN (0x4)
 *(.isr_vector)
 .isr_vector    0x08100000      0x298 build/startup_stm32h755xx_CM4.o
                0x08100000                g_pfnVectors
                0x08100298                        . = ALIGN (0x4)

.text           0x081002a0     0x3ff4
                0x081002a0                        . = ALIGN (0x4)
 *(.text)
 .text          0x081002a0       0xa0 C:/Program Files (x86)/Arm GNU Toolchain arm-none-eabi/14.3 rel1/bin/../lib/gcc/arm-none-eabi/14.3.1/../../../../arm-none-eabi/lib/thumb/v7e-m+fp/hard\libc_nano.a(libc_a-memchr.o)
                0x081002a0                memchr
 .text          0x08100340       0x30 C:/Program Files (x86)/Arm GNU Toolchain arm-none-eabi/14.3 rel1/bin/../lib/gcc/arm-none-eabi/14.3.1/thumb/v7e-m+fp/hard\libgcc.a(_aeabi_uldivmod.o)
                0x08100340                __aeabi_uldivmod
 .text          0x08100370        0x4 C:/Program Files (x86)/Arm GNU Toolchain arm-none-eabi/14.3 rel1/bin/../lib/gcc/arm-none-eabi/14.3.1/thumb/v7e-m+fp/hard\libgcc.a(_dvmd_tls.o)
                0x08100370                __aeabi_idiv0
                0x08100370                __aeabi_ldiv0
 *(.text*)
 .text.deregister_tm_clones
                0x08100374       0x1c C:/Program Files (x86)/Arm GNU Toolchain arm-none-eabi/14.3 rel1/bin/../lib/gcc/arm-none-eabi/14.3.1/thumb/v7e-m+fp/hard/crtbegin.o
 .text.register_tm_clones
                0x08100390       0x24 C:/Program Files (x86)/Arm GNU Toolchain arm-none-eabi/14.3 rel1/bin/../lib/gcc/arm-none-eabi/14.3.1/thumb/v7e-m+fp/hard/crtbegin.o
 .text.__do_global_dtors_aux
                0x081003b4       0x28 C:/Program Files (x86)/Arm GNU Toolchain arm-none-eabi/14.3 rel1/bin/../lib/gcc/arm-none-eabi/14.3.1/thumb/v7e-m+fp/hard/crtbegin.o
 .text.frame_dummy
                0x081003dc       0x24 C:/Program Files (x86)/Arm GNU Toolchain arm-none-eabi/14.3 rel1/bin/../lib/gcc/arm-none-eabi/14.3.1/thumb/v7e-m+fp/hard/crtbegin.o
 .text.MX_GPIO_Init
                0x08100400       0xc0 build/main.o
 .text.Error_Handler
                0x081004c0       0x48 build/main.o
                0x081004c0                Error_Handler
 .text.SystemClock_Config
                0x08100508       0xcc build/main.o
 .text.MX_TIM2_Init
                0x081005d4       0x84 build/main.o
 .text.MX_UART4_Init
                0x08100658       0x60 build/main.o
 .text.main     0x081006b8      0x454 build/main.o
                0x081006b8                main
 .text._write   0x08100b0c       0x18 build/main.o
                0x08100b0c                _write
 .text.NMI_Handler
                0x08100b24        0x2 build/stm32h7xx_it.o
                0x08100b24                NMI_Handler
 .text.HardFault_Handler
                0x08100b26        0x2 build/stm32h7xx_it.o
                0x08100b26                HardFault_Handler
 .text.MemManage_Handler
                0x08100b28        0x2 build/stm32h7xx_it.o
                0x08100b28                MemManage_Handler
 .text.BusFault_Handler
                0x08100b2a        0x2 build/stm32h7xx_it.o
                0x08100b2a                BusFault_Handler
 .text.UsageFault_Handler
                0x08100b2c        0x2 build/stm32h7xx_it.o
                0x08100b2c                UsageFault_Handler
 .text.SVC_Handler
                0x08100b2e        0x2 build/stm32h7xx_it.o
                0x08100b2e                SVC_Handler
 .text.DebugMon_Handler
                0x08100b30        0x2 build/stm32h7xx_it.o
                0x08100b30                DebugMon_Handler
 .text.PendSV_Handler
                0x08100b32        0x2 build/stm32h7xx_it.o
                0x08100b32                PendSV_Handler
 .text.SysTick_Handler
                0x08100b34        0x8 build/stm32h7xx_it.o
                0x08100b34                SysTick_Handler
 .text.HAL_MspInit
                0x08100b3c       0x24 build/stm32h7xx_hal_msp.o
                0x08100b3c                HAL_MspInit
 .text.HAL_UART_MspInit
                0x08100b60       0x74 build/stm32h7xx_hal_msp.o
                0x08100b60                HAL_UART_MspInit
 .text.TIM_TI1_ConfigInputStage
                0x08100bd4       0x26 build/stm32h7xx_hal_tim.o
 .text.TIM_TI2_ConfigInputStage
                0x08100bfa       0x28 build/stm32h7xx_hal_tim.o
 *fill*         0x08100c22        0x2 
 .text.TIM_ITRx_SetConfig
                0x08100c24       0x14 build/stm32h7xx_hal_tim.o
 .text.HAL_TIM_Base_MspInit
                0x08100c38        0x2 build/stm32h7xx_hal_tim.o
                0x08100c38                HAL_TIM_Base_MspInit
 *fill*         0x08100c3a        0x2 
 .text.HAL_TIM_Base_Start
                0x08100c3c       0x84 build/stm32h7xx_hal_tim.o
                0x08100c3c                HAL_TIM_Base_Start
 .text.HAL_TIM_GenerateEvent
                0x08100cc0       0x2a build/stm32h7xx_hal_tim.o
                0x08100cc0                HAL_TIM_GenerateEvent
 *fill*         0x08100cea        0x2 
 .text.TIM_Base_SetConfig
                0x08100cec      0x104 build/stm32h7xx_hal_tim.o
                0x08100cec                TIM_Base_SetConfig
 .text.HAL_TIM_Base_Init
                0x08100df0       0x60 build/stm32h7xx_hal_tim.o
                0x08100df0                HAL_TIM_Base_Init
 .text.TIM_ETR_SetConfig
                0x08100e50       0x1a build/stm32h7xx_hal_tim.o
                0x08100e50                TIM_ETR_SetConfig
 *fill*         0x08100e6a        0x2 
 .text.HAL_TIM_ConfigClockSource
                0x08100e6c      0x138 build/stm32h7xx_hal_tim.o
                0x08100e6c                HAL_TIM_ConfigClockSource
 .text.HAL_TIMEx_MasterConfigSynchronization
                0x08100fa4       0xa0 build/stm32h7xx_hal_tim_ex.o
                0x08100fa4                HAL_TIMEx_MasterConfigSynchronization
 .text.HAL_RCC_OscConfig
                0x08101044      0x6b0 build/stm32h7xx_hal_rcc.o
                0x08101044                HAL_RCC_OscConfig
 .text.HAL_RCC_GetSysClockFreq
                0x081016f4      0x1f8 build/stm32h7xx_hal_rcc.o
                0x081016f4                HAL_RCC_GetSysClockFreq
 .text.HAL_RCC_ClockConfig
                0x081018ec      0x290 build/stm32h7xx_hal_rcc.o
                0x081018ec                HAL_RCC_ClockConfig
 .text.HAL_RCC_GetHCLKFreq
                0x08101b7c       0x40 build/stm32h7xx_hal_rcc.o
                0x08101b7c                HAL_RCC_GetHCLKFreq
 .text.HAL_RCC_GetPCLK1Freq
                0x08101bbc       0x24 build/stm32h7xx_hal_rcc.o
                0x08101bbc                HAL_RCC_GetPCLK1Freq
 .text.HAL_RCC_GetPCLK2Freq
                0x08101be0       0x24 build/stm32h7xx_hal_rcc.o
                0x08101be0                HAL_RCC_GetPCLK2Freq
 .text.HAL_RCCEx_GetD3PCLK1Freq
                0x08101c04       0x24 build/stm32h7xx_hal_rcc_ex.o
                0x08101c04                HAL_RCCEx_GetD3PCLK1Freq
 .text.HAL_RCCEx_GetPLL2ClockFreq
                0x08101c28      0x200 build/stm32h7xx_hal_rcc_ex.o
                0x08101c28                HAL_RCCEx_GetPLL2ClockFreq
 .text.HAL_RCCEx_GetPLL3ClockFreq
                0x08101e28      0x200 build/stm32h7xx_hal_rcc_ex.o
                0x08101e28                HAL_RCCEx_GetPLL3ClockFreq
 .text.HAL_GPIO_Init
                0x08102028      0x220 build/stm32h7xx_hal_gpio.o
                0x08102028                HAL_GPIO_Init
 .text.HAL_GPIO_ReadPin
                0x08102248        0xe build/stm32h7xx_hal_gpio.o
                0x08102248                HAL_GPIO_ReadPin
 .text.HAL_GPIO_WritePin
                0x08102256        0xc build/stm32h7xx_hal_gpio.o
                0x08102256                HAL_GPIO_WritePin
 *fill*         0x08102262        0x2 
 .text.HAL_HSEM_FastTake
                0x08102264       0x20 build/stm32h7xx_hal_hsem.o
                0x08102264                HAL_HSEM_FastTake
 .text.HAL_HSEM_Release
                0x08102284       0x10 build/stm32h7xx_hal_hsem.o
                0x08102284                HAL_HSEM_Release
 .text.HAL_PWREx_ConfigSupply
                0x08102294       0x94 build/stm32h7xx_hal_pwr_ex.o
                0x08102294                HAL_PWREx_ConfigSupply
 .text.__NVIC_SetPriority
                0x08102328       0x24 build/stm32h7xx_hal_cortex.o
 .text.NVIC_EncodePriority
                0x0810234c       0x3e build/stm32h7xx_hal_cortex.o
 *fill*         0x0810238a        0x2 
 .text.HAL_NVIC_SetPriorityGrouping
                0x0810238c       0x24 build/stm32h7xx_hal_cortex.o
                0x0810238c                HAL_NVIC_SetPriorityGrouping
 .text.HAL_NVIC_SetPriority
                0x081023b0       0x20 build/stm32h7xx_hal_cortex.o
                0x081023b0                HAL_NVIC_SetPriority
 .text.HAL_SYSTICK_Config
                0x081023d0       0x28 build/stm32h7xx_hal_cortex.o
                0x081023d0                HAL_SYSTICK_Config
 .text.HAL_InitTick
                0x081023f8       0x50 build/stm32h7xx_hal.o
                0x081023f8                HAL_InitTick
 .text.HAL_Init
                0x08102448       0x98 build/stm32h7xx_hal.o
                0x08102448                HAL_Init
 .text.HAL_IncTick
                0x081024e0       0x18 build/stm32h7xx_hal.o
                0x081024e0                HAL_IncTick
 .text.HAL_GetTick
                0x081024f8        0xc build/stm32h7xx_hal.o
                0x081024f8                HAL_GetTick
 .text.HAL_Delay
                0x08102504       0x28 build/stm32h7xx_hal.o
                0x08102504                HAL_Delay
 .text.HAL_GetREVID
                0x0810252c        0xc build/stm32h7xx_hal.o
                0x0810252c                HAL_GetREVID
 .text.UARTEx_SetNbDataToProcess
                0x08102538       0x4c build/stm32h7xx_hal_uart_ex.o
 .text.HAL_UARTEx_DisableFifoMode
                0x08102584       0x3e build/stm32h7xx_hal_uart_ex.o
                0x08102584                HAL_UARTEx_DisableFifoMode
 .text.HAL_UARTEx_SetTxFifoThreshold
                0x081025c2       0x4a build/stm32h7xx_hal_uart_ex.o
                0x081025c2                HAL_UARTEx_SetTxFifoThreshold
 .text.HAL_UARTEx_SetRxFifoThreshold
                0x0810260c       0x4a build/stm32h7xx_hal_uart_ex.o
                0x0810260c                HAL_UARTEx_SetRxFifoThreshold
 *fill*         0x08102656        0x2 
 .text.UART_EndRxTransfer
                0x08102658       0x58 build/stm32h7xx_hal_uart.o
 .text.UART_SetConfig
                0x081026b0      0x5f4 build/stm32h7xx_hal_uart.o
                0x081026b0                UART_SetConfig
 .text.UART_AdvFeatureConfig
                0x08102ca4       0xca build/stm32h7xx_hal_uart.o
                0x08102ca4                UART_AdvFeatureConfig
 .text.UART_WaitOnFlagUntilTimeout
                0x08102d6e       0xa6 build/stm32h7xx_hal_uart.o
                0x08102d6e                UART_WaitOnFlagUntilTimeout
 .text.HAL_UART_Transmit
                0x08102e14       0xd0 build/stm32h7xx_hal_uart.o
                0x08102e14                HAL_UART_Transmit
 .text.UART_CheckIdleState
                0x08102ee4       0xca build/stm32h7xx_hal_uart.o
                0x08102ee4                UART_CheckIdleState
 .text.HAL_UART_Init
                0x08102fae       0x66 build/stm32h7xx_hal_uart.o
                0x08102fae                HAL_UART_Init
 .text.SystemInit
                0x08103014       0x24 build/system_stm32h7xx_dualcore_boot_cm4_cm7.o
                0x08103014                SystemInit
 .text.ExitRun0Mode
                0x08103038       0x1c build/system_stm32h7xx_dualcore_boot_cm4_cm7.o
                0x08103038                ExitRun0Mode
 .text._sbrk    0x08103054       0x48 build/sysmem.o
                0x08103054                _sbrk
 .text._read    0x0810309c       0x20 build/syscalls.o
                0x0810309c                _read
 .text._close   0x081030bc        0x6 build/syscalls.o
                0x081030bc                _close
 .text._fstat   0x081030c2        0xa build/syscalls.o
                0x081030c2                _fstat
 .text._isatty  0x081030cc        0x4 build/syscalls.o
                0x081030cc                _isatty
 .text._lseek   0x081030d0        0x4 build/syscalls.o
                0x081030d0                _lseek
 .text.Reset_Handler
                0x081030d4       0x54 build/startup_stm32h755xx_CM4.o
                0x081030d4                Reset_Handler
 .text.Default_Handler
                0x08103128        0x2 build/startup_stm32h755xx_CM4.o
                0x08103128                RTC_Alarm_IRQHandler
                0x08103128                HASH_RNG_IRQHandler
                0x08103128                EXTI2_IRQHandler
                0x08103128                TIM8_CC_IRQHandler
                0x08103128                HRTIM1_Master_IRQHandler
                0x08103128                UART8_IRQHandler
                0x08103128                SPI4_IRQHandler
                0x08103128                TIM1_CC_IRQHandler
                0x08103128                BDMA_Channel6_IRQHandler
                0x08103128                DMA2_Stream5_IRQHandler
                0x08103128                HRTIM1_FLT_IRQHandler
                0x08103128                JPEG_IRQHandler
                0x08103128                DMA1_Stream5_IRQHandler
                0x08103128                BDMA_Channel1_IRQHandler
                0x08103128                HRTIM1_TIMD_IRQHandler
                0x08103128                TAMP_STAMP_IRQHandler
                0x08103128                EXTI3_IRQHandler
                0x08103128                LPTIM4_IRQHandler
                0x08103128                TIM8_TRG_COM_TIM14_IRQHandler
                0x08103128                LPTIM2_IRQHandler
                0x08103128                DFSDM1_FLT1_IRQHandler
                0x08103128                DMAMUX2_OVR_IRQHandler
                0x08103128                TIM8_UP_TIM13_IRQHandler
                0x08103128                I2C3_ER_IRQHandler
                0x08103128                DFSDM1_FLT2_IRQHandler
                0x08103128                MDMA_IRQHandler
                0x08103128                LPTIM3_IRQHandler
                0x08103128                HSEM1_IRQHandler
                0x08103128                EXTI0_IRQHandler
                0x08103128                I2C2_EV_IRQHandler
                0x08103128                DMA1_Stream2_IRQHandler
                0x08103128                FPU_IRQHandler
                0x08103128                OTG_HS_WKUP_IRQHandler
                0x08103128                FDCAN1_IT1_IRQHandler
                0x08103128                LTDC_ER_IRQHandler
                0x08103128                DMA2_Stream2_IRQHandler
                0x08103128                HRTIM1_TIME_IRQHandler
                0x08103128                SPI1_IRQHandler
                0x08103128                TIM6_DAC_IRQHandler
                0x08103128                DCMI_IRQHandler
                0x08103128                HRTIM1_TIMC_IRQHandler
                0x08103128                DMA2_Stream3_IRQHandler
                0x08103128                SAI2_IRQHandler
                0x08103128                DFSDM1_FLT3_IRQHandler
                0x08103128                USART6_IRQHandler
                0x08103128                TIM17_IRQHandler
                0x08103128                USART3_IRQHandler
                0x08103128                BDMA_Channel7_IRQHandler
                0x08103128                CRYP_IRQHandler
                0x08103128                LPTIM5_IRQHandler
                0x08103128                UART5_IRQHandler
                0x08103128                ADC3_IRQHandler
                0x08103128                DMA2_Stream0_IRQHandler
                0x08103128                TIM4_IRQHandler
                0x08103128                BDMA_Channel2_IRQHandler
                0x08103128                QUADSPI_IRQHandler
                0x08103128                I2C1_EV_IRQHandler
                0x08103128                DMA1_Stream6_IRQHandler
                0x08103128                DMAMUX1_OVR_IRQHandler
                0x08103128                DMA1_Stream1_IRQHandler
                0x08103128                TIM16_IRQHandler
                0x08103128                UART4_IRQHandler
                0x08103128                BDMA_Channel5_IRQHandler
                0x08103128                TIM3_IRQHandler
                0x08103128                RCC_IRQHandler
                0x08103128                TIM8_BRK_TIM12_IRQHandler
                0x08103128                TIM1_TRG_COM_IRQHandler
                0x08103128                Default_Handler
                0x08103128                ECC_IRQHandler
                0x08103128                CEC_IRQHandler
                0x08103128                EXTI15_10_IRQHandler
                0x08103128                BDMA_Channel0_IRQHandler
                0x08103128                ADC_IRQHandler
                0x08103128                DMA1_Stream7_IRQHandler
                0x08103128                HRTIM1_TIMA_IRQHandler
                0x08103128                SPI5_IRQHandler
                0x08103128                TIM7_IRQHandler
                0x08103128                SDMMC1_IRQHandler
                0x08103128                TIM5_IRQHandler
                0x08103128                DMA2_Stream7_IRQHandler
                0x08103128                TIM15_IRQHandler
                0x08103128                PVD_AVD_IRQHandler
                0x08103128                I2C3_EV_IRQHandler
                0x08103128                EXTI9_5_IRQHandler
                0x08103128                RTC_WKUP_IRQHandler
                0x08103128                LTDC_IRQHandler
                0x08103128                SAI3_IRQHandler
                0x08103128                ETH_WKUP_IRQHandler
                0x08103128                SPDIF_RX_IRQHandler
                0x08103128                SPI2_IRQHandler
                0x08103128                OTG_HS_EP1_IN_IRQHandler
                0x08103128                DMA1_Stream0_IRQHandler
                0x08103128                CRS_IRQHandler
                0x08103128                CM7_SEV_IRQHandler
                0x08103128                EXTI4_IRQHandler
                0x08103128                CM4_SEV_IRQHandler
                0x08103128                HRTIM1_TIMB_IRQHandler
                0x08103128                FDCAN2_IT1_IRQHandler
                0x08103128                ETH_IRQHandler
                0x08103128                TIM1_UP_IRQHandler
                0x08103128                WWDG_RST_IRQHandler
                0x08103128                BDMA_Channel4_IRQHandler
                0x08103128                OTG_HS_EP1_OUT_IRQHandler
                0x08103128                WWDG_IRQHandler
                0x08103128                SPI6_IRQHandler
                0x08103128                MDIOS_IRQHandler
                0x08103128                I2C4_EV_IRQHandler
                0x08103128                FDCAN2_IT0_IRQHandler
                0x08103128                LPUART1_IRQHandler
                0x08103128                FDCAN1_IT0_IRQHandler
                0x08103128                TIM2_IRQHandler
                0x08103128                OTG_FS_WKUP_IRQHandler
                0x08103128                OTG_HS_IRQHandler
                0x08103128                HSEM2_IRQHandler
                0x08103128                DMA2D_IRQHandler
                0x08103128                TIM1_BRK_IRQHandler
                0x08103128                EXTI1_IRQHandler
                0x08103128                SDMMC2_IRQHandler
                0x08103128                OTG_FS_EP1_OUT_IRQHandler
                0x08103128                BDMA_Channel3_IRQHandler
                0x08103128                HOLD_CORE_IRQHandler
                0x08103128                UART7_IRQHandler
                0x08103128                MDIOS_WKUP_IRQHandler
                0x08103128                USART2_IRQHandler
                0x08103128                DFSDM1_FLT0_IRQHandler
                0x08103128                SAI4_IRQHandler
                0x08103128                I2C2_ER_IRQHandler
                0x08103128                DMA2_Stream1_IRQHandler
                0x08103128                FLASH_IRQHandler
                0x08103128                DMA2_Stream4_IRQHandler
                0x08103128                USART1_IRQHandler
                0x08103128                OTG_FS_IRQHandler
                0x08103128                SPI3_IRQHandler
                0x08103128                WAKEUP_PIN_IRQHandler
                0x08103128                DMA1_Stream4_IRQHandler
                0x08103128                OTG_FS_EP1_IN_IRQHandler
                0x08103128                I2C1_ER_IRQHandler
                0x08103128                FMC_IRQHandler
                0x08103128                FDCAN_CAL_IRQHandler
                0x08103128                SWPMI1_IRQHandler
                0x08103128                COMP1_IRQHandler
                0x08103128                LPTIM1_IRQHandler
                0x08103128                I2C4_ER_IRQHandler
                0x08103128                DMA2_Stream6_IRQHandler
                0x08103128                SAI1_IRQHandler
                0x08103128                DMA1_Stream3_IRQHandler
 *fill*         0x0810312a        0x2 
 .text.std      0x0810312c       0x6c C:/Program Files (x86)/Arm GNU Toolchain arm-none-eabi/14.3 rel1/bin/../lib/gcc/arm-none-eabi/14.3.1/../../../../arm-none-eabi/lib/thumb/v7e-m+fp/hard\libc_nano.a(libc_a-findfp.o)
 .text.stdio_exit_handler
                0x08103198       0x18 C:/Program Files (x86)/Arm GNU Toolchain arm-none-eabi/14.3 rel1/bin/../lib/gcc/arm-none-eabi/14.3.1/../../../../arm-none-eabi/lib/thumb/v7e-m+fp/hard\libc_nano.a(libc_a-findfp.o)
 .text.cleanup_stdio
                0x081031b0       0x40 C:/Program Files (x86)/Arm GNU Toolchain arm-none-eabi/14.3 rel1/bin/../lib/gcc/arm-none-eabi/14.3.1/../../../../arm-none-eabi/lib/thumb/v7e-m+fp/hard\libc_nano.a(libc_a-findfp.o)
 .text.global_stdio_init.part.0
                0x081031f0       0x40 C:/Program Files (x86)/Arm GNU Toolchain arm-none-eabi/14.3 rel1/bin/../lib/gcc/arm-none-eabi/14.3.1/../../../../arm-none-eabi/lib/thumb/v7e-m+fp/hard\libc_nano.a(libc_a-findfp.o)
 .text.__sfp_lock_acquire
                0x08103230        0xc C:/Program Files (x86)/Arm GNU Toolchain arm-none-eabi/14.3 rel1/bin/../lib/gcc/arm-none-eabi/14.3.1/../../../../arm-none-eabi/lib/thumb/v7e-m+fp/hard\libc_nano.a(libc_a-findfp.o)
                0x08103230                __sfp_lock_acquire
 .text.__sfp_lock_release
                0x0810323c        0xc C:/Program Files (x86)/Arm GNU Toolchain arm-none-eabi/14.3 rel1/bin/../lib/gcc/arm-none-eabi/14.3.1/../../../../arm-none-eabi/lib/thumb/v7e-m+fp/hard\libc_nano.a(libc_a-findfp.o)
                0x0810323c                __sfp_lock_release
 .text.__sinit  0x08103248       0x30 C:/Program Files (x86)/Arm GNU Toolchain arm-none-eabi/14.3 rel1/bin/../lib/gcc/arm-none-eabi/14.3.1/../../../../arm-none-eabi/lib/thumb/v7e-m+fp/hard\libc_nano.a(libc_a-findfp.o)
                0x08103248                __sinit
 .text._fwalk_sglue
                0x08103278       0x3c C:/Program Files (x86)/Arm GNU Toolchain arm-none-eabi/14.3 rel1/bin/../lib/gcc/arm-none-eabi/14.3.1/../../../../arm-none-eabi/lib/thumb/v7e-m+fp/hard\libc_nano.a(libc_a-fwalk.o)
                0x08103278                _fwalk_sglue
 .text.printf   0x081032b4       0x24 C:/Program Files (x86)/Arm GNU Toolchain arm-none-eabi/14.3 rel1/bin/../lib/gcc/arm-none-eabi/14.3.1/../../../../arm-none-eabi/lib/thumb/v7e-m+fp/hard\libc_nano.a(libc_a-printf.o)
                0x081032b4                iprintf
                0x081032b4                printf
 .text.__sread  0x081032d8       0x22 C:/Program Files (x86)/Arm GNU Toolchain arm-none-eabi/14.3 rel1/bin/../lib/gcc/arm-none-eabi/14.3.1/../../../../arm-none-eabi/lib/thumb/v7e-m+fp/hard\libc_nano.a(libc_a-stdio.o)
                0x081032d8                __sread
 .text.__swrite
                0x081032fa       0x38 C:/Program Files (x86)/Arm GNU Toolchain arm-none-eabi/14.3 rel1/bin/../lib/gcc/arm-none-eabi/14.3.1/../../../../arm-none-eabi/lib/thumb/v7e-m+fp/hard\libc_nano.a(libc_a-stdio.o)
                0x081032fa                __swrite
 .text.__sseek  0x08103332       0x26 C:/Program Files (x86)/Arm GNU Toolchain arm-none-eabi/14.3 rel1/bin/../lib/gcc/arm-none-eabi/14.3.1/../../../../arm-none-eabi/lib/thumb/v7e-m+fp/hard\libc_nano.a(libc_a-stdio.o)
                0x08103332                __sseek
 .text.__sclose
                0x08103358        0x8 C:/Program Files (x86)/Arm GNU Toolchain arm-none-eabi/14.3 rel1/bin/../lib/gcc/arm-none-eabi/14.3.1/../../../../arm-none-eabi/lib/thumb/v7e-m+fp/hard\libc_nano.a(libc_a-stdio.o)
                0x08103358                __sclose
 .text.memset   0x08103360       0x10 C:/Program Files (x86)/Arm GNU Toolchain arm-none-eabi/14.3 rel1/bin/../lib/gcc/arm-none-eabi/14.3.1/../../../../arm-none-eabi/lib/thumb/v7e-m+fp/hard\libc_nano.a(libc_a-memset.o)
                0x08103360                memset
 .text._close_r
                0x08103370       0x20 C:/Program Files (x86)/Arm GNU Toolchain arm-none-eabi/14.3 rel1/bin/../lib/gcc/arm-none-eabi/14.3.1/../../../../arm-none-eabi/lib/thumb/v7e-m+fp/hard\libc_nano.a(libc_a-closer.o)
                0x08103370                _close_r
 .text._lseek_r
                0x08103390       0x24 C:/Program Files (x86)/Arm GNU Toolchain arm-none-eabi/14.3 rel1/bin/../lib/gcc/arm-none-eabi/14.3.1/../../../../arm-none-eabi/lib/thumb/v7e-m+fp/hard\libc_nano.a(libc_a-lseekr.o)
                0x08103390                _lseek_r
 .text._read_r  0x081033b4       0x24 C:/Program Files (x86)/Arm GNU Toolchain arm-none-eabi/14.3 rel1/bin/../lib/gcc/arm-none-eabi/14.3.1/../../../../arm-none-eabi/lib/thumb/v7e-m+fp/hard\libc_nano.a(libc_a-readr.o)
                0x081033b4                _read_r
 .text._write_r
                0x081033d8       0x24 C:/Program Files (x86)/Arm GNU Toolchain arm-none-eabi/14.3 rel1/bin/../lib/gcc/arm-none-eabi/14.3.1/../../../../arm-none-eabi/lib/thumb/v7e-m+fp/hard\libc_nano.a(libc_a-writer.o)
                0x081033d8                _write_r
 .text.__errno  0x081033fc        0xc C:/Program Files (x86)/Arm GNU Toolchain arm-none-eabi/14.3 rel1/bin/../lib/gcc/arm-none-eabi/14.3.1/../../../../arm-none-eabi/lib/thumb/v7e-m+fp/hard\libc_nano.a(libc_a-errno.o)
                0x081033fc                __errno
 .text.__libc_init_array
                0x08103408       0x48 C:/Program Files (x86)/Arm GNU Toolchain arm-none-eabi/14.3 rel1/bin/../lib/gcc/arm-none-eabi/14.3.1/../../../../arm-none-eabi/lib/thumb/v7e-m+fp/hard\libc_nano.a(libc_a-init.o)
                0x08103408                __libc_init_array
 .text.__retarget_lock_init_recursive
                0x08103450        0x2 C:/Program Files (x86)/Arm GNU Toolchain arm-none-eabi/14.3 rel1/bin/../lib/gcc/arm-none-eabi/14.3.1/../../../../arm-none-eabi/lib/thumb/v7e-m+fp/hard\libc_nano.a(libc_a-lock.o)
                0x08103450                __retarget_lock_init_recursive
 .text.__retarget_lock_acquire_recursive
                0x08103452        0x2 C:/Program Files (x86)/Arm GNU Toolchain arm-none-eabi/14.3 rel1/bin/../lib/gcc/arm-none-eabi/14.3.1/../../../../arm-none-eabi/lib/thumb/v7e-m+fp/hard\libc_nano.a(libc_a-lock.o)
                0x08103452                __retarget_lock_acquire_recursive
 .text.__retarget_lock_release_recursive
                0x08103454        0x2 C:/Program Files (x86)/Arm GNU Toolchain arm-none-eabi/14.3 rel1/bin/../lib/gcc/arm-none-eabi/14.3.1/../../../../arm-none-eabi/lib/thumb/v7e-m+fp/hard\libc_nano.a(libc_a-lock.o)
                0x08103454                __retarget_lock_release_recursive
 *fill*         0x08103456        0x2 
 .text._free_r  0x08103458       0x94 C:/Program Files (x86)/Arm GNU Toolchain arm-none-eabi/14.3 rel1/bin/../lib/gcc/arm-none-eabi/14.3.1/../../../../arm-none-eabi/lib/thumb/v7e-m+fp/hard\libc_nano.a(libc_a-freer.o)
                0x08103458                _free_r
 .text.sbrk_aligned
                0x081034ec       0x44 C:/Program Files (x86)/Arm GNU Toolchain arm-none-eabi/14.3 rel1/bin/../lib/gcc/arm-none-eabi/14.3.1/../../../../arm-none-eabi/lib/thumb/v7e-m+fp/hard\libc_nano.a(libc_a-mallocr.o)
 .text._malloc_r
                0x08103530      0x100 C:/Program Files (x86)/Arm GNU Toolchain arm-none-eabi/14.3 rel1/bin/../lib/gcc/arm-none-eabi/14.3.1/../../../../arm-none-eabi/lib/thumb/v7e-m+fp/hard\libc_nano.a(libc_a-mallocr.o)
                0x08103530                _malloc_r
 .text.__malloc_lock
                0x08103630        0xc C:/Program Files (x86)/Arm GNU Toolchain arm-none-eabi/14.3 rel1/bin/../lib/gcc/arm-none-eabi/14.3.1/../../../../arm-none-eabi/lib/thumb/v7e-m+fp/hard\libc_nano.a(libc_a-mlock.o)
                0x08103630                __malloc_lock
 .text.__malloc_unlock
                0x0810363c        0xc C:/Program Files (x86)/Arm GNU Toolchain arm-none-eabi/14.3 rel1/bin/../lib/gcc/arm-none-eabi/14.3.1/../../../../arm-none-eabi/lib/thumb/v7e-m+fp/hard\libc_nano.a(libc_a-mlock.o)
                0x0810363c                __malloc_unlock
 .text.__sfputc_r
                0x08103648       0x2e C:/Program Files (x86)/Arm GNU Toolchain arm-none-eabi/14.3 rel1/bin/../lib/gcc/arm-none-eabi/14.3.1/../../../../arm-none-eabi/lib/thumb/v7e-m+fp/hard\libc_nano.a(libc_a-nano-vfprintf.o)
 .text.__sfputs_r
                0x08103676       0x24 C:/Program Files (x86)/Arm GNU Toolchain arm-none-eabi/14.3 rel1/bin/../lib/gcc/arm-none-eabi/14.3.1/../../../../arm-none-eabi/lib/thumb/v7e-m+fp/hard\libc_nano.a(libc_a-nano-vfprintf.o)
                0x08103676                __sfputs_r
 *fill*         0x0810369a        0x2 
 .text._vfprintf_r
                0x0810369c      0x228 C:/Program Files (x86)/Arm GNU Toolchain arm-none-eabi/14.3 rel1/bin/../lib/gcc/arm-none-eabi/14.3.1/../../../../arm-none-eabi/lib/thumb/v7e-m+fp/hard\libc_nano.a(libc_a-nano-vfprintf.o)
                0x0810369c                _vfprintf_r
                0x0810369c                _vfiprintf_r
 .text._printf_common
                0x081038c4       0xda C:/Program Files (x86)/Arm GNU Toolchain arm-none-eabi/14.3 rel1/bin/../lib/gcc/arm-none-eabi/14.3.1/../../../../arm-none-eabi/lib/thumb/v7e-m+fp/hard\libc_nano.a(libc_a-nano-vfprintf_i.o)
                0x081038c4                _printf_common
 *fill*         0x0810399e        0x2 
 .text._printf_i
                0x081039a0      0x24c C:/Program Files (x86)/Arm GNU Toolchain arm-none-eabi/14.3 rel1/bin/../lib/gcc/arm-none-eabi/14.3.1/../../../../arm-none-eabi/lib/thumb/v7e-m+fp/hard\libc_nano.a(libc_a-nano-vfprintf_i.o)
                0x081039a0                _printf_i
 .text.__sflush_r
                0x08103bec      0x104 C:/Program Files (x86)/Arm GNU Toolchain arm-none-eabi/14.3 rel1/bin/../lib/gcc/arm-none-eabi/14.3.1/../../../../arm-none-eabi/lib/thumb/v7e-m+fp/hard\libc_nano.a(libc_a-fflush.o)
                0x08103bec                __sflush_r
 .text._fflush_r
                0x08103cf0       0x50 C:/Program Files (x86)/Arm GNU Toolchain arm-none-eabi/14.3 rel1/bin/../lib/gcc/arm-none-eabi/14.3.1/../../../../arm-none-eabi/lib/thumb/v7e-m+fp/hard\libc_nano.a(libc_a-fflush.o)
                0x08103cf0                _fflush_r
 .text.__swbuf_r
                0x08103d40       0x7c C:/Program Files (x86)/Arm GNU Toolchain arm-none-eabi/14.3 rel1/bin/../lib/gcc/arm-none-eabi/14.3.1/../../../../arm-none-eabi/lib/thumb/v7e-m+fp/hard\libc_nano.a(libc_a-wbuf.o)
                0x08103d40                __swbuf_r
 .text.__swsetup_r
                0x08103dbc       0xa8 C:/Program Files (x86)/Arm GNU Toolchain arm-none-eabi/14.3 rel1/bin/../lib/gcc/arm-none-eabi/14.3.1/../../../../arm-none-eabi/lib/thumb/v7e-m+fp/hard\libc_nano.a(libc_a-wsetup.o)
                0x08103dbc                __swsetup_r
 .text._sbrk_r  0x08103e64       0x20 C:/Program Files (x86)/Arm GNU Toolchain arm-none-eabi/14.3 rel1/bin/../lib/gcc/arm-none-eabi/14.3.1/../../../../arm-none-eabi/lib/thumb/v7e-m+fp/hard\libc_nano.a(libc_a-sbrkr.o)
                0x08103e64                _sbrk_r
 .text.__swhatbuf_r
                0x08103e84       0x48 C:/Program Files (x86)/Arm GNU Toolchain arm-none-eabi/14.3 rel1/bin/../lib/gcc/arm-none-eabi/14.3.1/../../../../arm-none-eabi/lib/thumb/v7e-m+fp/hard\libc_nano.a(libc_a-makebuf.o)
                0x08103e84                __swhatbuf_r
 .text.__smakebuf_r
                0x08103ecc       0x72 C:/Program Files (x86)/Arm GNU Toolchain arm-none-eabi/14.3 rel1/bin/../lib/gcc/arm-none-eabi/14.3.1/../../../../arm-none-eabi/lib/thumb/v7e-m+fp/hard\libc_nano.a(libc_a-makebuf.o)
                0x08103ecc                __smakebuf_r
 *fill*         0x08103f3e        0x2 
 .text._fstat_r
                0x08103f40       0x24 C:/Program Files (x86)/Arm GNU Toolchain arm-none-eabi/14.3 rel1/bin/../lib/gcc/arm-none-eabi/14.3.1/../../../../arm-none-eabi/lib/thumb/v7e-m+fp/hard\libc_nano.a(libc_a-fstatr.o)
                0x08103f40                _fstat_r
 .text._isatty_r
                0x08103f64       0x20 C:/Program Files (x86)/Arm GNU Toolchain arm-none-eabi/14.3 rel1/bin/../lib/gcc/arm-none-eabi/14.3.1/../../../../arm-none-eabi/lib/thumb/v7e-m+fp/hard\libc_nano.a(libc_a-isattyr.o)
                0x08103f64                _isatty_r
 .text.__udivmoddi4
                0x08103f84      0x2f8 C:/Program Files (x86)/Arm GNU Toolchain arm-none-eabi/14.3 rel1/bin/../lib/gcc/arm-none-eabi/14.3.1/thumb/v7e-m+fp/hard\libgcc.a(_udivmoddi4.o)
                0x08103f84                __udivmoddi4
 *(.glue_7)
 .glue_7        0x0810427c        0x0 linker stubs
 *(.glue_7t)
 .glue_7t       0x0810427c        0x0 linker stubs
 *(.eh_frame)
 .eh_frame      0x0810427c        0x0 C:/Program Files (x86)/Arm GNU Toolchain arm-none-eabi/14.3 rel1/bin/../lib/gcc/arm-none-eabi/14.3.1/thumb/v7e-m+fp/hard/crtbegin.o
 *(.init)
 .init          0x0810427c        0x4 C:/Program Files (x86)/Arm GNU Toolchain arm-none-eabi/14.3 rel1/bin/../lib/gcc/arm-none-eabi/14.3.1/thumb/v7e-m+fp/hard/crti.o
                0x0810427c                _init
 .init          0x08104280        0x8 C:/Program Files (x86)/Arm GNU Toolchain arm-none-eabi/14.3 rel1/bin/../lib/gcc/arm-none-eabi/14.3.1/thumb/v7e-m+fp/hard/crtn.o
 *(.fini)
 .fini          0x08104288        0x4 C:/Program Files (x86)/Arm GNU Toolchain arm-none-eabi/14.3 rel1/bin/../lib/gcc/arm-none-eabi/14.3.1/thumb/v7e-m+fp/hard/crti.o
                0x08104288                _fini
 .fini          0x0810428c        0x8 C:/Program Files (x86)/Arm GNU Toolchain arm-none-eabi/14.3 rel1/bin/../lib/gcc/arm-none-eabi/14.3.1/thumb/v7e-m+fp/hard/crtn.o
                0x08104294                        . = ALIGN (0x4)
                0x08104294                        _etext = .

.vfp11_veneer   0x08104294        0x0
 .vfp11_veneer  0x08104294        0x0 linker stubs

.v4_bx          0x08104294        0x0
 .v4_bx         0x08104294        0x0 linker stubs

.iplt           0x08104294        0x0
 .iplt          0x08104294        0x0 C:/Program Files (x86)/Arm GNU Toolchain arm-none-eabi/14.3 rel1/bin/../lib/gcc/arm-none-eabi/14.3.1/thumb/v7e-m+fp/hard/crtbegin.o

.rodata         0x08104294       0x88
                0x08104294                        . = ALIGN (0x4)
 *(.rodata)
 *(.rodata*)
 .rodata.main.str1.4
                0x08104294       0x1a build/main.o
 *fill*         0x081042ae        0x2 
 .rodata.denominator.0
                0x081042b0        0x8 build/stm32h7xx_hal_uart_ex.o
 .rodata.numerator.1
                0x081042b8        0x8 build/stm32h7xx_hal_uart_ex.o
 .rodata.UARTPrescTable
                0x081042c0       0x18 build/stm32h7xx_hal_uart.o
                0x081042c0                UARTPrescTable
 .rodata.D1CorePrescTable
                0x081042d8       0x10 build/system_stm32h7xx_dualcore_boot_cm4_cm7.o
                0x081042d8                D1CorePrescTable
 .rodata._vfprintf_r.str1.1
                0x081042e8       0x33 C:/Program Files (x86)/Arm GNU Toolchain arm-none-eabi/14.3 rel1/bin/../lib/gcc/arm-none-eabi/14.3.1/../../../../arm-none-eabi/lib/thumb/v7e-m+fp/hard\libc_nano.a(libc_a-nano-vfprintf.o)
                                 0x11 (size before relaxing)
 .rodata._printf_i.str1.1
                0x0810431b       0x22 C:/Program Files (x86)/Arm GNU Toolchain arm-none-eabi/14.3 rel1/bin/../lib/gcc/arm-none-eabi/14.3.1/../../../../arm-none-eabi/lib/thumb/v7e-m+fp/hard\libc_nano.a(libc_a-nano-vfprintf_i.o)
                0x08104340                        . = ALIGN (0x4)
 *fill*         0x0810431b        0x1 

.ARM.extab
 *(.ARM.extab* .gnu.linkonce.armextab.*)

.ARM            0x0810431c        0x8
                0x0810431c                        __exidx_start = .
 *(.ARM.exidx*)
 .ARM.exidx     0x0810431c        0x8 C:/Program Files (x86)/Arm GNU Toolchain arm-none-eabi/14.3 rel1/bin/../lib/gcc/arm-none-eabi/14.3.1/../../../../arm-none-eabi/lib/thumb/v7e-m+fp/hard\libc_nano.a(libc_a-memchr.o)
 .ARM.exidx.text.__udivmoddi4
                0x08104324        0x0 C:/Program Files (x86)/Arm GNU Toolchain arm-none-eabi/14.3 rel1/bin/../lib/gcc/arm-none-eabi/14.3.1/thumb/v7e-m+fp/hard\libgcc.a(_udivmoddi4.o)
                                  0x8 (size before relaxing)
                0x08104324                        __exidx_end = .

.preinit_array  0x08104324        0x0
                0x08104324                        PROVIDE (__preinit_array_start = .)
 *(.preinit_array*)
                0x08104324                        PROVIDE (__preinit_array_end = .)

.init_array     0x08104324        0x4
                0x08104324                        PROVIDE (__init_array_start = .)
 *(SORT_BY_NAME(.init_array.*))
 *(.init_array*)
 .init_array    0x08104324        0x4 C:/Program Files (x86)/Arm GNU Toolchain arm-none-eabi/14.3 rel1/bin/../lib/gcc/arm-none-eabi/14.3.1/thumb/v7e-m+fp/hard/crtbegin.o
                0x08104328                        PROVIDE (__init_array_end = .)

.fini_array     0x08104328        0x4
                [!provide]                        PROVIDE (__fini_array_start = .)
 *(SORT_BY_NAME(.fini_array.*))
 *(.fini_array*)
 .fini_array    0x08104328        0x4 C:/Program Files (x86)/Arm GNU Toolchain arm-none-eabi/14.3 rel1/bin/../lib/gcc/arm-none-eabi/14.3.1/thumb/v7e-m+fp/hard/crtbegin.o
                [!provide]                        PROVIDE (__fini_array_end = .)
                0x0810432c                        _sidata = LOADADDR (.data)

.rel.dyn        0x0810432c        0x0
 .rel.iplt      0x0810432c        0x0 C:/Program Files (x86)/Arm GNU Toolchain arm-none-eabi/14.3 rel1/bin/../lib/gcc/arm-none-eabi/14.3.1/thumb/v7e-m+fp/hard/crtbegin.o

.data           0x10000000       0x6c load address 0x0810432c
                0x10000000                        . = ALIGN (0x4)
                0x10000000                        _sdata = .
 *(.data)
 *(.data*)
 .data.uwTickFreq
                0x10000000        0x1 build/stm32h7xx_hal.o
                0x10000000                uwTickFreq
 *fill*         0x10000001        0x3 
 .data.uwTickPrio
                0x10000004        0x4 build/stm32h7xx_hal.o
                0x10000004                uwTickPrio
 .data.SystemD2Clock
                0x10000008        0x4 build/system_stm32h7xx_dualcore_boot_cm4_cm7.o
                0x10000008                SystemD2Clock
 .data.SystemCoreClock
                0x1000000c        0x4 build/system_stm32h7xx_dualcore_boot_cm4_cm7.o
                0x1000000c                SystemCoreClock
 .data.__sglue  0x10000010        0xc C:/Program Files (x86)/Arm GNU Toolchain arm-none-eabi/14.3 rel1/bin/../lib/gcc/arm-none-eabi/14.3.1/../../../../arm-none-eabi/lib/thumb/v7e-m+fp/hard\libc_nano.a(libc_a-findfp.o)
                0x10000010                __sglue
 .data._impure_ptr
                0x1000001c        0x4 C:/Program Files (x86)/Arm GNU Toolchain arm-none-eabi/14.3 rel1/bin/../lib/gcc/arm-none-eabi/14.3.1/../../../../arm-none-eabi/lib/thumb/v7e-m+fp/hard\libc_nano.a(libc_a-impure.o)
                0x1000001c                _impure_ptr
 .data._impure_data
                0x10000020       0x4c C:/Program Files (x86)/Arm GNU Toolchain arm-none-eabi/14.3 rel1/bin/../lib/gcc/arm-none-eabi/14.3.1/../../../../arm-none-eabi/lib/thumb/v7e-m+fp/hard\libc_nano.a(libc_a-impure.o)
                0x10000020                _impure_data
                0x1000006c                        . = ALIGN (0x4)

.tm_clone_table
                0x1000006c        0x0 load address 0x08104398
 .tm_clone_table
                0x1000006c        0x0 C:/Program Files (x86)/Arm GNU Toolchain arm-none-eabi/14.3 rel1/bin/../lib/gcc/arm-none-eabi/14.3.1/thumb/v7e-m+fp/hard/crtbegin.o
 .tm_clone_table
                0x1000006c        0x0 C:/Program Files (x86)/Arm GNU Toolchain arm-none-eabi/14.3 rel1/bin/../lib/gcc/arm-none-eabi/14.3.1/thumb/v7e-m+fp/hard/crtend.o

.igot.plt       0x1000006c        0x0 load address 0x08104398
 .igot.plt      0x1000006c        0x0 C:/Program Files (x86)/Arm GNU Toolchain arm-none-eabi/14.3 rel1/bin/../lib/gcc/arm-none-eabi/14.3.1/thumb/v7e-m+fp/hard/crtbegin.o

.tdata          0x1000006c        0x0 load address 0x08104398
 *(.tdata .tdata.* .gnu.linkonce.td.*)
                0x1000006c                        . = ALIGN (0x4)
                0x1000006c                        _edata = .
                [!provide]                        PROVIDE (__data_end = .)
                [!provide]                        PROVIDE (__tdata_end = .)
                [!provide]                        PROVIDE (__tdata_start = ADDR (.tdata))
                [!provide]                        PROVIDE (__tdata_size = (__tdata_end - __tdata_start))
                [!provide]                        PROVIDE (__data_start = ADDR (.data))
                [!provide]                        PROVIDE (__data_size = (__data_end - __data_start))
                [!provide]                        PROVIDE (__tdata_source = LOADADDR (.tdata))
                [!provide]                        PROVIDE (__tdata_source_end = (LOADADDR (.tdata) + SIZEOF (.tdata)))
                [!provide]                        PROVIDE (__tdata_source_size = (__tdata_source_end - __tdata_source))
                [!provide]                        PROVIDE (__data_source = LOADADDR (.data))
                [!provide]                        PROVIDE (__data_source_end = __tdata_source_end)
                [!provide]                        PROVIDE (__data_source_size = (__data_source_end - __data_source))

.tbss           0x1000006c        0x0 load address 0x08104398
                0x1000006c                        _sbss = .
                0x1000006c                        __bss_start__ = _sbss
 *(.tbss .tbss.*)
                0x1000006c                        . = ALIGN (0x4)
                [!provide]                        PROVIDE (__tbss_end = .)
                [!provide]                        PROVIDE (__tbss_start = ADDR (.tbss))
                [!provide]                        PROVIDE (__tbss_size = (__tbss_end - __tbss_start))
                [!provide]                        PROVIDE (__tbss_offset = (ADDR (.tbss) - ADDR (.tdata)))
                [!provide]                        PROVIDE (__tls_base = __tdata_start)
                [!provide]                        PROVIDE (__tls_end = __tbss_end)
                [!provide]                        PROVIDE (__tls_size = (__tls_end - __tls_base))
                [!provide]                        PROVIDE (__tls_align = MAX (ALIGNOF (.tdata), ALIGNOF (.tbss)))
                [!provide]                        PROVIDE (__tls_size_align = (((__tls_size + __tls_align) - 0x1) & ~ ((__tls_align - 0x1))))
                [!provide]                        PROVIDE (__arm32_tls_tcb_offset = MAX (0x8, __tls_align))
                [!provide]                        PROVIDE (__arm64_tls_tcb_offset = MAX (0x10, __tls_align))

.bss            0x1000006c      0x250 load address 0x08104398
 *(.bss)
 *(.bss*)
 .bss.completed.1
                0x1000006c        0x1 C:/Program Files (x86)/Arm GNU Toolchain arm-none-eabi/14.3 rel1/bin/../lib/gcc/arm-none-eabi/14.3.1/thumb/v7e-m+fp/hard/crtbegin.o
 *fill*         0x1000006d        0x3 
 .bss.object.0  0x10000070       0x18 C:/Program Files (x86)/Arm GNU Toolchain arm-none-eabi/14.3 rel1/bin/../lib/gcc/arm-none-eabi/14.3.1/thumb/v7e-m+fp/hard/crtbegin.o
 .bss.huart4    0x10000088       0x94 build/main.o
                0x10000088                huart4
 .bss.htim2     0x1000011c       0x4c build/main.o
                0x1000011c                htim2
 .bss.uwTick    0x10000168        0x4 build/stm32h7xx_hal.o
                0x10000168                uwTick
 .bss.__sbrk_heap_end
                0x1000016c        0x4 build/sysmem.o
 .bss.__sf      0x10000170      0x138 C:/Program Files (x86)/Arm GNU Toolchain arm-none-eabi/14.3 rel1/bin/../lib/gcc/arm-none-eabi/14.3.1/../../../../arm-none-eabi/lib/thumb/v7e-m+fp/hard\libc_nano.a(libc_a-findfp.o)
                0x10000170                __sf
 .bss.__stdio_exit_handler
                0x100002a8        0x4 C:/Program Files (x86)/Arm GNU Toolchain arm-none-eabi/14.3 rel1/bin/../lib/gcc/arm-none-eabi/14.3.1/../../../../arm-none-eabi/lib/thumb/v7e-m+fp/hard\libc_nano.a(libc_a-findfp.o)
                0x100002a8                __stdio_exit_handler
 .bss.errno     0x100002ac        0x4 C:/Program Files (x86)/Arm GNU Toolchain arm-none-eabi/14.3 rel1/bin/../lib/gcc/arm-none-eabi/14.3.1/../../../../arm-none-eabi/lib/thumb/v7e-m+fp/hard\libc_nano.a(libc_a-reent.o)
                0x100002ac                errno
 .bss.__lock___malloc_recursive_mutex
                0x100002b0        0x1 C:/Program Files (x86)/Arm GNU Toolchain arm-none-eabi/14.3 rel1/bin/../lib/gcc/arm-none-eabi/14.3.1/../../../../arm-none-eabi/lib/thumb/v7e-m+fp/hard\libc_nano.a(libc_a-lock.o)
                0x100002b0                __lock___malloc_recursive_mutex
 .bss.__lock___sfp_recursive_mutex
                0x100002b1        0x1 C:/Program Files (x86)/Arm GNU Toolchain arm-none-eabi/14.3 rel1/bin/../lib/gcc/arm-none-eabi/14.3.1/../../../../arm-none-eabi/lib/thumb/v7e-m+fp/hard\libc_nano.a(libc_a-lock.o)
                0x100002b1                __lock___sfp_recursive_mutex
 *fill*         0x100002b2        0x2 
 .bss.__malloc_sbrk_start
                0x100002b4        0x4 C:/Program Files (x86)/Arm GNU Toolchain arm-none-eabi/14.3 rel1/bin/../lib/gcc/arm-none-eabi/14.3.1/../../../../arm-none-eabi/lib/thumb/v7e-m+fp/hard\libc_nano.a(libc_a-mallocr.o)
                0x100002b4                __malloc_sbrk_start
 .bss.__malloc_free_list
                0x100002b8        0x4 C:/Program Files (x86)/Arm GNU Toolchain arm-none-eabi/14.3 rel1/bin/../lib/gcc/arm-none-eabi/14.3.1/../../../../arm-none-eabi/lib/thumb/v7e-m+fp/hard\libc_nano.a(libc_a-mallocr.o)
                0x100002b8                __malloc_free_list
 *(COMMON)
                0x100002bc                        . = ALIGN (0x4)
                0x100002bc                        _ebss = .
                0x100002bc                        __bss_end__ = _ebss
                [!provide]                        PROVIDE (__bss_end = .)
                [!provide]                        PROVIDE (__non_tls_bss_start = ADDR (.bss))
                [!provide]                        PROVIDE (__bss_start = __tbss_start)
                [!provide]                        PROVIDE (__bss_size = (__bss_end - __bss_start))

._user_heap_stack
                0x100002bc      0x604 load address 0x08104398
                0x100002c0                        . = ALIGN (0x8)
 *fill*         0x100002bc        0x4 
                [!provide]                        PROVIDE (end = .)
                0x100002c0                        PROVIDE (_end = .)
                0x100004c0                        . = (. + _Min_Heap_Size)
 *fill*         0x100002c0      0x200 
                0x100008c0                        . = (. + _Min_Stack_Size)
 *fill*         0x100004c0      0x400 
                0x100008c0                        . = ALIGN (0x8)

/DISCARD/
 libc.a:*(*)
 libm.a:*(*)
 libgcc.a:*(*)

.ARM.attributes
                0x00000000       0x30
 *(.ARM.attributes)
 .ARM.attributes
                0x00000000       0x22 C:/Program Files (x86)/Arm GNU Toolchain arm-none-eabi/14.3 rel1/bin/../lib/gcc/arm-none-eabi/14.3.1/thumb/v7e-m+fp/hard/crti.o
 .ARM.attributes
                0x00000022       0x34 C:/Program Files (x86)/Arm GNU Toolchain arm-none-eabi/14.3 rel1/bin/../lib/gcc/arm-none-eabi/14.3.1/thumb/v7e-m+fp/hard/crtbegin.o
 .ARM.attributes
                0x00000056       0x34 build/main.o
 .ARM.attributes
                0x0000008a       0x34 build/stm32h7xx_it.o
 .ARM.attributes
                0x000000be       0x34 build/stm32h7xx_hal_msp.o
 .ARM.attributes
                0x000000f2       0x34 build/stm32h7xx_hal_tim.o
 .ARM.attributes
                0x00000126       0x34 build/stm32h7xx_hal_tim_ex.o
 .ARM.attributes
                0x0000015a       0x34 build/stm32h7xx_hal_rcc.o
 .ARM.attributes
                0x0000018e       0x34 build/stm32h7xx_hal_rcc_ex.o
 .ARM.attributes
                0x000001c2       0x34 build/stm32h7xx_hal_gpio.o
 .ARM.attributes
                0x000001f6       0x34 build/stm32h7xx_hal_hsem.o
 .ARM.attributes
                0x0000022a       0x34 build/stm32h7xx_hal_pwr_ex.o
 .ARM.attributes
                0x0000025e       0x34 build/stm32h7xx_hal_cortex.o
 .ARM.attributes
                0x00000292       0x34 build/stm32h7xx_hal.o
 .ARM.attributes
                0x000002c6       0x34 build/stm32h7xx_hal_uart_ex.o
 .ARM.attributes
                0x000002fa       0x34 build/stm32h7xx_hal_uart.o
 .ARM.attributes
                0x0000032e       0x34 build/system_stm32h7xx_dualcore_boot_cm4_cm7.o
 .ARM.attributes
                0x00000362       0x34 build/sysmem.o
 .ARM.attributes
                0x00000396       0x34 build/syscalls.o
 .ARM.attributes
                0x000003ca       0x21 build/startup_stm32h755xx_CM4.o
 .ARM.attributes
                0x000003eb       0x34 C:/Program Files (x86)/Arm GNU Toolchain arm-none-eabi/14.3 rel1/bin/../lib/gcc/arm-none-eabi/14.3.1/../../../../arm-none-eabi/lib/thumb/v7e-m+fp/hard\libc_nano.a(libc_a-findfp.o)
 .ARM.attributes
                0x0000041f       0x34 C:/Program Files (x86)/Arm GNU Toolchain arm-none-eabi/14.3 rel1/bin/../lib/gcc/arm-none-eabi/14.3.1/../../../../arm-none-eabi/lib/thumb/v7e-m+fp/hard\libc_nano.a(libc_a-fwalk.o)
 .ARM.attributes
                0x00000453       0x34 C:/Program Files (x86)/Arm GNU Toolchain arm-none-eabi/14.3 rel1/bin/../lib/gcc/arm-none-eabi/14.3.1/../../../../arm-none-eabi/lib/thumb/v7e-m+fp/hard\libc_nano.a(libc_a-printf.o)
 .ARM.attributes
                0x00000487       0x34 C:/Program Files (x86)/Arm GNU Toolchain arm-none-eabi/14.3 rel1/bin/../lib/gcc/arm-none-eabi/14.3.1/../../../../arm-none-eabi/lib/thumb/v7e-m+fp/hard\libc_nano.a(libc_a-stdio.o)
 .ARM.attributes
                0x000004bb       0x34 C:/Program Files (x86)/Arm GNU Toolchain arm-none-eabi/14.3 rel1/bin/../lib/gcc/arm-none-eabi/14.3.1/../../../../arm-none-eabi/lib/thumb/v7e-m+fp/hard\libc_nano.a(libc_a-memset.o)
 .ARM.attributes
                0x000004ef       0x34 C:/Program Files (x86)/Arm GNU Toolchain arm-none-eabi/14.3 rel1/bin/../lib/gcc/arm-none-eabi/14.3.1/../../../../arm-none-eabi/lib/thumb/v7e-m+fp/hard\libc_nano.a(libc_a-closer.o)
 .ARM.attributes
                0x00000523       0x34 C:/Program Files (x86)/Arm GNU Toolchain arm-none-eabi/14.3 rel1/bin/../lib/gcc/arm-none-eabi/14.3.1/../../../../arm-none-eabi/lib/thumb/v7e-m+fp/hard\libc_nano.a(libc_a-reent.o)
 .ARM.attributes
                0x00000557       0x34 C:/Program Files (x86)/Arm GNU Toolchain arm-none-eabi/14.3 rel1/bin/../lib/gcc/arm-none-eabi/14.3.1/../../../../arm-none-eabi/lib/thumb/v7e-m+fp/hard\libc_nano.a(libc_a-impure.o)
 .ARM.attributes
                0x0000058b       0x34 C:/Program Files (x86)/Arm GNU Toolchain arm-none-eabi/14.3 rel1/bin/../lib/gcc/arm-none-eabi/14.3.1/../../../../arm-none-eabi/lib/thumb/v7e-m+fp/hard\libc_nano.a(libc_a-lseekr.o)
 .ARM.attributes
                0x000005bf       0x34 C:/Program Files (x86)/Arm GNU Toolchain arm-none-eabi/14.3 rel1/bin/../lib/gcc/arm-none-eabi/14.3.1/../../../../arm-none-eabi/lib/thumb/v7e-m+fp/hard\libc_nano.a(libc_a-readr.o)
 .ARM.attributes
                0x000005f3       0x34 C:/Program Files (x86)/Arm GNU Toolchain arm-none-eabi/14.3 rel1/bin/../lib/gcc/arm-none-eabi/14.3.1/../../../../arm-none-eabi/lib/thumb/v7e-m+fp/hard\libc_nano.a(libc_a-writer.o)
 .ARM.attributes
                0x00000627       0x34 C:/Program Files (x86)/Arm GNU Toolchain arm-none-eabi/14.3 rel1/bin/../lib/gcc/arm-none-eabi/14.3.1/../../../../arm-none-eabi/lib/thumb/v7e-m+fp/hard\libc_nano.a(libc_a-errno.o)
 .ARM.attributes
                0x0000065b       0x34 C:/Program Files (x86)/Arm GNU Toolchain arm-none-eabi/14.3 rel1/bin/../lib/gcc/arm-none-eabi/14.3.1/../../../../arm-none-eabi/lib/thumb/v7e-m+fp/hard\libc_nano.a(libc_a-init.o)
 .ARM.attributes
                0x0000068f       0x34 C:/Program Files (x86)/Arm GNU Toolchain arm-none-eabi/14.3 rel1/bin/../lib/gcc/arm-none-eabi/14.3.1/../../../../arm-none-eabi/lib/thumb/v7e-m+fp/hard\libc_nano.a(libc_a-lock.o)
 .ARM.attributes
                0x000006c3       0x34 C:/Program Files (x86)/Arm GNU Toolchain arm-none-eabi/14.3 rel1/bin/../lib/gcc/arm-none-eabi/14.3.1/../../../../arm-none-eabi/lib/thumb/v7e-m+fp/hard\libc_nano.a(libc_a-freer.o)
 .ARM.attributes
                0x000006f7       0x34 C:/Program Files (x86)/Arm GNU Toolchain arm-none-eabi/14.3 rel1/bin/../lib/gcc/arm-none-eabi/14.3.1/../../../../arm-none-eabi/lib/thumb/v7e-m+fp/hard\libc_nano.a(libc_a-mallocr.o)
 .ARM.attributes
                0x0000072b       0x34 C:/Program Files (x86)/Arm GNU Toolchain arm-none-eabi/14.3 rel1/bin/../lib/gcc/arm-none-eabi/14.3.1/../../../../arm-none-eabi/lib/thumb/v7e-m+fp/hard\libc_nano.a(libc_a-mlock.o)
 .ARM.attributes
                0x0000075f       0x34 C:/Program Files (x86)/Arm GNU Toolchain arm-none-eabi/14.3 rel1/bin/../lib/gcc/arm-none-eabi/14.3.1/../../../../arm-none-eabi/lib/thumb/v7e-m+fp/hard\libc_nano.a(libc_a-nano-vfprintf.o)
 .ARM.attributes
                0x00000793       0x34 C:/Program Files (x86)/Arm GNU Toolchain arm-none-eabi/14.3 rel1/bin/../lib/gcc/arm-none-eabi/14.3.1/../../../../arm-none-eabi/lib/thumb/v7e-m+fp/hard\libc_nano.a(libc_a-nano-vfprintf_i.o)
 .ARM.attributes
                0x000007c7       0x34 C:/Program Files (x86)/Arm GNU Toolchain arm-none-eabi/14.3 rel1/bin/../lib/gcc/arm-none-eabi/14.3.1/../../../../arm-none-eabi/lib/thumb/v7e-m+fp/hard\libc_nano.a(libc_a-fflush.o)
 .ARM.attributes
                0x000007fb       0x34 C:/Program Files (x86)/Arm GNU Toolchain arm-none-eabi/14.3 rel1/bin/../lib/gcc/arm-none-eabi/14.3.1/../../../../arm-none-eabi/lib/thumb/v7e-m+fp/hard\libc_nano.a(libc_a-wbuf.o)
 .ARM.attributes
                0x0000082f       0x34 C:/Program Files (x86)/Arm GNU Toolchain arm-none-eabi/14.3 rel1/bin/../lib/gcc/arm-none-eabi/14.3.1/../../../../arm-none-eabi/lib/thumb/v7e-m+fp/hard\libc_nano.a(libc_a-wsetup.o)
 .ARM.attributes
                0x00000863       0x34 C:/Program Files (x86)/Arm GNU Toolchain arm-none-eabi/14.3 rel1/bin/../lib/gcc/arm-none-eabi/14.3.1/../../../../arm-none-eabi/lib/thumb/v7e-m+fp/hard\libc_nano.a(libc_a-sbrkr.o)
 .ARM.attributes
                0x00000897       0x1c C:/Program Files (x86)/Arm GNU Toolchain arm-none-eabi/14.3 rel1/bin/../lib/gcc/arm-none-eabi/14.3.1/../../../../arm-none-eabi/lib/thumb/v7e-m+fp/hard\libc_nano.a(libc_a-memchr.o)
 .ARM.attributes
                0x000008b3       0x34 C:/Program Files (x86)/Arm GNU Toolchain arm-none-eabi/14.3 rel1/bin/../lib/gcc/arm-none-eabi/14.3.1/../../../../arm-none-eabi/lib/thumb/v7e-m+fp/hard\libc_nano.a(libc_a-makebuf.o)
 .ARM.attributes
                0x000008e7       0x34 C:/Program Files (x86)/Arm GNU Toolchain arm-none-eabi/14.3 rel1/bin/../lib/gcc/arm-none-eabi/14.3.1/../../../../arm-none-eabi/lib/thumb/v7e-m+fp/hard\libc_nano.a(libc_a-fstatr.o)
 .ARM.attributes
                0x0000091b       0x34 C:/Program Files (x86)/Arm GNU Toolchain arm-none-eabi/14.3 rel1/bin/../lib/gcc/arm-none-eabi/14.3.1/../../../../arm-none-eabi/lib/thumb/v7e-m+fp/hard\libc_nano.a(libc_a-isattyr.o)
 .ARM.attributes
                0x0000094f       0x22 C:/Program Files (x86)/Arm GNU Toolchain arm-none-eabi/14.3 rel1/bin/../lib/gcc/arm-none-eabi/14.3.1/thumb/v7e-m+fp/hard\libgcc.a(_aeabi_uldivmod.o)
 .ARM.attributes
                0x00000971       0x34 C:/Program Files (x86)/Arm GNU Toolchain arm-none-eabi/14.3 rel1/bin/../lib/gcc/arm-none-eabi/14.3.1/thumb/v7e-m+fp/hard\libgcc.a(_udivmoddi4.o)
 .ARM.attributes
                0x000009a5       0x22 C:/Program Files (x86)/Arm GNU Toolchain arm-none-eabi/14.3 rel1/bin/../lib/gcc/arm-none-eabi/14.3.1/thumb/v7e-m+fp/hard\libgcc.a(_dvmd_tls.o)
 .ARM.attributes
                0x000009c7       0x34 C:/Program Files (x86)/Arm GNU Toolchain arm-none-eabi/14.3 rel1/bin/../lib/gcc/arm-none-eabi/14.3.1/thumb/v7e-m+fp/hard/crtend.o
 .ARM.attributes
                0x000009fb       0x22 C:/Program Files (x86)/Arm GNU Toolchain arm-none-eabi/14.3 rel1/bin/../lib/gcc/arm-none-eabi/14.3.1/thumb/v7e-m+fp/hard/crtn.o
OUTPUT(build/MicroRosEth_CM4.elf elf32-littlearm)
LOAD linker stubs

.debug_info     0x00000000    0x1ba4e
 .debug_info    0x00000000     0x280d build/main.o
 .debug_info    0x0000280d      0x16d build/stm32h7xx_it.o
 .debug_info    0x0000297a      0xed3 build/stm32h7xx_hal_msp.o
 .debug_info    0x0000384d     0x438b build/stm32h7xx_hal_tim.o
 .debug_info    0x00007bd8     0x2165 build/stm32h7xx_hal_tim_ex.o
 .debug_info    0x00009d3d     0x1411 build/stm32h7xx_hal_rcc.o
 .debug_info    0x0000b14e     0x1e0c build/stm32h7xx_hal_rcc_ex.o
 .debug_info    0x0000cf5a      0xfcd build/stm32h7xx_hal_gpio.o
 .debug_info    0x0000df27      0x46d build/stm32h7xx_hal_hsem.o
 .debug_info    0x0000e394     0x14d9 build/stm32h7xx_hal_pwr_ex.o
 .debug_info    0x0000f86d     0x1384 build/stm32h7xx_hal_cortex.o
 .debug_info    0x00010bf1     0x1c17 build/stm32h7xx_hal.o
 .debug_info    0x00012808     0x13fe build/stm32h7xx_hal_uart_ex.o
 .debug_info    0x00013c06     0x6ae0 build/stm32h7xx_hal_uart.o
 .debug_info    0x0001a6e6      0x959 build/system_stm32h7xx_dualcore_boot_cm4_cm7.o
 .debug_info    0x0001b03f      0x18c build/sysmem.o
 .debug_info    0x0001b1cb      0x853 build/syscalls.o
 .debug_info    0x0001ba1e       0x30 build/startup_stm32h755xx_CM4.o

.debug_abbrev   0x00000000     0x295b
 .debug_abbrev  0x00000000      0x38d build/main.o
 .debug_abbrev  0x0000038d       0x80 build/stm32h7xx_it.o
 .debug_abbrev  0x0000040d      0x1c3 build/stm32h7xx_hal_msp.o
 .debug_abbrev  0x000005d0      0x2bd build/stm32h7xx_hal_tim.o
 .debug_abbrev  0x0000088d      0x2b7 build/stm32h7xx_hal_tim_ex.o
 .debug_abbrev  0x00000b44      0x29b build/stm32h7xx_hal_rcc.o
 .debug_abbrev  0x00000ddf      0x285 build/stm32h7xx_hal_rcc_ex.o
 .debug_abbrev  0x00001064      0x25a build/stm32h7xx_hal_gpio.o
 .debug_abbrev  0x000012be      0x1e3 build/stm32h7xx_hal_hsem.o
 .debug_abbrev  0x000014a1      0x2ef build/stm32h7xx_hal_pwr_ex.o
 .debug_abbrev  0x00001790      0x3e6 build/stm32h7xx_hal_cortex.o
 .debug_abbrev  0x00001b76      0x2cd build/stm32h7xx_hal.o
 .debug_abbrev  0x00001e43      0x351 build/stm32h7xx_hal_uart_ex.o
 .debug_abbrev  0x00002194      0x391 build/stm32h7xx_hal_uart.o
 .debug_abbrev  0x00002525      0x144 build/system_stm32h7xx_dualcore_boot_cm4_cm7.o
 .debug_abbrev  0x00002669       0xeb build/sysmem.o
 .debug_abbrev  0x00002754      0x1ea build/syscalls.o
 .debug_abbrev  0x0000293e       0x1d build/startup_stm32h755xx_CM4.o

.debug_loc      0x00000000    0x15de1
 .debug_loc     0x00000000      0x47a build/main.o
 .debug_loc     0x0000047a       0x20 build/stm32h7xx_it.o
 .debug_loc     0x0000049a       0x8f build/stm32h7xx_hal_msp.o
 .debug_loc     0x00000529     0x6622 build/stm32h7xx_hal_tim.o
 .debug_loc     0x00006b4b     0x2b2f build/stm32h7xx_hal_tim_ex.o
 .debug_loc     0x0000967a      0xb0a build/stm32h7xx_hal_rcc.o
 .debug_loc     0x0000a184     0x20f9 build/stm32h7xx_hal_rcc_ex.o
 .debug_loc     0x0000c27d      0x4b2 build/stm32h7xx_hal_gpio.o
 .debug_loc     0x0000c72f      0x161 build/stm32h7xx_hal_hsem.o
 .debug_loc     0x0000c890      0x8f5 build/stm32h7xx_hal_pwr_ex.o
 .debug_loc     0x0000d185      0x898 build/stm32h7xx_hal_cortex.o
 .debug_loc     0x0000da1d      0x711 build/stm32h7xx_hal.o
 .debug_loc     0x0000e12e      0xe75 build/stm32h7xx_hal_uart_ex.o
 .debug_loc     0x0000efa3     0x65fe build/stm32h7xx_hal_uart.o
 .debug_loc     0x000155a1      0x22d build/system_stm32h7xx_dualcore_boot_cm4_cm7.o
 .debug_loc     0x000157ce       0x90 build/sysmem.o
 .debug_loc     0x0001585e      0x583 build/syscalls.o

.debug_aranges  0x00000000     0x1108
 .debug_aranges
                0x00000000       0x50 build/main.o
 .debug_aranges
                0x00000050       0x60 build/stm32h7xx_it.o
 .debug_aranges
                0x000000b0       0x28 build/stm32h7xx_hal_msp.o
 .debug_aranges
                0x000000d8      0x3e0 build/stm32h7xx_hal_tim.o
 .debug_aranges
                0x000004b8      0x188 build/stm32h7xx_hal_tim_ex.o
 .debug_aranges
                0x00000640       0x88 build/stm32h7xx_hal_rcc.o
 .debug_aranges
                0x000006c8      0x100 build/stm32h7xx_hal_rcc_ex.o
 .debug_aranges
                0x000007c8       0x58 build/stm32h7xx_hal_gpio.o
 .debug_aranges
                0x00000820       0x70 build/stm32h7xx_hal_hsem.o
 .debug_aranges
                0x00000890      0x170 build/stm32h7xx_hal_pwr_ex.o
 .debug_aranges
                0x00000a00       0xf8 build/stm32h7xx_hal_cortex.o
 .debug_aranges
                0x00000af8      0x200 build/stm32h7xx_hal.o
 .debug_aranges
                0x00000cf8       0xa8 build/stm32h7xx_hal_uart_ex.o
 .debug_aranges
                0x00000da0      0x248 build/stm32h7xx_hal_uart.o
 .debug_aranges
                0x00000fe8       0x30 build/system_stm32h7xx_dualcore_boot_cm4_cm7.o
 .debug_aranges
                0x00001018       0x20 build/sysmem.o
 .debug_aranges
                0x00001038       0xa8 build/syscalls.o
 .debug_aranges
                0x000010e0       0x28 build/startup_stm32h755xx_CM4.o

.debug_ranges   0x00000000     0x1180
 .debug_ranges  0x00000000       0xe8 build/main.o
 .debug_ranges  0x000000e8       0x50 build/stm32h7xx_it.o
 .debug_ranges  0x00000138       0x18 build/stm32h7xx_hal_msp.o
 .debug_ranges  0x00000150      0x3d0 build/stm32h7xx_hal_tim.o
 .debug_ranges  0x00000520      0x178 build/stm32h7xx_hal_tim_ex.o
 .debug_ranges  0x00000698       0xe8 build/stm32h7xx_hal_rcc.o
 .debug_ranges  0x00000780       0xf0 build/stm32h7xx_hal_rcc_ex.o
 .debug_ranges  0x00000870       0x48 build/stm32h7xx_hal_gpio.o
 .debug_ranges  0x000008b8       0x60 build/stm32h7xx_hal_hsem.o
 .debug_ranges  0x00000918      0x1c0 build/stm32h7xx_hal_pwr_ex.o
 .debug_ranges  0x00000ad8       0xe8 build/stm32h7xx_hal_cortex.o
 .debug_ranges  0x00000bc0      0x1f0 build/stm32h7xx_hal.o
 .debug_ranges  0x00000db0       0xb0 build/stm32h7xx_hal_uart_ex.o
 .debug_ranges  0x00000e60      0x238 build/stm32h7xx_hal_uart.o
 .debug_ranges  0x00001098       0x20 build/system_stm32h7xx_dualcore_boot_cm4_cm7.o
 .debug_ranges  0x000010b8       0x10 build/sysmem.o
 .debug_ranges  0x000010c8       0x98 build/syscalls.o
 .debug_ranges  0x00001160       0x20 build/startup_stm32h755xx_CM4.o

.debug_line     0x00000000    0x1384f
 .debug_line    0x00000000      0xaea build/main.o
 .debug_line    0x00000aea      0x14d build/stm32h7xx_it.o
 .debug_line    0x00000c37      0x25b build/stm32h7xx_hal_msp.o
 .debug_line    0x00000e92     0x49d8 build/stm32h7xx_hal_tim.o
 .debug_line    0x0000586a     0x1c4e build/stm32h7xx_hal_tim_ex.o
 .debug_line    0x000074b8     0x1405 build/stm32h7xx_hal_rcc.o
 .debug_line    0x000088bd     0x2032 build/stm32h7xx_hal_rcc_ex.o
 .debug_line    0x0000a8ef      0x73d build/stm32h7xx_hal_gpio.o
 .debug_line    0x0000b02c      0x352 build/stm32h7xx_hal_hsem.o
 .debug_line    0x0000b37e      0xd27 build/stm32h7xx_hal_pwr_ex.o
 .debug_line    0x0000c0a5      0x874 build/stm32h7xx_hal_cortex.o
 .debug_line    0x0000c919      0xaa7 build/stm32h7xx_hal.o
 .debug_line    0x0000d3c0      0xa8c build/stm32h7xx_hal_uart_ex.o
 .debug_line    0x0000de4c     0x4f68 build/stm32h7xx_hal_uart.o
 .debug_line    0x00012db4      0x427 build/system_stm32h7xx_dualcore_boot_cm4_cm7.o
 .debug_line    0x000131db      0x1fa build/sysmem.o
 .debug_line    0x000133d5      0x402 build/syscalls.o
 .debug_line    0x000137d7       0x78 build/startup_stm32h755xx_CM4.o

.debug_str      0x00000000     0x6163
 .debug_str     0x00000000     0x6163 build/main.o
                               0x136a (size before relaxing)
 .debug_str     0x00006163      0x235 build/stm32h7xx_it.o
 .debug_str     0x00006163      0xa15 build/stm32h7xx_hal_msp.o
 .debug_str     0x00006163     0x185b build/stm32h7xx_hal_tim.o
 .debug_str     0x00006163     0x1183 build/stm32h7xx_hal_tim_ex.o
 .debug_str     0x00006163      0xa1f build/stm32h7xx_hal_rcc.o
 .debug_str     0x00006163      0xf7e build/stm32h7xx_hal_rcc_ex.o
 .debug_str     0x00006163      0x70c build/stm32h7xx_hal_gpio.o
 .debug_str     0x00006163      0x379 build/stm32h7xx_hal_hsem.o
 .debug_str     0x00006163      0xa46 build/stm32h7xx_hal_pwr_ex.o
 .debug_str     0x00006163      0xff5 build/stm32h7xx_hal_cortex.o
 .debug_str     0x00006163     0x16e4 build/stm32h7xx_hal.o
 .debug_str     0x00006163      0xb99 build/stm32h7xx_hal_uart_ex.o
 .debug_str     0x00006163     0x14a5 build/stm32h7xx_hal_uart.o
 .debug_str     0x00006163      0x53f build/system_stm32h7xx_dualcore_boot_cm4_cm7.o
 .debug_str     0x00006163      0x219 build/sysmem.o
 .debug_str     0x00006163      0x3ed build/syscalls.o
 .debug_str     0x00006163       0x70 build/startup_stm32h755xx_CM4.o

.comment        0x00000000       0x46
 .comment       0x00000000       0x46 build/main.o
                                 0x47 (size before relaxing)
 .comment       0x00000046       0x47 build/stm32h7xx_it.o
 .comment       0x00000046       0x47 build/stm32h7xx_hal_msp.o
 .comment       0x00000046       0x47 build/stm32h7xx_hal_tim.o
 .comment       0x00000046       0x47 build/stm32h7xx_hal_tim_ex.o
 .comment       0x00000046       0x47 build/stm32h7xx_hal_rcc.o
 .comment       0x00000046       0x47 build/stm32h7xx_hal_rcc_ex.o
 .comment       0x00000046       0x47 build/stm32h7xx_hal_gpio.o
 .comment       0x00000046       0x47 build/stm32h7xx_hal_hsem.o
 .comment       0x00000046       0x47 build/stm32h7xx_hal_pwr_ex.o
 .comment       0x00000046       0x47 build/stm32h7xx_hal_cortex.o
 .comment       0x00000046       0x47 build/stm32h7xx_hal.o
 .comment       0x00000046       0x47 build/stm32h7xx_hal_uart_ex.o
 .comment       0x00000046       0x47 build/stm32h7xx_hal_uart.o
 .comment       0x00000046       0x47 build/system_stm32h7xx_dualcore_boot_cm4_cm7.o
 .comment       0x00000046       0x47 build/sysmem.o
 .comment       0x00000046       0x47 build/syscalls.o

.debug_frame    0x00000000     0x33d4
 .debug_frame   0x00000000       0xdc build/main.o
 .debug_frame   0x000000dc       0xa8 build/stm32h7xx_it.o
 .debug_frame   0x00000184       0x44 build/stm32h7xx_hal_msp.o
 .debug_frame   0x000001c8      0xb74 build/stm32h7xx_hal_tim.o
 .debug_frame   0x00000d3c      0x494 build/stm32h7xx_hal_tim_ex.o
 .debug_frame   0x000011d0      0x18c build/stm32h7xx_hal_rcc.o
 .debug_frame   0x0000135c      0x294 build/stm32h7xx_hal_rcc_ex.o
 .debug_frame   0x000015f0       0xd4 build/stm32h7xx_hal_gpio.o
 .debug_frame   0x000016c4       0xc8 build/stm32h7xx_hal_hsem.o
 .debug_frame   0x0000178c      0x324 build/stm32h7xx_hal_pwr_ex.o
 .debug_frame   0x00001ab0      0x214 build/stm32h7xx_hal_cortex.o
 .debug_frame   0x00001cc4      0x440 build/stm32h7xx_hal.o
 .debug_frame   0x00002104      0x1c8 build/stm32h7xx_hal_uart_ex.o
 .debug_frame   0x000022cc      0x680 build/stm32h7xx_hal_uart.o
 .debug_frame   0x0000294c       0x50 build/system_stm32h7xx_dualcore_boot_cm4_cm7.o
 .debug_frame   0x0000299c       0x28 build/sysmem.o
 .debug_frame   0x000029c4      0x190 build/syscalls.o
 .debug_frame   0x00002b54      0x144 C:/Program Files (x86)/Arm GNU Toolchain arm-none-eabi/14.3 rel1/bin/../lib/gcc/arm-none-eabi/14.3.1/../../../../arm-none-eabi/lib/thumb/v7e-m+fp/hard\libc_nano.a(libc_a-findfp.o)
 .debug_frame   0x00002c98       0x34 C:/Program Files (x86)/Arm GNU Toolchain arm-none-eabi/14.3 rel1/bin/../lib/gcc/arm-none-eabi/14.3.1/../../../../arm-none-eabi/lib/thumb/v7e-m+fp/hard\libc_nano.a(libc_a-fwalk.o)
 .debug_frame   0x00002ccc       0x6c C:/Program Files (x86)/Arm GNU Toolchain arm-none-eabi/14.3 rel1/bin/../lib/gcc/arm-none-eabi/14.3.1/../../../../arm-none-eabi/lib/thumb/v7e-m+fp/hard\libc_nano.a(libc_a-printf.o)
 .debug_frame   0x00002d38       0x88 C:/Program Files (x86)/Arm GNU Toolchain arm-none-eabi/14.3 rel1/bin/../lib/gcc/arm-none-eabi/14.3.1/../../../../arm-none-eabi/lib/thumb/v7e-m+fp/hard\libc_nano.a(libc_a-stdio.o)
 .debug_frame   0x00002dc0       0x20 C:/Program Files (x86)/Arm GNU Toolchain arm-none-eabi/14.3 rel1/bin/../lib/gcc/arm-none-eabi/14.3.1/../../../../arm-none-eabi/lib/thumb/v7e-m+fp/hard\libc_nano.a(libc_a-memset.o)
 .debug_frame   0x00002de0       0x2c C:/Program Files (x86)/Arm GNU Toolchain arm-none-eabi/14.3 rel1/bin/../lib/gcc/arm-none-eabi/14.3.1/../../../../arm-none-eabi/lib/thumb/v7e-m+fp/hard\libc_nano.a(libc_a-closer.o)
 .debug_frame   0x00002e0c       0x38 C:/Program Files (x86)/Arm GNU Toolchain arm-none-eabi/14.3 rel1/bin/../lib/gcc/arm-none-eabi/14.3.1/../../../../arm-none-eabi/lib/thumb/v7e-m+fp/hard\libc_nano.a(libc_a-reent.o)
 .debug_frame   0x00002e44       0x2c C:/Program Files (x86)/Arm GNU Toolchain arm-none-eabi/14.3 rel1/bin/../lib/gcc/arm-none-eabi/14.3.1/../../../../arm-none-eabi/lib/thumb/v7e-m+fp/hard\libc_nano.a(libc_a-lseekr.o)
 .debug_frame   0x00002e70       0x2c C:/Program Files (x86)/Arm GNU Toolchain arm-none-eabi/14.3 rel1/bin/../lib/gcc/arm-none-eabi/14.3.1/../../../../arm-none-eabi/lib/thumb/v7e-m+fp/hard\libc_nano.a(libc_a-readr.o)
 .debug_frame   0x00002e9c       0x2c C:/Program Files (x86)/Arm GNU Toolchain arm-none-eabi/14.3 rel1/bin/../lib/gcc/arm-none-eabi/14.3.1/../../../../arm-none-eabi/lib/thumb/v7e-m+fp/hard\libc_nano.a(libc_a-writer.o)
 .debug_frame   0x00002ec8       0x20 C:/Program Files (x86)/Arm GNU Toolchain arm-none-eabi/14.3 rel1/bin/../lib/gcc/arm-none-eabi/14.3.1/../../../../arm-none-eabi/lib/thumb/v7e-m+fp/hard\libc_nano.a(libc_a-errno.o)
 .debug_frame   0x00002ee8       0x2c C:/Program Files (x86)/Arm GNU Toolchain arm-none-eabi/14.3 rel1/bin/../lib/gcc/arm-none-eabi/14.3.1/../../../../arm-none-eabi/lib/thumb/v7e-m+fp/hard\libc_nano.a(libc_a-init.o)
 .debug_frame   0x00002f14       0xb0 C:/Program Files (x86)/Arm GNU Toolchain arm-none-eabi/14.3 rel1/bin/../lib/gcc/arm-none-eabi/14.3.1/../../../../arm-none-eabi/lib/thumb/v7e-m+fp/hard\libc_nano.a(libc_a-lock.o)
 .debug_frame   0x00002fc4       0x38 C:/Program Files (x86)/Arm GNU Toolchain arm-none-eabi/14.3 rel1/bin/../lib/gcc/arm-none-eabi/14.3.1/../../../../arm-none-eabi/lib/thumb/v7e-m+fp/hard\libc_nano.a(libc_a-freer.o)
 .debug_frame   0x00002ffc       0x50 C:/Program Files (x86)/Arm GNU Toolchain arm-none-eabi/14.3 rel1/bin/../lib/gcc/arm-none-eabi/14.3.1/../../../../arm-none-eabi/lib/thumb/v7e-m+fp/hard\libc_nano.a(libc_a-mallocr.o)
 .debug_frame   0x0000304c       0x30 C:/Program Files (x86)/Arm GNU Toolchain arm-none-eabi/14.3 rel1/bin/../lib/gcc/arm-none-eabi/14.3.1/../../../../arm-none-eabi/lib/thumb/v7e-m+fp/hard\libc_nano.a(libc_a-mlock.o)
 .debug_frame   0x0000307c       0xa8 C:/Program Files (x86)/Arm GNU Toolchain arm-none-eabi/14.3 rel1/bin/../lib/gcc/arm-none-eabi/14.3.1/../../../../arm-none-eabi/lib/thumb/v7e-m+fp/hard\libc_nano.a(libc_a-nano-vfprintf.o)
 .debug_frame   0x00003124       0x60 C:/Program Files (x86)/Arm GNU Toolchain arm-none-eabi/14.3 rel1/bin/../lib/gcc/arm-none-eabi/14.3.1/../../../../arm-none-eabi/lib/thumb/v7e-m+fp/hard\libc_nano.a(libc_a-nano-vfprintf_i.o)
 .debug_frame   0x00003184       0x5c C:/Program Files (x86)/Arm GNU Toolchain arm-none-eabi/14.3 rel1/bin/../lib/gcc/arm-none-eabi/14.3.1/../../../../arm-none-eabi/lib/thumb/v7e-m+fp/hard\libc_nano.a(libc_a-fflush.o)
 .debug_frame   0x000031e0       0x40 C:/Program Files (x86)/Arm GNU Toolchain arm-none-eabi/14.3 rel1/bin/../lib/gcc/arm-none-eabi/14.3.1/../../../../arm-none-eabi/lib/thumb/v7e-m+fp/hard\libc_nano.a(libc_a-wbuf.o)
 .debug_frame   0x00003220       0x2c C:/Program Files (x86)/Arm GNU Toolchain arm-none-eabi/14.3 rel1/bin/../lib/gcc/arm-none-eabi/14.3.1/../../../../arm-none-eabi/lib/thumb/v7e-m+fp/hard\libc_nano.a(libc_a-wsetup.o)
 .debug_frame   0x0000324c       0x2c C:/Program Files (x86)/Arm GNU Toolchain arm-none-eabi/14.3 rel1/bin/../lib/gcc/arm-none-eabi/14.3.1/../../../../arm-none-eabi/lib/thumb/v7e-m+fp/hard\libc_nano.a(libc_a-sbrkr.o)
 .debug_frame   0x00003278       0x4c C:/Program Files (x86)/Arm GNU Toolchain arm-none-eabi/14.3 rel1/bin/../lib/gcc/arm-none-eabi/14.3.1/../../../../arm-none-eabi/lib/thumb/v7e-m+fp/hard\libc_nano.a(libc_a-memchr.o)
 .debug_frame   0x000032c4       0x58 C:/Program Files (x86)/Arm GNU Toolchain arm-none-eabi/14.3 rel1/bin/../lib/gcc/arm-none-eabi/14.3.1/../../../../arm-none-eabi/lib/thumb/v7e-m+fp/hard\libc_nano.a(libc_a-makebuf.o)
 .debug_frame   0x0000331c       0x2c C:/Program Files (x86)/Arm GNU Toolchain arm-none-eabi/14.3 rel1/bin/../lib/gcc/arm-none-eabi/14.3.1/../../../../arm-none-eabi/lib/thumb/v7e-m+fp/hard\libc_nano.a(libc_a-fstatr.o)
 .debug_frame   0x00003348       0x2c C:/Program Files (x86)/Arm GNU Toolchain arm-none-eabi/14.3 rel1/bin/../lib/gcc/arm-none-eabi/14.3.1/../../../../arm-none-eabi/lib/thumb/v7e-m+fp/hard\libc_nano.a(libc_a-isattyr.o)
 .debug_frame   0x00003374       0x2c C:/Program Files (x86)/Arm GNU Toolchain arm-none-eabi/14.3 rel1/bin/../lib/gcc/arm-none-eabi/14.3.1/thumb/v7e-m+fp/hard\libgcc.a(_aeabi_uldivmod.o)
 .debug_frame   0x000033a0       0x34 C:/Program Files (x86)/Arm GNU Toolchain arm-none-eabi/14.3 rel1/bin/../lib/gcc/arm-none-eabi/14.3.1/thumb/v7e-m+fp/hard\libgcc.a(_udivmoddi4.o)

.debug_line_str
                0x00000000      0x1b6
 .debug_line_str
                0x00000000      0x1b6 C:/Program Files (x86)/Arm GNU Toolchain arm-none-eabi/14.3 rel1/bin/../lib/gcc/arm-none-eabi/14.3.1/../../../../arm-none-eabi/lib/thumb/v7e-m+fp/hard\libc_nano.a(libc_a-memchr.o)
                                 0xe1 (size before relaxing)
 .debug_line_str
                0x000001b6       0xc9 C:/Program Files (x86)/Arm GNU Toolchain arm-none-eabi/14.3 rel1/bin/../lib/gcc/arm-none-eabi/14.3.1/thumb/v7e-m+fp/hard\libgcc.a(_aeabi_uldivmod.o)
 .debug_line_str
                0x000001b6       0xcd C:/Program Files (x86)/Arm GNU Toolchain arm-none-eabi/14.3 rel1/bin/../lib/gcc/arm-none-eabi/14.3.1/thumb/v7e-m+fp/hard\libgcc.a(_dvmd_tls.o)

Cross Reference Table

Symbol                                            File
ADC3_IRQHandler                                   build/startup_stm32h755xx_CM4.o
ADC_IRQHandler                                    build/startup_stm32h755xx_CM4.o
BDMA_Channel0_IRQHandler                          build/startup_stm32h755xx_CM4.o
BDMA_Channel1_IRQHandler                          build/startup_stm32h755xx_CM4.o
BDMA_Channel2_IRQHandler                          build/startup_stm32h755xx_CM4.o
BDMA_Channel3_IRQHandler                          build/startup_stm32h755xx_CM4.o
BDMA_Channel4_IRQHandler                          build/startup_stm32h755xx_CM4.o
BDMA_Channel5_IRQHandler                          build/startup_stm32h755xx_CM4.o
BDMA_Channel6_IRQHandler                          build/startup_stm32h755xx_CM4.o
BDMA_Channel7_IRQHandler                          build/startup_stm32h755xx_CM4.o
BSP_COM_DeInit                                    build/stm32h7xx_nucleo.o
BSP_COM_Init                                      build/stm32h7xx_nucleo.o
BSP_COM_SelectLogPort                             build/stm32h7xx_nucleo.o
BSP_GetVersion                                    build/stm32h7xx_nucleo.o
BSP_LED_DeInit                                    build/stm32h7xx_nucleo.o
BSP_LED_GetState                                  build/stm32h7xx_nucleo.o
BSP_LED_Init                                      build/stm32h7xx_nucleo.o
BSP_LED_Off                                       build/stm32h7xx_nucleo.o
BSP_LED_On                                        build/stm32h7xx_nucleo.o
BSP_LED_Toggle                                    build/stm32h7xx_nucleo.o
BSP_PB_Callback                                   build/stm32h7xx_nucleo.o
BSP_PB_DeInit                                     build/stm32h7xx_nucleo.o
BSP_PB_GetState                                   build/stm32h7xx_nucleo.o
BSP_PB_IRQHandler                                 build/stm32h7xx_nucleo.o
BSP_PB_Init                                       build/stm32h7xx_nucleo.o
BusFault_Handler                                  build/stm32h7xx_it.o
CEC_IRQHandler                                    build/startup_stm32h755xx_CM4.o
CM4_SEV_IRQHandler                                build/startup_stm32h755xx_CM4.o
CM7_SEV_IRQHandler                                build/startup_stm32h755xx_CM4.o
COMP1_IRQHandler                                  build/startup_stm32h755xx_CM4.o
COM_USART                                         build/stm32h7xx_nucleo.o
CRS_IRQHandler                                    build/startup_stm32h755xx_CM4.o
CRYP_IRQHandler                                   build/startup_stm32h755xx_CM4.o
D1CorePrescTable                                  build/system_stm32h7xx_dualcore_boot_cm4_cm7.o
                                                  build/stm32h7xx_hal.o
                                                  build/stm32h7xx_hal_rcc_ex.o
                                                  build/stm32h7xx_hal_rcc.o
DCMI_IRQHandler                                   build/startup_stm32h755xx_CM4.o
DFSDM1_FLT0_IRQHandler                            build/startup_stm32h755xx_CM4.o
DFSDM1_FLT1_IRQHandler                            build/startup_stm32h755xx_CM4.o
DFSDM1_FLT2_IRQHandler                            build/startup_stm32h755xx_CM4.o
DFSDM1_FLT3_IRQHandler                            build/startup_stm32h755xx_CM4.o
DMA1_Stream0_IRQHandler                           build/startup_stm32h755xx_CM4.o
DMA1_Stream1_IRQHandler                           build/startup_stm32h755xx_CM4.o
DMA1_Stream2_IRQHandler                           build/startup_stm32h755xx_CM4.o
DMA1_Stream3_IRQHandler                           build/startup_stm32h755xx_CM4.o
DMA1_Stream4_IRQHandler                           build/startup_stm32h755xx_CM4.o
DMA1_Stream5_IRQHandler                           build/startup_stm32h755xx_CM4.o
DMA1_Stream6_IRQHandler                           build/startup_stm32h755xx_CM4.o
DMA1_Stream7_IRQHandler                           build/startup_stm32h755xx_CM4.o
DMA2D_IRQHandler                                  build/startup_stm32h755xx_CM4.o
DMA2_Stream0_IRQHandler                           build/startup_stm32h755xx_CM4.o
DMA2_Stream1_IRQHandler                           build/startup_stm32h755xx_CM4.o
DMA2_Stream2_IRQHandler                           build/startup_stm32h755xx_CM4.o
DMA2_Stream3_IRQHandler                           build/startup_stm32h755xx_CM4.o
DMA2_Stream4_IRQHandler                           build/startup_stm32h755xx_CM4.o
DMA2_Stream5_IRQHandler                           build/startup_stm32h755xx_CM4.o
DMA2_Stream6_IRQHandler                           build/startup_stm32h755xx_CM4.o
DMA2_Stream7_IRQHandler                           build/startup_stm32h755xx_CM4.o
DMAMUX1_OVR_IRQHandler                            build/startup_stm32h755xx_CM4.o
DMAMUX2_OVR_IRQHandler                            build/startup_stm32h755xx_CM4.o
DebugMon_Handler                                  build/stm32h7xx_it.o
Default_Handler                                   build/startup_stm32h755xx_CM4.o
ECC_IRQHandler                                    build/startup_stm32h755xx_CM4.o
ETH_IRQHandler                                    build/startup_stm32h755xx_CM4.o
ETH_WKUP_IRQHandler                               build/startup_stm32h755xx_CM4.o
EXTI0_IRQHandler                                  build/startup_stm32h755xx_CM4.o
EXTI15_10_IRQHandler                              build/startup_stm32h755xx_CM4.o
EXTI1_IRQHandler                                  build/startup_stm32h755xx_CM4.o
EXTI2_IRQHandler                                  build/startup_stm32h755xx_CM4.o
EXTI3_IRQHandler                                  build/startup_stm32h755xx_CM4.o
EXTI4_IRQHandler                                  build/startup_stm32h755xx_CM4.o
EXTI9_5_IRQHandler                                build/startup_stm32h755xx_CM4.o
Error_Handler                                     build/main.o
ExitRun0Mode                                      build/system_stm32h7xx_dualcore_boot_cm4_cm7.o
                                                  build/startup_stm32h755xx_CM4.o
FDCAN1_IT0_IRQHandler                             build/startup_stm32h755xx_CM4.o
FDCAN1_IT1_IRQHandler                             build/startup_stm32h755xx_CM4.o
FDCAN2_IT0_IRQHandler                             build/startup_stm32h755xx_CM4.o
FDCAN2_IT1_IRQHandler                             build/startup_stm32h755xx_CM4.o
FDCAN_CAL_IRQHandler                              build/startup_stm32h755xx_CM4.o
FLASH_CRC_WaitForLastOperation                    build/stm32h7xx_hal_flash.o
                                                  build/stm32h7xx_hal_flash_ex.o
FLASH_Erase_Sector                                build/stm32h7xx_hal_flash_ex.o
                                                  build/stm32h7xx_hal_flash.o
FLASH_IRQHandler                                  build/startup_stm32h755xx_CM4.o
FLASH_OB_WaitForLastOperation                     build/stm32h7xx_hal_flash.o
                                                  build/stm32h7xx_hal_flash_ex.o
FLASH_WaitForLastOperation                        build/stm32h7xx_hal_flash.o
                                                  build/stm32h7xx_hal_flash_ex.o
FMC_IRQHandler                                    build/startup_stm32h755xx_CM4.o
FPU_IRQHandler                                    build/startup_stm32h755xx_CM4.o
HAL_DBGMCU_DisableDBGSleepMode                    build/stm32h7xx_hal.o
HAL_DBGMCU_DisableDBGStandbyMode                  build/stm32h7xx_hal.o
HAL_DBGMCU_DisableDBGStopMode                     build/stm32h7xx_hal.o
HAL_DBGMCU_EnableDBGSleepMode                     build/stm32h7xx_hal.o
HAL_DBGMCU_EnableDBGStandbyMode                   build/stm32h7xx_hal.o
HAL_DBGMCU_EnableDBGStopMode                      build/stm32h7xx_hal.o
HAL_DMAEx_ChangeMemory                            build/stm32h7xx_hal_dma_ex.o
HAL_DMAEx_ConfigMuxRequestGenerator               build/stm32h7xx_hal_dma_ex.o
HAL_DMAEx_ConfigMuxSync                           build/stm32h7xx_hal_dma_ex.o
HAL_DMAEx_DisableMuxRequestGenerator              build/stm32h7xx_hal_dma_ex.o
HAL_DMAEx_EnableMuxRequestGenerator               build/stm32h7xx_hal_dma_ex.o
HAL_DMAEx_MUX_IRQHandler                          build/stm32h7xx_hal_dma_ex.o
HAL_DMAEx_MultiBufferStart                        build/stm32h7xx_hal_dma_ex.o
HAL_DMAEx_MultiBufferStart_IT                     build/stm32h7xx_hal_dma_ex.o
HAL_DMA_Abort                                     build/stm32h7xx_hal_dma.o
                                                  build/stm32h7xx_hal_uart.o
HAL_DMA_Abort_IT                                  build/stm32h7xx_hal_dma.o
                                                  build/stm32h7xx_hal_uart.o
                                                  build/stm32h7xx_hal_i2c.o
                                                  build/stm32h7xx_hal_tim_ex.o
                                                  build/stm32h7xx_hal_tim.o
HAL_DMA_DeInit                                    build/stm32h7xx_hal_dma.o
HAL_DMA_GetError                                  build/stm32h7xx_hal_dma.o
                                                  build/stm32h7xx_hal_uart.o
                                                  build/stm32h7xx_hal_i2c.o
HAL_DMA_GetState                                  build/stm32h7xx_hal_dma.o
                                                  build/stm32h7xx_hal_i2c.o
HAL_DMA_IRQHandler                                build/stm32h7xx_hal_dma.o
HAL_DMA_Init                                      build/stm32h7xx_hal_dma.o
HAL_DMA_PollForTransfer                           build/stm32h7xx_hal_dma.o
HAL_DMA_RegisterCallback                          build/stm32h7xx_hal_dma.o
HAL_DMA_Start                                     build/stm32h7xx_hal_dma.o
HAL_DMA_Start_IT                                  build/stm32h7xx_hal_dma.o
                                                  build/stm32h7xx_hal_uart.o
                                                  build/stm32h7xx_hal_i2c.o
                                                  build/stm32h7xx_hal_tim_ex.o
                                                  build/stm32h7xx_hal_tim.o
HAL_DMA_UnRegisterCallback                        build/stm32h7xx_hal_dma.o
HAL_DeInit                                        build/stm32h7xx_hal.o
HAL_Delay                                         build/stm32h7xx_hal.o
                                                  build/main.o
HAL_DisableCompensationCell                       build/stm32h7xx_hal.o
HAL_DisableDomain2DBGSleepMode                    build/stm32h7xx_hal.o
HAL_DisableDomain2DBGStandbyMode                  build/stm32h7xx_hal.o
HAL_DisableDomain2DBGStopMode                     build/stm32h7xx_hal.o
HAL_EXTI_ClearConfigLine                          build/stm32h7xx_hal_exti.o
HAL_EXTI_ClearPending                             build/stm32h7xx_hal_exti.o
HAL_EXTI_D1_ClearFlag                             build/stm32h7xx_hal.o
HAL_EXTI_D1_EventInputConfig                      build/stm32h7xx_hal.o
HAL_EXTI_D2_ClearFlag                             build/stm32h7xx_hal.o
HAL_EXTI_D2_EventInputConfig                      build/stm32h7xx_hal.o
HAL_EXTI_D3_EventInputConfig                      build/stm32h7xx_hal.o
HAL_EXTI_EdgeConfig                               build/stm32h7xx_hal.o
HAL_EXTI_GenerateSWI                              build/stm32h7xx_hal_exti.o
HAL_EXTI_GenerateSWInterrupt                      build/stm32h7xx_hal.o
HAL_EXTI_GetConfigLine                            build/stm32h7xx_hal_exti.o
HAL_EXTI_GetHandle                                build/stm32h7xx_hal_exti.o
                                                  build/stm32h7xx_nucleo.o
HAL_EXTI_GetPending                               build/stm32h7xx_hal_exti.o
HAL_EXTI_IRQHandler                               build/stm32h7xx_hal_exti.o
                                                  build/stm32h7xx_nucleo.o
HAL_EXTI_RegisterCallback                         build/stm32h7xx_hal_exti.o
                                                  build/stm32h7xx_nucleo.o
HAL_EXTI_SetConfigLine                            build/stm32h7xx_hal_exti.o
HAL_EnableCompensationCell                        build/stm32h7xx_hal.o
HAL_EnableDomain2DBGSleepMode                     build/stm32h7xx_hal.o
HAL_EnableDomain2DBGStandbyMode                   build/stm32h7xx_hal.o
HAL_EnableDomain2DBGStopMode                      build/stm32h7xx_hal.o
HAL_FLASHEx_ComputeCRC                            build/stm32h7xx_hal_flash_ex.o
HAL_FLASHEx_Erase                                 build/stm32h7xx_hal_flash_ex.o
HAL_FLASHEx_Erase_IT                              build/stm32h7xx_hal_flash_ex.o
HAL_FLASHEx_Lock_Bank1                            build/stm32h7xx_hal_flash_ex.o
HAL_FLASHEx_Lock_Bank2                            build/stm32h7xx_hal_flash_ex.o
HAL_FLASHEx_OBGetConfig                           build/stm32h7xx_hal_flash_ex.o
HAL_FLASHEx_OBProgram                             build/stm32h7xx_hal_flash_ex.o
HAL_FLASHEx_Unlock_Bank1                          build/stm32h7xx_hal_flash_ex.o
HAL_FLASHEx_Unlock_Bank2                          build/stm32h7xx_hal_flash_ex.o
HAL_FLASH_EndOfOperationCallback                  build/stm32h7xx_hal_flash.o
HAL_FLASH_GetError                                build/stm32h7xx_hal_flash.o
HAL_FLASH_IRQHandler                              build/stm32h7xx_hal_flash.o
HAL_FLASH_Lock                                    build/stm32h7xx_hal_flash.o
HAL_FLASH_OB_Launch                               build/stm32h7xx_hal_flash.o
HAL_FLASH_OB_Lock                                 build/stm32h7xx_hal_flash.o
HAL_FLASH_OB_Unlock                               build/stm32h7xx_hal_flash.o
HAL_FLASH_OperationErrorCallback                  build/stm32h7xx_hal_flash.o
HAL_FLASH_Program                                 build/stm32h7xx_hal_flash.o
HAL_FLASH_Program_IT                              build/stm32h7xx_hal_flash.o
HAL_FLASH_Unlock                                  build/stm32h7xx_hal_flash.o
HAL_GPIO_DeInit                                   build/stm32h7xx_hal_gpio.o
                                                  build/stm32h7xx_nucleo.o
HAL_GPIO_EXTI_Callback                            build/stm32h7xx_hal_gpio.o
HAL_GPIO_EXTI_IRQHandler                          build/stm32h7xx_hal_gpio.o
HAL_GPIO_Init                                     build/stm32h7xx_hal_gpio.o
                                                  build/stm32h7xx_hal_rcc.o
                                                  build/stm32h7xx_nucleo.o
                                                  build/stm32h7xx_hal_msp.o
                                                  build/main.o
HAL_GPIO_LockPin                                  build/stm32h7xx_hal_gpio.o
HAL_GPIO_ReadPin                                  build/stm32h7xx_hal_gpio.o
                                                  build/stm32h7xx_nucleo.o
                                                  build/main.o
HAL_GPIO_TogglePin                                build/stm32h7xx_hal_gpio.o
                                                  build/stm32h7xx_nucleo.o
HAL_GPIO_WritePin                                 build/stm32h7xx_hal_gpio.o
                                                  build/stm32h7xx_nucleo.o
                                                  build/main.o
HAL_GetCurrentCPUID                               build/stm32h7xx_hal_cortex.o
                                                  build/stm32h7xx_hal_exti.o
                                                  build/stm32h7xx_hal_pwr_ex.o
                                                  build/stm32h7xx_hal_pwr.o
HAL_GetDEVID                                      build/stm32h7xx_hal.o