Archive member included to satisfy reference by file (symbol)

C:/Program Files (x86)/Arm GNU Toolchain arm-none-eabi/14.3 rel1/bin/../lib/gcc/arm-none-eabi/14.3.1/../../../../arm-none-eabi/lib/thumb/v7e-m+dp/softfp\libc_nano.a(libc_a-atoi.o)
                              build/netif.o (atoi)
C:/Program Files (x86)/Arm GNU Toolchain arm-none-eabi/14.3 rel1/bin/../lib/gcc/arm-none-eabi/14.3.1/../../../../arm-none-eabi/lib/thumb/v7e-m+dp/softfp\libc_nano.a(libc_a-exit.o)
                              C:/Program Files (x86)/Arm GNU Toolchain arm-none-eabi/14.3 rel1/bin/../lib/gcc/arm-none-eabi/14.3.1/../../../../arm-none-eabi/lib/thumb/v7e-m+dp/softfp/crt0.o (exit)
C:/Program Files (x86)/Arm GNU Toolchain arm-none-eabi/14.3 rel1/bin/../lib/gcc/arm-none-eabi/14.3.1/../../../../arm-none-eabi/lib/thumb/v7e-m+dp/softfp\libc_nano.a(libc_a-strtol.o)
                              C:/Program Files (x86)/Arm GNU Toolchain arm-none-eabi/14.3 rel1/bin/../lib/gcc/arm-none-eabi/14.3.1/../../../../arm-none-eabi/lib/thumb/v7e-m+dp/softfp\libc_nano.a(libc_a-atoi.o) (_strtol_r)
C:/Program Files (x86)/Arm GNU Toolchain arm-none-eabi/14.3 rel1/bin/../lib/gcc/arm-none-eabi/14.3.1/../../../../arm-none-eabi/lib/thumb/v7e-m+dp/softfp\libc_nano.a(libc_a-ctype_.o)
                              build/ip4_addr.o (_ctype_)
C:/Program Files (x86)/Arm GNU Toolchain arm-none-eabi/14.3 rel1/bin/../lib/gcc/arm-none-eabi/14.3.1/../../../../arm-none-eabi/lib/thumb/v7e-m+dp/softfp\libc_nano.a(libc_a-findfp.o)
                              build/tasks.o (__sf)
C:/Program Files (x86)/Arm GNU Toolchain arm-none-eabi/14.3 rel1/bin/../lib/gcc/arm-none-eabi/14.3.1/../../../../arm-none-eabi/lib/thumb/v7e-m+dp/softfp\libc_nano.a(libc_a-fwalk.o)
                              C:/Program Files (x86)/Arm GNU Toolchain arm-none-eabi/14.3 rel1/bin/../lib/gcc/arm-none-eabi/14.3.1/../../../../arm-none-eabi/lib/thumb/v7e-m+dp/softfp\libc_nano.a(libc_a-findfp.o) (_fwalk_sglue)
C:/Program Files (x86)/Arm GNU Toolchain arm-none-eabi/14.3 rel1/bin/../lib/gcc/arm-none-eabi/14.3.1/../../../../arm-none-eabi/lib/thumb/v7e-m+dp/softfp\libc_nano.a(libc_a-printf.o)
                              build/ethernetif.o (printf)
C:/Program Files (x86)/Arm GNU Toolchain arm-none-eabi/14.3 rel1/bin/../lib/gcc/arm-none-eabi/14.3.1/../../../../arm-none-eabi/lib/thumb/v7e-m+dp/softfp\libc_nano.a(libc_a-puts.o)
                              build/main.o (puts)
C:/Program Files (x86)/Arm GNU Toolchain arm-none-eabi/14.3 rel1/bin/../lib/gcc/arm-none-eabi/14.3.1/../../../../arm-none-eabi/lib/thumb/v7e-m+dp/softfp\libc_nano.a(libc_a-stdio.o)
                              C:/Program Files (x86)/Arm GNU Toolchain arm-none-eabi/14.3 rel1/bin/../lib/gcc/arm-none-eabi/14.3.1/../../../../arm-none-eabi/lib/thumb/v7e-m+dp/softfp\libc_nano.a(libc_a-findfp.o) (__sread)
C:/Program Files (x86)/Arm GNU Toolchain arm-none-eabi/14.3 rel1/bin/../lib/gcc/arm-none-eabi/14.3.1/../../../../arm-none-eabi/lib/thumb/v7e-m+dp/softfp\libc_nano.a(libc_a-wbuf.o)
                              C:/Program Files (x86)/Arm GNU Toolchain arm-none-eabi/14.3 rel1/bin/../lib/gcc/arm-none-eabi/14.3.1/../../../../arm-none-eabi/lib/thumb/v7e-m+dp/softfp\libc_nano.a(libc_a-puts.o) (__swbuf_r)
C:/Program Files (x86)/Arm GNU Toolchain arm-none-eabi/14.3 rel1/bin/../lib/gcc/arm-none-eabi/14.3.1/../../../../arm-none-eabi/lib/thumb/v7e-m+dp/softfp\libc_nano.a(libc_a-wsetup.o)
                              C:/Program Files (x86)/Arm GNU Toolchain arm-none-eabi/14.3 rel1/bin/../lib/gcc/arm-none-eabi/14.3.1/../../../../arm-none-eabi/lib/thumb/v7e-m+dp/softfp\libc_nano.a(libc_a-puts.o) (__swsetup_r)
C:/Program Files (x86)/Arm GNU Toolchain arm-none-eabi/14.3 rel1/bin/../lib/gcc/arm-none-eabi/14.3.1/../../../../arm-none-eabi/lib/thumb/v7e-m+dp/softfp\libc_nano.a(libc_a-memcmp.o)
                              build/bridgeif_fdb.o (memcmp)
C:/Program Files (x86)/Arm GNU Toolchain arm-none-eabi/14.3 rel1/bin/../lib/gcc/arm-none-eabi/14.3.1/../../../../arm-none-eabi/lib/thumb/v7e-m+dp/softfp\libc_nano.a(libc_a-memmove.o)
                              build/def.o (memmove)
C:/Program Files (x86)/Arm GNU Toolchain arm-none-eabi/14.3 rel1/bin/../lib/gcc/arm-none-eabi/14.3.1/../../../../arm-none-eabi/lib/thumb/v7e-m+dp/softfp\libc_nano.a(libc_a-memset.o)
                              C:/Program Files (x86)/Arm GNU Toolchain arm-none-eabi/14.3 rel1/bin/../lib/gcc/arm-none-eabi/14.3.1/../../../../arm-none-eabi/lib/thumb/v7e-m+dp/softfp/crt0.o (memset)
C:/Program Files (x86)/Arm GNU Toolchain arm-none-eabi/14.3 rel1/bin/../lib/gcc/arm-none-eabi/14.3.1/../../../../arm-none-eabi/lib/thumb/v7e-m+dp/softfp\libc_nano.a(libc_a-strncmp.o)
                              build/def.o (strncmp)
C:/Program Files (x86)/Arm GNU Toolchain arm-none-eabi/14.3 rel1/bin/../lib/gcc/arm-none-eabi/14.3.1/../../../../arm-none-eabi/lib/thumb/v7e-m+dp/softfp\libc_nano.a(libc_a-closer.o)
[...]
Memory Configuration

Name             Origin             Length             Attributes
DTCMRAM          0x20000000         0x00020000         xrw
ITCMRAM          0x00000000         0x00010000         xrw
RAM_D1           0x24000000         0x00080000         xrw
RAM_D2           0x30000000         0x00048000         xrw
RAM_D3           0x38000000         0x00010000         xrw
FLASH            0x08000000         0x00100000         xr
*default*        0x00000000         0xffffffff

Linker script and memory map

LOAD C:/Program Files (x86)/Arm GNU Toolchain arm-none-eabi/14.3 rel1/bin/../lib/gcc/arm-none-eabi/14.3.1/thumb/v7e-m+dp/softfp/crti.o
LOAD C:/Program Files (x86)/Arm GNU Toolchain arm-none-eabi/14.3 rel1/bin/../lib/gcc/arm-none-eabi/14.3.1/thumb/v7e-m+dp/softfp/crtbegin.o
LOAD C:/Program Files (x86)/Arm GNU Toolchain arm-none-eabi/14.3 rel1/bin/../lib/gcc/arm-none-eabi/14.3.1/../../../../arm-none-eabi/lib/thumb/v7e-m+dp/softfp/crt0.o
LOAD build/lwip.o
LOAD build/ethernetif.o
LOAD build/main.o
LOAD build/gpio.o
LOAD build/usart3_debug.o
LOAD build/freertos.o
LOAD build/eth.o
LOAD build/stm32h7xx_it.o
LOAD build/stm32h7xx_hal_msp.o
LOAD build/stm32h7xx_hal_timebase_tim.o
LOAD build/lan8742.o
LOAD build/stm32h7xx_nucleo.o
LOAD build/stm32h7xx_hal_tim.o
LOAD build/stm32h7xx_hal_tim_ex.o
LOAD build/stm32h7xx_hal_eth.o
LOAD build/stm32h7xx_hal_eth_ex.o
LOAD build/stm32h7xx_hal_rcc.o
LOAD build/stm32h7xx_hal_rcc_ex.o
LOAD build/stm32h7xx_hal_flash.o
LOAD build/stm32h7xx_hal_flash_ex.o
LOAD build/stm32h7xx_hal_gpio.o
LOAD build/stm32h7xx_hal_hsem.o
LOAD build/stm32h7xx_hal_dma.o
LOAD build/stm32h7xx_hal_dma_ex.o
LOAD build/stm32h7xx_hal_mdma.o
LOAD build/stm32h7xx_hal_pwr.o
LOAD build/stm32h7xx_hal_pwr_ex.o
LOAD build/stm32h7xx_hal_cortex.o
LOAD build/stm32h7xx_hal.o
LOAD build/stm32h7xx_hal_i2c.o
LOAD build/stm32h7xx_hal_i2c_ex.o
LOAD build/stm32h7xx_hal_exti.o
LOAD build/stm32h7xx_hal_usart.o
LOAD build/stm32h7xx_hal_usart_ex.o
LOAD build/stm32h7xx_hal_uart_ex.o
LOAD build/stm32h7xx_hal_uart.o
LOAD build/system_stm32h7xx_dualcore_boot_cm4_cm7.o
LOAD build/croutine.o
LOAD build/event_groups.o
LOAD build/list.o
LOAD build/queue.o
LOAD build/stream_buffer.o
LOAD build/tasks.o
LOAD build/timers.o
LOAD build/cmsis_os2.o
LOAD build/heap_4.o
LOAD build/port.o
LOAD build/auth.o
LOAD build/ccp.o
LOAD build/chap_ms.o
LOAD build/chap-md5.o
LOAD build/chap-new.o
LOAD build/demand.o
LOAD build/eap.o
LOAD build/eui64.o
LOAD build/fsm.o
LOAD build/ipcp.o
LOAD build/ipv6cp.o
LOAD build/lcp.o
LOAD build/magic.o
LOAD build/mppe.o
LOAD build/multilink.o
LOAD build/ppp.o
LOAD build/pppapi.o
LOAD build/pppcrypt.o
LOAD build/pppoe.o
LOAD build/pppol2tp.o
LOAD build/pppos.o
LOAD build/upap.o
LOAD build/utils.o
LOAD build/vj.o
LOAD build/bridgeif.o
LOAD build/bridgeif_fdb.o
LOAD build/ethernet.o
LOAD build/lowpan6.o
LOAD build/lowpan6_ble.o
LOAD build/lowpan6_common.o
LOAD build/slipif.o
LOAD build/zepif.o
LOAD build/ecp.o
LOAD build/sockets.o
LOAD build/if_api.o
LOAD build/netdb.o
LOAD build/tcpip.o
LOAD build/err.o
LOAD build/netifapi.o
LOAD build/api_lib.o
LOAD build/api_msg.o
LOAD build/netbuf.o
LOAD build/memp.o
LOAD build/sys.o
LOAD build/inet_chksum.o
LOAD build/raw.o
LOAD build/tcp_out.o
LOAD build/ip.o
LOAD build/dns.o
LOAD build/init.o
LOAD build/mem.o
LOAD build/altcp_alloc.o
LOAD build/def.o
LOAD build/udp.o
LOAD build/stats.o
LOAD build/tcp_in.o
LOAD build/netif.o
LOAD build/altcp_tcp.o
LOAD build/tcp.o
LOAD build/pbuf.o
LOAD build/timeouts.o
LOAD build/altcp.o
LOAD build/autoip.o
LOAD build/dhcp.o
LOAD build/igmp.o
LOAD build/etharp.o
LOAD build/icmp.o
LOAD build/ip4.o
LOAD build/ip4_frag.o
LOAD build/ip4_addr.o
LOAD build/ip6.o
LOAD build/icmp6.o
LOAD build/mld6.o
LOAD build/dhcp6.o
LOAD build/ethip6.o
LOAD build/nd6.o
LOAD build/inet6.o
LOAD build/ip6_addr.o
LOAD build/ip6_frag.o
LOAD build/sys_arch.o
LOAD build/mqtt.o
LOAD build/sysmem.o
LOAD build/syscalls.o
LOAD build/startup_stm32h755xx_CM7.o
LOAD C:/Program Files (x86)/Arm GNU Toolchain arm-none-eabi/14.3 rel1/bin/../lib/gcc/arm-none-eabi/14.3.1/../../../../arm-none-eabi/lib/thumb/v7e-m+dp/softfp\libc_nano.a
LOAD C:/Program Files (x86)/Arm GNU Toolchain arm-none-eabi/14.3 rel1/bin/../lib/gcc/arm-none-eabi/14.3.1/../../../../arm-none-eabi/lib/thumb/v7e-m+dp/softfp\libm.a
LOAD C:/Program Files (x86)/Arm GNU Toolchain arm-none-eabi/14.3 rel1/bin/../lib/gcc/arm-none-eabi/14.3.1/../../../../arm-none-eabi/lib/thumb/v7e-m+dp/softfp\libnosys.a
LOAD ../../micro_ros_stm32cubemx_utils/microros_static_library/libmicroros/libmicroros.a
START GROUP
LOAD C:/Program Files (x86)/Arm GNU Toolchain arm-none-eabi/14.3 rel1/bin/../lib/gcc/arm-none-eabi/14.3.1/thumb/v7e-m+dp/softfp\libgcc.a
LOAD C:/Program Files (x86)/Arm GNU Toolchain arm-none-eabi/14.3 rel1/bin/../lib/gcc/arm-none-eabi/14.3.1/../../../../arm-none-eabi/lib/thumb/v7e-m+dp/softfp\libc_nano.a
END GROUP
START GROUP
LOAD C:/Program Files (x86)/Arm GNU Toolchain arm-none-eabi/14.3 rel1/bin/../lib/gcc/arm-none-eabi/14.3.1/thumb/v7e-m+dp/softfp\libgcc.a
LOAD C:/Program Files (x86)/Arm GNU Toolchain arm-none-eabi/14.3 rel1/bin/../lib/gcc/arm-none-eabi/14.3.1/../../../../arm-none-eabi/lib/thumb/v7e-m+dp/softfp\libc_nano.a
END GROUP
LOAD C:/Program Files (x86)/Arm GNU Toolchain arm-none-eabi/14.3 rel1/bin/../lib/gcc/arm-none-eabi/14.3.1/thumb/v7e-m+dp/softfp/crtend.o
LOAD C:/Program Files (x86)/Arm GNU Toolchain arm-none-eabi/14.3 rel1/bin/../lib/gcc/arm-none-eabi/14.3.1/thumb/v7e-m+dp/softfp/crtn.o
                0x20020000                        _estack = 0x20020000
                0x00010000                        _Min_Heap_Size = 0x10000
                0x00002000                        _Min_Stack_Size = 0x2000

.isr_vector     0x08000000      0x298
                0x08000000                        . = ALIGN (0x4)
 *(.isr_vector)
 .isr_vector    0x08000000      0x298 build/startup_stm32h755xx_CM7.o
                0x08000000                g_pfnVectors
                0x08000298                        . = ALIGN (0x4)

.text           0x080002a0     0x5f9c
                0x080002a0                        . = ALIGN (0x4)
 *(.text)
 .text          0x080002a0       0xa0 C:/Program Files (x86)/Arm GNU Toolchain arm-none-eabi/14.3 rel1/bin/../lib/gcc/arm-none-eabi/14.3.1/../../../../arm-none-eabi/lib/thumb/v7e-m+dp/softfp\libc_nano.a(libc_a-memchr.o)
                0x080002a0                memchr
 .text          0x08000340       0x30 C:/Program Files (x86)/Arm GNU Toolchain arm-none-eabi/14.3 rel1/bin/../lib/gcc/arm-none-eabi/14.3.1/thumb/v7e-m+dp/softfp\libgcc.a(_aeabi_uldivmod.o)
                0x08000340                __aeabi_uldivmod
 .text          0x08000370        0x4 C:/Program Files (x86)/Arm GNU Toolchain arm-none-eabi/14.3 rel1/bin/../lib/gcc/arm-none-eabi/14.3.1/thumb/v7e-m+dp/softfp\libgcc.a(_dvmd_tls.o)
                0x08000370                __aeabi_idiv0
                0x08000370                __aeabi_ldiv0
 *(.text*)
 .text.deregister_tm_clones
                0x08000374       0x1c C:/Program Files (x86)/Arm GNU Toolchain arm-none-eabi/14.3 rel1/bin/../lib/gcc/arm-none-eabi/14.3.1/thumb/v7e-m+dp/softfp/crtbegin.o
 .text.register_tm_clones
                0x08000390       0x24 C:/Program Files (x86)/Arm GNU Toolchain arm-none-eabi/14.3 rel1/bin/../lib/gcc/arm-none-eabi/14.3.1/thumb/v7e-m+dp/softfp/crtbegin.o
 .text.__do_global_dtors_aux
                0x080003b4       0x28 C:/Program Files (x86)/Arm GNU Toolchain arm-none-eabi/14.3 rel1/bin/../lib/gcc/arm-none-eabi/14.3.1/thumb/v7e-m+dp/softfp/crtbegin.o
 .text.frame_dummy
                0x080003dc       0x24 C:/Program Files (x86)/Arm GNU Toolchain arm-none-eabi/14.3 rel1/bin/../lib/gcc/arm-none-eabi/14.3.1/thumb/v7e-m+dp/softfp/crtbegin.o
 .text.HAL_ETH_RxCpltCallback
                0x08000400       0x10 build/ethernetif.o
                0x08000400                HAL_ETH_RxCpltCallback
 .text.HAL_ETH_TxCpltCallback
                0x08000410       0x10 build/ethernetif.o
                0x08000410                HAL_ETH_TxCpltCallback
 .text.HAL_ETH_ErrorCallback
                0x08000420       0x1c build/ethernetif.o
                0x08000420                HAL_ETH_ErrorCallback
 .text.SetGreenLed
                0x0800043c       0x18 build/main.o
 .text.SetRedLed
                0x08000454       0x1c build/main.o
 .text.SetFirmwareStatus
                0x08000470        0xc build/main.o
 .text.SetStartupFatalError
                0x0800047c       0x18 build/main.o
 .text.StartSensorDataTask
                0x08000494       0x3c build/main.o
 .text.StartStatusLedTask
                0x080004d0       0x98 build/main.o
 .text.StartSetupTask
                0x08000568       0x18 build/main.o
 .text.SystemClock_Config
                0x08000580       0xb8 build/main.o
                0x08000580                SystemClock_Config
 .text.MX_FREERTOS_Init
                0x08000638       0xd0 build/main.o
                0x08000638                MX_FREERTOS_Init
 .text.main     0x08000708       0xac build/main.o
                0x08000708                main
 .text.HAL_TIM_PeriodElapsedCallback
                0x080007b4        0x2 build/main.o
                0x080007b4                HAL_TIM_PeriodElapsedCallback
 *fill*         0x080007b6        0x2 
 .text.Error_Handler
                0x080007b8       0x5c build/main.o
                0x080007b8                Error_Handler
 .text.Debug_USART3_Init
                0x08000814       0x2e build/usart3_debug.o
                0x08000814                Debug_USART3_Init
 *fill*         0x08000842        0x2 
 .text.Debug_USART3_Print
                0x08000844       0x14 build/usart3_debug.o
                0x08000844                Debug_USART3_Print
 .text.NMI_Handler
                0x08000858        0x2 build/stm32h7xx_it.o
                0x08000858                NMI_Handler
 .text.HardFault_Handler
                0x0800085a        0x2 build/stm32h7xx_it.o
                0x0800085a                HardFault_Handler
 .text.MemManage_Handler
                0x0800085c        0x2 build/stm32h7xx_it.o
                0x0800085c                MemManage_Handler
 .text.BusFault_Handler
                0x0800085e        0x2 build/stm32h7xx_it.o
                0x0800085e                BusFault_Handler
 .text.UsageFault_Handler
                0x08000860        0x2 build/stm32h7xx_it.o
                0x08000860                UsageFault_Handler
 .text.DebugMon_Handler
                0x08000862        0x2 build/stm32h7xx_it.o
                0x08000862                DebugMon_Handler
 .text.TIM1_UP_IRQHandler
                0x08000864       0x10 build/stm32h7xx_it.o
                0x08000864                TIM1_UP_IRQHandler
 .text.EXTI15_10_IRQHandler
                0x08000874        0xa build/stm32h7xx_it.o
                0x08000874                EXTI15_10_IRQHandler
 *fill*         0x0800087e        0x2 
 .text.ETH_IRQHandler
                0x08000880       0x10 build/stm32h7xx_it.o
                0x08000880                ETH_IRQHandler
 .text.HAL_MspInit
                0x08000890       0x34 build/stm32h7xx_hal_msp.o
                0x08000890                HAL_MspInit
 .text.HAL_InitTick
                0x080008c4       0x90 build/stm32h7xx_hal_timebase_tim.o
                0x080008c4                HAL_InitTick
 .text.COM1_MspInit
                0x08000954       0x8c build/stm32h7xx_nucleo.o
 .text.BSP_PB_IRQHandler
                0x080009e0       0x14 build/stm32h7xx_nucleo.o
                0x080009e0                BSP_PB_IRQHandler
 .text.MX_USART3_Init
                0x080009f4       0x30 build/stm32h7xx_nucleo.o
                0x080009f4                MX_USART3_Init
 .text.BSP_COM_Init
                0x08000a24       0x30 build/stm32h7xx_nucleo.o
                0x08000a24                BSP_COM_Init
 .text.BSP_COM_SelectLogPort
                0x08000a54       0x14 build/stm32h7xx_nucleo.o
                0x08000a54                BSP_COM_SelectLogPort
 .text.__io_putchar
                0x08000a68       0x30 build/stm32h7xx_nucleo.o
                0x08000a68                __io_putchar
 .text.HAL_TIM_Base_MspInit
                0x08000a98        0x2 build/stm32h7xx_hal_tim.o
                0x08000a98                HAL_TIM_Base_MspInit
 *fill*         0x08000a9a        0x2 
 .text.HAL_TIM_Base_Start_IT
                0x08000a9c       0x90 build/stm32h7xx_hal_tim.o
                0x08000a9c                HAL_TIM_Base_Start_IT
 .text.HAL_TIM_OC_DelayElapsedCallback
                0x08000b2c        0x2 build/stm32h7xx_hal_tim.o
                0x08000b2c                HAL_TIM_OC_DelayElapsedCallback
 .text.HAL_TIM_IC_CaptureCallback
                0x08000b2e        0x2 build/stm32h7xx_hal_tim.o
                0x08000b2e                HAL_TIM_IC_CaptureCallback
 .text.HAL_TIM_PWM_PulseFinishedCallback
                0x08000b30        0x2 build/stm32h7xx_hal_tim.o
                0x08000b30                HAL_TIM_PWM_PulseFinishedCallback
 .text.HAL_TIM_TriggerCallback
                0x08000b32        0x2 build/stm32h7xx_hal_tim.o
                0x08000b32                HAL_TIM_TriggerCallback
 .text.HAL_TIM_IRQHandler
                0x08000b34      0x17a build/stm32h7xx_hal_tim.o
                0x08000b34                HAL_TIM_IRQHandler
 *fill*         0x08000cae        0x2 
 .text.TIM_Base_SetConfig
                0x08000cb0      0x104 build/stm32h7xx_hal_tim.o
                0x08000cb0                TIM_Base_SetConfig
 .text.HAL_TIM_Base_Init
                0x08000db4       0x60 build/stm32h7xx_hal_tim.o
                0x08000db4                HAL_TIM_Base_Init
 .text.HAL_TIMEx_CommutCallback
                0x08000e14        0x2 build/stm32h7xx_hal_tim_ex.o
                0x08000e14                HAL_TIMEx_CommutCallback
 .text.HAL_TIMEx_BreakCallback
                0x08000e16        0x2 build/stm32h7xx_hal_tim_ex.o
                0x08000e16                HAL_TIMEx_BreakCallback
 .text.HAL_TIMEx_Break2Callback
                0x08000e18        0x2 build/stm32h7xx_hal_tim_ex.o
                0x08000e18                HAL_TIMEx_Break2Callback
 .text.HAL_ETH_PMTCallback
                0x08000e1a        0x2 build/stm32h7xx_hal_eth.o
                0x08000e1a                HAL_ETH_PMTCallback
 .text.HAL_ETH_EEECallback
                0x08000e1c        0x2 build/stm32h7xx_hal_eth.o
                0x08000e1c                HAL_ETH_EEECallback
 .text.HAL_ETH_WakeUpCallback
                0x08000e1e        0x2 build/stm32h7xx_hal_eth.o
                0x08000e1e                HAL_ETH_WakeUpCallback
 .text.HAL_ETH_IRQHandler
                0x08000e20      0x184 build/stm32h7xx_hal_eth.o
                0x08000e20                HAL_ETH_IRQHandler
 .text.HAL_ETH_GetDMAError
                0x08000fa4        0x6 build/stm32h7xx_hal_eth.o
                0x08000fa4                HAL_ETH_GetDMAError
 *fill*         0x08000faa        0x2 
 .text.HAL_RCC_OscConfig
                0x08000fac      0x6b0 build/stm32h7xx_hal_rcc.o
                0x08000fac                HAL_RCC_OscConfig
 .text.HAL_RCC_GetSysClockFreq
                0x0800165c      0x1f8 build/stm32h7xx_hal_rcc.o
                0x0800165c                HAL_RCC_GetSysClockFreq
 .text.HAL_RCC_ClockConfig
                0x08001854      0x294 build/stm32h7xx_hal_rcc.o
                0x08001854                HAL_RCC_ClockConfig
 .text.HAL_RCC_GetHCLKFreq
                0x08001ae8       0x44 build/stm32h7xx_hal_rcc.o
                0x08001ae8                HAL_RCC_GetHCLKFreq
 .text.HAL_RCC_GetPCLK1Freq
                0x08001b2c       0x24 build/stm32h7xx_hal_rcc.o
                0x08001b2c                HAL_RCC_GetPCLK1Freq
 .text.HAL_RCC_GetPCLK2Freq
                0x08001b50       0x24 build/stm32h7xx_hal_rcc.o
                0x08001b50                HAL_RCC_GetPCLK2Freq
 .text.HAL_RCC_GetClockConfig
                0x08001b74       0x54 build/stm32h7xx_hal_rcc.o
                0x08001b74                HAL_RCC_GetClockConfig
 .text.HAL_RCCEx_GetD3PCLK1Freq
                0x08001bc8       0x24 build/stm32h7xx_hal_rcc_ex.o
                0x08001bc8                HAL_RCCEx_GetD3PCLK1Freq
 .text.HAL_RCCEx_GetPLL2ClockFreq
                0x08001bec      0x200 build/stm32h7xx_hal_rcc_ex.o
                0x08001bec                HAL_RCCEx_GetPLL2ClockFreq
 .text.HAL_RCCEx_GetPLL3ClockFreq
                0x08001dec      0x200 build/stm32h7xx_hal_rcc_ex.o
                0x08001dec                HAL_RCCEx_GetPLL3ClockFreq
 .text.HAL_GPIO_Init
                0x08001fec      0x220 build/stm32h7xx_hal_gpio.o
                0x08001fec                HAL_GPIO_Init
 .text.HAL_PWREx_ConfigSupply
                0x0800220c       0x94 build/stm32h7xx_hal_pwr_ex.o
                0x0800220c                HAL_PWREx_ConfigSupply
 .text.__NVIC_EnableIRQ
                0x080022a0       0x1c build/stm32h7xx_hal_cortex.o
 .text.__NVIC_SetPriority
                0x080022bc       0x24 build/stm32h7xx_hal_cortex.o
 .text.NVIC_EncodePriority
                0x080022e0       0x3e build/stm32h7xx_hal_cortex.o
 *fill*         0x0800231e        0x2 
 .text.HAL_NVIC_SetPriorityGrouping
                0x08002320       0x24 build/stm32h7xx_hal_cortex.o
                0x08002320                HAL_NVIC_SetPriorityGrouping
 .text.HAL_NVIC_SetPriority
                0x08002344       0x20 build/stm32h7xx_hal_cortex.o
                0x08002344                HAL_NVIC_SetPriority
 .text.HAL_NVIC_EnableIRQ
                0x08002364        0x8 build/stm32h7xx_hal_cortex.o
                0x08002364                HAL_NVIC_EnableIRQ
 .text.HAL_GetCurrentCPUID
                0x0800236c       0x18 build/stm32h7xx_hal_cortex.o
                0x0800236c                HAL_GetCurrentCPUID
 .text.HAL_Init
                0x08002384       0x5c build/stm32h7xx_hal.o
                0x08002384                HAL_Init
 .text.HAL_GetTick
                0x080023e0        0xc build/stm32h7xx_hal.o
                0x080023e0                HAL_GetTick
 .text.HAL_GetREVID
                0x080023ec        0xc build/stm32h7xx_hal.o
                0x080023ec                HAL_GetREVID
 .text.HAL_EXTI_IRQHandler
                0x080023f8       0x40 build/stm32h7xx_hal_exti.o
                0x080023f8                HAL_EXTI_IRQHandler
 .text.UART_EndRxTransfer
                0x08002438       0x58 build/stm32h7xx_hal_uart.o
 .text.HAL_UART_MspInit
                0x08002490        0x2 build/stm32h7xx_hal_uart.o
                0x08002490                HAL_UART_MspInit
 *fill*         0x08002492        0x2 
 .text.UART_SetConfig
                0x08002494      0x5f4 build/stm32h7xx_hal_uart.o
                0x08002494                UART_SetConfig
 .text.UART_AdvFeatureConfig
                0x08002a88       0xca build/stm32h7xx_hal_uart.o
                0x08002a88                UART_AdvFeatureConfig
 .text.UART_WaitOnFlagUntilTimeout
                0x08002b52       0xa6 build/stm32h7xx_hal_uart.o
                0x08002b52                UART_WaitOnFlagUntilTimeout
 .text.HAL_UART_Transmit
                0x08002bf8       0xd0 build/stm32h7xx_hal_uart.o
                0x08002bf8                HAL_UART_Transmit
 .text.UART_CheckIdleState
                0x08002cc8       0xca build/stm32h7xx_hal_uart.o
                0x08002cc8                UART_CheckIdleState
 .text.HAL_UART_Init
                0x08002d92       0x66 build/stm32h7xx_hal_uart.o
                0x08002d92                HAL_UART_Init
 .text.SystemInit
                0x08002df8      0x110 build/system_stm32h7xx_dualcore_boot_cm4_cm7.o
                0x08002df8                SystemInit
 .text.ExitRun0Mode
                0x08002f08       0x1c build/system_stm32h7xx_dualcore_boot_cm4_cm7.o
                0x08002f08                ExitRun0Mode
 .text.vListInitialise
                0x08002f24       0x16 build/list.o
                0x08002f24                vListInitialise
 .text.vListInitialiseItem
                0x08002f3a        0x6 build/list.o
                0x08002f3a                vListInitialiseItem
 .text.vListInsertEnd
                0x08002f40       0x16 build/list.o
                0x08002f40                vListInsertEnd
 .text.vListInsert
                0x08002f56       0x32 build/list.o
                0x08002f56                vListInsert
 .text.uxListRemove
                0x08002f88       0x26 build/list.o
                0x08002f88                uxListRemove
 .text.prvIsQueueFull
                0x08002fae       0x1e build/queue.o
 .text.prvIsQueueEmpty
                0x08002fcc       0x1a build/queue.o
 .text.prvCopyDataToQueue
                0x08002fe6       0x76 build/queue.o
 .text.prvCopyDataFromQueue
                0x0800305c       0x24 build/queue.o
 .text.prvUnlockQueue
                0x08003080       0x6e build/queue.o
 .text.xQueueGenericReset
                0x080030ee       0x84 build/queue.o
                0x080030ee                xQueueGenericReset
 .text.prvInitialiseNewQueue
                0x08003172       0x22 build/queue.o
 .text.xQueueGenericCreateStatic
                0x08003194       0xa6 build/queue.o
                0x08003194                xQueueGenericCreateStatic
 .text.xQueueGenericSend
                0x0800323a      0x188 build/queue.o
                0x0800323a                xQueueGenericSend
 .text.xQueueGenericSendFromISR
                0x080033c2       0xce build/queue.o
                0x080033c2                xQueueGenericSendFromISR
 .text.xQueueGiveFromISR
                0x08003490       0xb2 build/queue.o
                0x08003490                xQueueGiveFromISR
 .text.xQueueReceive
                0x08003542      0x15e build/queue.o
                0x08003542                xQueueReceive
 .text.vQueueAddToRegistry
                0x080036a0       0x28 build/queue.o
                0x080036a0                vQueueAddToRegistry
 .text.vQueueWaitForMessageRestricted
                0x080036c8       0x52 build/queue.o
                0x080036c8                vQueueWaitForMessageRestricted
 *fill*         0x0800371a        0x2 
 .text.prvResetNextTaskUnblockTime
                0x0800371c       0x2c build/tasks.o
 .text.prvInitialiseNewTask
                0x08003748      0x104 build/tasks.o
 .text.prvInitialiseTaskLists
                0x0800384c       0x68 build/tasks.o
 .text.prvAddNewTaskToReadyList
                0x080038b4       0xac build/tasks.o
 .text.prvDeleteTCB
                0x08003960       0x40 build/tasks.o
 .text.prvCheckTasksWaitingTermination
                0x080039a0       0x4c build/tasks.o
 .text.prvIdleTask
                0x080039ec       0x28 build/tasks.o
 .text.prvAddCurrentTaskToDelayedList
                0x08003a14       0x84 build/tasks.o
 .text.xTaskCreateStatic
                0x08003a98       0x7a build/tasks.o
                0x08003a98                xTaskCreateStatic
 .text.xTaskCreate
                0x08003b12       0x66 build/tasks.o
                0x08003b12                xTaskCreate
 .text.vTaskDelete
                0x08003b78       0xb8 build/tasks.o
                0x08003b78                vTaskDelete
 .text.vTaskStartScheduler
                0x08003c30       0xac build/tasks.o
                0x08003c30                vTaskStartScheduler
 .text.vTaskSuspendAll
                0x08003cdc       0x10 build/tasks.o
                0x08003cdc                vTaskSuspendAll
 .text.xTaskGetTickCount
                0x08003cec        0xc build/tasks.o
                0x08003cec                xTaskGetTickCount
 .text.xTaskIncrementTick
                0x08003cf8      0x118 build/tasks.o
                0x08003cf8                xTaskIncrementTick
 .text.xTaskResumeAll
                0x08003e10       0xf8 build/tasks.o
                0x08003e10                xTaskResumeAll
 .text.vTaskDelay
                0x08003f08       0x4c build/tasks.o
                0x08003f08                vTaskDelay
 .text.vTaskSwitchContext
                0x08003f54       0xa4 build/tasks.o
                0x08003f54                vTaskSwitchContext
 .text.vTaskPlaceOnEventList
                0x08003ff8       0x30 build/tasks.o
                0x08003ff8                vTaskPlaceOnEventList
 .text.vTaskPlaceOnEventListRestricted
                0x08004028       0x38 build/tasks.o
                0x08004028                vTaskPlaceOnEventListRestricted
 .text.xTaskRemoveFromEventList
                0x08004060       0x8c build/tasks.o
                0x08004060                xTaskRemoveFromEventList
 .text.vTaskInternalSetTimeOutState
                0x080040ec       0x18 build/tasks.o
                0x080040ec                vTaskInternalSetTimeOutState
 .text.xTaskCheckForTimeOut
                0x08004104       0x88 build/tasks.o
                0x08004104                xTaskCheckForTimeOut
 .text.vTaskMissedYield
                0x0800418c        0xc build/tasks.o
                0x0800418c                vTaskMissedYield
 .text.xTaskGetSchedulerState
                0x08004198       0x20 build/tasks.o
                0x08004198                xTaskGetSchedulerState
 .text.xTaskPriorityDisinherit
                0x080041b8       0x90 build/tasks.o
                0x080041b8                xTaskPriorityDisinherit
 .text.prvGetNextExpireTime
                0x08004248       0x20 build/timers.o
 .text.prvInsertTimerInActiveList
                0x08004268       0x50 build/timers.o
 .text.prvCheckForValidListAndQueue
                0x080042b8       0x70 build/timers.o
 .text.xTimerCreateTimerTask
                0x08004328       0x64 build/timers.o
                0x08004328                xTimerCreateTimerTask
 .text.xTimerGenericCommand
                0x0800438c       0x6c build/timers.o
                0x0800438c                xTimerGenericCommand
 .text.prvSwitchTimerLists
                0x080043f8       0x7c build/timers.o
 .text.prvSampleTimeNow
                0x08004474       0x2c build/timers.o
 .text.prvProcessExpiredTimer
                0x080044a0       0x6c build/timers.o
 .text.prvProcessTimerOrBlockTask
                0x0800450c       0x78 build/timers.o
 .text.prvProcessReceivedCommands
                0x08004584      0x10c build/timers.o
 .text.prvTimerTask
                0x08004690       0x16 build/timers.o
 .text.SysTick_Handler
                0x080046a6       0x18 build/cmsis_os2.o
                0x080046a6                SysTick_Handler
 *fill*         0x080046be        0x2 
 .text.osKernelInitialize
                0x080046c0       0x24 build/cmsis_os2.o
                0x080046c0                osKernelInitialize
 .text.osKernelStart
                0x080046e4       0x38 build/cmsis_os2.o
                0x080046e4                osKernelStart
 .text.osThreadNew
                0x0800471c       0xb6 build/cmsis_os2.o
                0x0800471c                osThreadNew
 .text.osThreadExit
                0x080047d2        0xa build/cmsis_os2.o
                0x080047d2                osThreadExit
 .text.osDelay  0x080047dc       0x1c build/cmsis_os2.o
                0x080047dc                osDelay
 .text.osSemaphoreRelease
                0x080047f8       0x5e build/cmsis_os2.o
                0x080047f8                osSemaphoreRelease
 *fill*         0x08004856        0x2 
 .text.vApplicationGetIdleTaskMemory
                0x08004858       0x18 build/cmsis_os2.o
                0x08004858                vApplicationGetIdleTaskMemory
 .text.vApplicationGetTimerTaskMemory
                0x08004870       0x18 build/cmsis_os2.o
                0x08004870                vApplicationGetTimerTaskMemory
 .text.prvHeapInit
                0x08004888       0x64 build/heap_4.o
 .text.prvInsertBlockIntoFreeList
                0x080048ec       0x64 build/heap_4.o
 .text.pvPortMalloc
                0x08004950      0x104 build/heap_4.o
                0x08004950                pvPortMalloc
 .text.vPortFree
                0x08004a54       0x7c build/heap_4.o
                0x08004a54                vPortFree
 .text.prvTaskExitError
                0x08004ad0       0x40 build/port.o
 .text.prvPortStartFirstTask
                0x08004b10       0x28 build/port.o
 .text.vPortEnableVFP
                0x08004b38       0x14 build/port.o
 .text.pxPortInitialiseStack
                0x08004b4c       0x2c build/port.o
                0x08004b4c                pxPortInitialiseStack
 *fill*         0x08004b78        0x8 
 .text.SVC_Handler
                0x08004b80       0x24 build/port.o
                0x08004b80                SVC_Handler
 .text.vPortEnterCritical
                0x08004ba4       0x44 build/port.o
                0x08004ba4                vPortEnterCritical
 .text.vPortExitCritical
                0x08004be8       0x2c build/port.o
                0x08004be8                vPortExitCritical
 *fill*         0x08004c14        0xc 
 .text.PendSV_Handler
                0x08004c20       0x64 build/port.o
                0x08004c20                PendSV_Handler
 .text.xPortSysTickHandler
                0x08004c84       0x2c build/port.o
                0x08004c84                xPortSysTickHandler
 .text.vPortSetupTimerInterrupt
                0x08004cb0       0x28 build/port.o
                0x08004cb0                vPortSetupTimerInterrupt
 .text.xPortStartScheduler
                0x08004cd8      0x118 build/port.o
                0x08004cd8                xPortStartScheduler
 .text.vPortValidateInterruptPriority
                0x08004df0       0x5c build/port.o
                0x08004df0                vPortValidateInterruptPriority
 .text._sbrk    0x08004e4c       0x48 build/sysmem.o
                0x08004e4c                _sbrk
 .text._read    0x08004e94       0x20 build/syscalls.o
                0x08004e94                _read
 .text._write   0x08004eb4       0x1c build/syscalls.o
                0x08004eb4                _write
 .text._close   0x08004ed0        0x6 build/syscalls.o
                0x08004ed0                _close
 .text._fstat   0x08004ed6        0xa build/syscalls.o
                0x08004ed6                _fstat
 .text._isatty  0x08004ee0        0x4 build/syscalls.o
                0x08004ee0                _isatty
 .text._lseek   0x08004ee4        0x4 build/syscalls.o
                0x08004ee4                _lseek
 .text.Reset_Handler
                0x08004ee8       0x54 build/startup_stm32h755xx_CM7.o
                0x08004ee8                Reset_Handler
 .text.Default_Handler
                0x08004f3c        0x2 build/startup_stm32h755xx_CM7.o
                0x08004f3c                RTC_Alarm_IRQHandler
                0x08004f3c                HASH_RNG_IRQHandler
                0x08004f3c                EXTI2_IRQHandler
                0x08004f3c                TIM8_CC_IRQHandler
                0x08004f3c                HRTIM1_Master_IRQHandler
                0x08004f3c                UART8_IRQHandler
                0x08004f3c                SPI4_IRQHandler
                0x08004f3c                TIM1_CC_IRQHandler
                0x08004f3c                BDMA_Channel6_IRQHandler
                0x08004f3c                DMA2_Stream5_IRQHandler
                0x08004f3c                HRTIM1_FLT_IRQHandler
                0x08004f3c                JPEG_IRQHandler
                0x08004f3c                DMA1_Stream5_IRQHandler
                0x08004f3c                BDMA_Channel1_IRQHandler
                0x08004f3c                HRTIM1_TIMD_IRQHandler
                0x08004f3c                TAMP_STAMP_IRQHandler
                0x08004f3c                EXTI3_IRQHandler
                0x08004f3c                LPTIM4_IRQHandler
                0x08004f3c                TIM8_TRG_COM_TIM14_IRQHandler
                0x08004f3c                LPTIM2_IRQHandler
                0x08004f3c                DFSDM1_FLT1_IRQHandler
                0x08004f3c                DMAMUX2_OVR_IRQHandler
                0x08004f3c                TIM8_UP_TIM13_IRQHandler
                0x08004f3c                I2C3_ER_IRQHandler
                0x08004f3c                DFSDM1_FLT2_IRQHandler
                0x08004f3c                MDMA_IRQHandler
                0x08004f3c                LPTIM3_IRQHandler
                0x08004f3c                HSEM1_IRQHandler
                0x08004f3c                EXTI0_IRQHandler
                0x08004f3c                I2C2_EV_IRQHandler
                0x08004f3c                DMA1_Stream2_IRQHandler
                0x08004f3c                FPU_IRQHandler
                0x08004f3c                OTG_HS_WKUP_IRQHandler
                0x08004f3c                FDCAN1_IT1_IRQHandler
                0x08004f3c                LTDC_ER_IRQHandler
                0x08004f3c                DMA2_Stream2_IRQHandler
                0x08004f3c                HRTIM1_TIME_IRQHandler
                0x08004f3c                SPI1_IRQHandler
                0x08004f3c                TIM6_DAC_IRQHandler
                0x08004f3c                DCMI_IRQHandler
                0x08004f3c                HRTIM1_TIMC_IRQHandler
                0x08004f3c                DMA2_Stream3_IRQHandler
                0x08004f3c                SAI2_IRQHandler
                0x08004f3c                DFSDM1_FLT3_IRQHandler
                0x08004f3c                USART6_IRQHandler
                0x08004f3c                TIM17_IRQHandler
                0x08004f3c                USART3_IRQHandler
                0x08004f3c                BDMA_Channel7_IRQHandler
                0x08004f3c                CRYP_IRQHandler
                0x08004f3c                LPTIM5_IRQHandler
                0x08004f3c                UART5_IRQHandler
                0x08004f3c                ADC3_IRQHandler
                0x08004f3c                DMA2_Stream0_IRQHandler
                0x08004f3c                TIM4_IRQHandler
                0x08004f3c                BDMA_Channel2_IRQHandler
                0x08004f3c                QUADSPI_IRQHandler
                0x08004f3c                I2C1_EV_IRQHandler
                0x08004f3c                DMA1_Stream6_IRQHandler
                0x08004f3c                DMAMUX1_OVR_IRQHandler
                0x08004f3c                DMA1_Stream1_IRQHandler
                0x08004f3c                TIM16_IRQHandler
                0x08004f3c                UART4_IRQHandler
                0x08004f3c                BDMA_Channel5_IRQHandler
                0x08004f3c                TIM3_IRQHandler
                0x08004f3c                RCC_IRQHandler
                0x08004f3c                TIM8_BRK_TIM12_IRQHandler
                0x08004f3c                TIM1_TRG_COM_IRQHandler
                0x08004f3c                Default_Handler
                0x08004f3c                ECC_IRQHandler
                0x08004f3c                CEC_IRQHandler
                0x08004f3c                BDMA_Channel0_IRQHandler
                0x08004f3c                ADC_IRQHandler
                0x08004f3c                DMA1_Stream7_IRQHandler
                0x08004f3c                HRTIM1_TIMA_IRQHandler
                0x08004f3c                SPI5_IRQHandler
                0x08004f3c                TIM7_IRQHandler
                0x08004f3c                SDMMC1_IRQHandler
                0x08004f3c                TIM5_IRQHandler
                0x08004f3c                DMA2_Stream7_IRQHandler
                0x08004f3c                TIM15_IRQHandler
                0x08004f3c                PVD_AVD_IRQHandler
                0x08004f3c                I2C3_EV_IRQHandler
                0x08004f3c                EXTI9_5_IRQHandler
                0x08004f3c                RTC_WKUP_IRQHandler
                0x08004f3c                LTDC_IRQHandler
                0x08004f3c                SAI3_IRQHandler
                0x08004f3c                ETH_WKUP_IRQHandler
                0x08004f3c                SPDIF_RX_IRQHandler
                0x08004f3c                SPI2_IRQHandler
                0x08004f3c                OTG_HS_EP1_IN_IRQHandler
                0x08004f3c                DMA1_Stream0_IRQHandler
                0x08004f3c                CRS_IRQHandler
                0x08004f3c                CM7_SEV_IRQHandler
                0x08004f3c                EXTI4_IRQHandler
                0x08004f3c                CM4_SEV_IRQHandler
                0x08004f3c                HRTIM1_TIMB_IRQHandler
                0x08004f3c                FDCAN2_IT1_IRQHandler
                0x08004f3c                WWDG_RST_IRQHandler
                0x08004f3c                BDMA_Channel4_IRQHandler
                0x08004f3c                OTG_HS_EP1_OUT_IRQHandler
                0x08004f3c                WWDG_IRQHandler
                0x08004f3c                SPI6_IRQHandler
                0x08004f3c                MDIOS_IRQHandler
                0x08004f3c                I2C4_EV_IRQHandler
                0x08004f3c                FDCAN2_IT0_IRQHandler
                0x08004f3c                LPUART1_IRQHandler
                0x08004f3c                FDCAN1_IT0_IRQHandler
                0x08004f3c                TIM2_IRQHandler
                0x08004f3c                OTG_FS_WKUP_IRQHandler
                0x08004f3c                OTG_HS_IRQHandler
                0x08004f3c                HSEM2_IRQHandler
                0x08004f3c                DMA2D_IRQHandler
                0x08004f3c                TIM1_BRK_IRQHandler
                0x08004f3c                EXTI1_IRQHandler
                0x08004f3c                SDMMC2_IRQHandler
                0x08004f3c                OTG_FS_EP1_OUT_IRQHandler
                0x08004f3c                BDMA_Channel3_IRQHandler
                0x08004f3c                HOLD_CORE_IRQHandler
                0x08004f3c                UART7_IRQHandler
                0x08004f3c                MDIOS_WKUP_IRQHandler
                0x08004f3c                USART2_IRQHandler
                0x08004f3c                DFSDM1_FLT0_IRQHandler
                0x08004f3c                SAI4_IRQHandler
                0x08004f3c                I2C2_ER_IRQHandler
                0x08004f3c                DMA2_Stream1_IRQHandler
                0x08004f3c                FLASH_IRQHandler
                0x08004f3c                DMA2_Stream4_IRQHandler
                0x08004f3c                USART1_IRQHandler
                0x08004f3c                OTG_FS_IRQHandler
                0x08004f3c                SPI3_IRQHandler
                0x08004f3c                WAKEUP_PIN_IRQHandler
                0x08004f3c                DMA1_Stream4_IRQHandler
                0x08004f3c                OTG_FS_EP1_IN_IRQHandler
                0x08004f3c                I2C1_ER_IRQHandler
                0x08004f3c                FMC_IRQHandler
                0x08004f3c                FDCAN_CAL_IRQHandler
                0x08004f3c                SWPMI1_IRQHandler
                0x08004f3c                COMP1_IRQHandler
                0x08004f3c                LPTIM1_IRQHandler
                0x08004f3c                I2C4_ER_IRQHandler
                0x08004f3c                DMA2_Stream6_IRQHandler
                0x08004f3c                SAI1_IRQHandler
                0x08004f3c                DMA1_Stream3_IRQHandler
 *fill*         0x08004f3e        0x2 
 .text.std      0x08004f40       0x6c C:/Program Files (x86)/Arm GNU Toolchain arm-none-eabi/14.3 rel1/bin/../lib/gcc/arm-none-eabi/14.3.1/../../../../arm-none-eabi/lib/thumb/v7e-m+dp/softfp\libc_nano.a(libc_a-findfp.o)
 .text.stdio_exit_handler
                0x08004fac       0x18 C:/Program Files (x86)/Arm GNU Toolchain arm-none-eabi/14.3 rel1/bin/../lib/gcc/arm-none-eabi/14.3.1/../../../../arm-none-eabi/lib/thumb/v7e-m+dp/softfp\libc_nano.a(libc_a-findfp.o)
 .text.cleanup_stdio
                0x08004fc4       0x40 C:/Program Files (x86)/Arm GNU Toolchain arm-none-eabi/14.3 rel1/bin/../lib/gcc/arm-none-eabi/14.3.1/../../../../arm-none-eabi/lib/thumb/v7e-m+dp/softfp\libc_nano.a(libc_a-findfp.o)
 .text.global_stdio_init.part.0
                0x08005004       0x40 C:/Program Files (x86)/Arm GNU Toolchain arm-none-eabi/14.3 rel1/bin/../lib/gcc/arm-none-eabi/14.3.1/../../../../arm-none-eabi/lib/thumb/v7e-m+dp/softfp\libc_nano.a(libc_a-findfp.o)
 .text.__sfp_lock_acquire
                0x08005044        0xc C:/Program Files (x86)/Arm GNU Toolchain arm-none-eabi/14.3 rel1/bin/../lib/gcc/arm-none-eabi/14.3.1/../../../../arm-none-eabi/lib/thumb/v7e-m+dp/softfp\libc_nano.a(libc_a-findfp.o)
                0x08005044                __sfp_lock_acquire
 .text.__sfp_lock_release
                0x08005050        0xc C:/Program Files (x86)/Arm GNU Toolchain arm-none-eabi/14.3 rel1/bin/../lib/gcc/arm-none-eabi/14.3.1/../../../../arm-none-eabi/lib/thumb/v7e-m+dp/softfp\libc_nano.a(libc_a-findfp.o)
                0x08005050                __sfp_lock_release
 .text.__sinit  0x0800505c       0x30 C:/Program Files (x86)/Arm GNU Toolchain arm-none-eabi/14.3 rel1/bin/../lib/gcc/arm-none-eabi/14.3.1/../../../../arm-none-eabi/lib/thumb/v7e-m+dp/softfp\libc_nano.a(libc_a-findfp.o)
                0x0800505c                __sinit
 .text._fwalk_sglue
                0x0800508c       0x3c C:/Program Files (x86)/Arm GNU Toolchain arm-none-eabi/14.3 rel1/bin/../lib/gcc/arm-none-eabi/14.3.1/../../../../arm-none-eabi/lib/thumb/v7e-m+dp/softfp\libc_nano.a(libc_a-fwalk.o)
                0x0800508c                _fwalk_sglue
 .text.printf   0x080050c8       0x24 C:/Program Files (x86)/Arm GNU Toolchain arm-none-eabi/14.3 rel1/bin/../lib/gcc/arm-none-eabi/14.3.1/../../../../arm-none-eabi/lib/thumb/v7e-m+dp/softfp\libc_nano.a(libc_a-printf.o)
                0x080050c8                iprintf
                0x080050c8                printf
 .text._puts_r  0x080050ec       0xaa C:/Program Files (x86)/Arm GNU Toolchain arm-none-eabi/14.3 rel1/bin/../lib/gcc/arm-none-eabi/14.3.1/../../../../arm-none-eabi/lib/thumb/v7e-m+dp/softfp\libc_nano.a(libc_a-puts.o)
                0x080050ec                _puts_r
 *fill*         0x08005196        0x2 
 .text.puts     0x08005198       0x10 C:/Program Files (x86)/Arm GNU Toolchain arm-none-eabi/14.3 rel1/bin/../lib/gcc/arm-none-eabi/14.3.1/../../../../arm-none-eabi/lib/thumb/v7e-m+dp/softfp\libc_nano.a(libc_a-puts.o)
                0x08005198                puts
 .text.__sread  0x080051a8       0x22 C:/Program Files (x86)/Arm GNU Toolchain arm-none-eabi/14.3 rel1/bin/../lib/gcc/arm-none-eabi/14.3.1/../../../../arm-none-eabi/lib/thumb/v7e-m+dp/softfp\libc_nano.a(libc_a-stdio.o)
                0x080051a8                __sread
 .text.__swrite
                0x080051ca       0x38 C:/Program Files (x86)/Arm GNU Toolchain arm-none-eabi/14.3 rel1/bin/../lib/gcc/arm-none-eabi/14.3.1/../../../../arm-none-eabi/lib/thumb/v7e-m+dp/softfp\libc_nano.a(libc_a-stdio.o)
                0x080051ca                __swrite
 .text.__sseek  0x08005202       0x26 C:/Program Files (x86)/Arm GNU Toolchain arm-none-eabi/14.3 rel1/bin/../lib/gcc/arm-none-eabi/14.3.1/../../../../arm-none-eabi/lib/thumb/v7e-m+dp/softfp\libc_nano.a(libc_a-stdio.o)
                0x08005202                __sseek
 .text.__sclose
                0x08005228        0x8 C:/Program Files (x86)/Arm GNU Toolchain arm-none-eabi/14.3 rel1/bin/../lib/gcc/arm-none-eabi/14.3.1/../../../../arm-none-eabi/lib/thumb/v7e-m+dp/softfp\libc_nano.a(libc_a-stdio.o)
                0x08005228                __sclose
 .text.__swbuf_r
                0x08005230       0x7c C:/Program Files (x86)/Arm GNU Toolchain arm-none-eabi/14.3 rel1/bin/../lib/gcc/arm-none-eabi/14.3.1/../../../../arm-none-eabi/lib/thumb/v7e-m+dp/softfp\libc_nano.a(libc_a-wbuf.o)
                0x08005230                __swbuf_r
 .text.__swsetup_r
                0x080052ac       0xa8 C:/Program Files (x86)/Arm GNU Toolchain arm-none-eabi/14.3 rel1/bin/../lib/gcc/arm-none-eabi/14.3.1/../../../../arm-none-eabi/lib/thumb/v7e-m+dp/softfp\libc_nano.a(libc_a-wsetup.o)
                0x080052ac                __swsetup_r
 .text.memset   0x08005354       0x10 C:/Program Files (x86)/Arm GNU Toolchain arm-none-eabi/14.3 rel1/bin/../lib/gcc/arm-none-eabi/14.3.1/../../../../arm-none-eabi/lib/thumb/v7e-m+dp/softfp\libc_nano.a(libc_a-memset.o)
                0x08005354                memset
 .text._close_r
                0x08005364       0x20 C:/Program Files (x86)/Arm GNU Toolchain arm-none-eabi/14.3 rel1/bin/../lib/gcc/arm-none-eabi/14.3.1/../../../../arm-none-eabi/lib/thumb/v7e-m+dp/softfp\libc_nano.a(libc_a-closer.o)
                0x08005364                _close_r
 .text._reclaim_reent
                0x08005384       0xbc C:/Program Files (x86)/Arm GNU Toolchain arm-none-eabi/14.3 rel1/bin/../lib/gcc/arm-none-eabi/14.3.1/../../../../arm-none-eabi/lib/thumb/v7e-m+dp/softfp\libc_nano.a(libc_a-reent.o)
                0x08005384                _reclaim_reent
 .text._lseek_r
                0x08005440       0x24 C:/Program Files (x86)/Arm GNU Toolchain arm-none-eabi/14.3 rel1/bin/../lib/gcc/arm-none-eabi/14.3.1/../../../../arm-none-eabi/lib/thumb/v7e-m+dp/softfp\libc_nano.a(libc_a-lseekr.o)
                0x08005440                _lseek_r
 .text._read_r  0x08005464       0x24 C:/Program Files (x86)/Arm GNU Toolchain arm-none-eabi/14.3 rel1/bin/../lib/gcc/arm-none-eabi/14.3.1/../../../../arm-none-eabi/lib/thumb/v7e-m+dp/softfp\libc_nano.a(libc_a-readr.o)
                0x08005464                _read_r
 .text._write_r
                0x08005488       0x24 C:/Program Files (x86)/Arm GNU Toolchain arm-none-eabi/14.3 rel1/bin/../lib/gcc/arm-none-eabi/14.3.1/../../../../arm-none-eabi/lib/thumb/v7e-m+dp/softfp\libc_nano.a(libc_a-writer.o)
                0x08005488                _write_r
 .text.__errno  0x080054ac        0xc C:/Program Files (x86)/Arm GNU Toolchain arm-none-eabi/14.3 rel1/bin/../lib/gcc/arm-none-eabi/14.3.1/../../../../arm-none-eabi/lib/thumb/v7e-m+dp/softfp\libc_nano.a(libc_a-errno.o)
                0x080054ac                __errno
 .text.__libc_init_array
                0x080054b8       0x48 C:/Program Files (x86)/Arm GNU Toolchain arm-none-eabi/14.3 rel1/bin/../lib/gcc/arm-none-eabi/14.3.1/../../../../arm-none-eabi/lib/thumb/v7e-m+dp/softfp\libc_nano.a(libc_a-init.o)
                0x080054b8                __libc_init_array
 .text.__retarget_lock_init_recursive
                0x08005500        0x2 C:/Program Files (x86)/Arm GNU Toolchain arm-none-eabi/14.3 rel1/bin/../lib/gcc/arm-none-eabi/14.3.1/../../../../arm-none-eabi/lib/thumb/v7e-m+dp/softfp\libc_nano.a(libc_a-lock.o)
                0x08005500                __retarget_lock_init_recursive
 .text.__retarget_lock_acquire_recursive
                0x08005502        0x2 C:/Program Files (x86)/Arm GNU Toolchain arm-none-eabi/14.3 rel1/bin/../lib/gcc/arm-none-eabi/14.3.1/../../../../arm-none-eabi/lib/thumb/v7e-m+dp/softfp\libc_nano.a(libc_a-lock.o)
                0x08005502                __retarget_lock_acquire_recursive
 .text.__retarget_lock_release_recursive
                0x08005504        0x2 C:/Program Files (x86)/Arm GNU Toolchain arm-none-eabi/14.3 rel1/bin/../lib/gcc/arm-none-eabi/14.3.1/../../../../arm-none-eabi/lib/thumb/v7e-m+dp/softfp\libc_nano.a(libc_a-lock.o)
                0x08005504                __retarget_lock_release_recursive
 .text.memcpy   0x08005506       0x1c C:/Program Files (x86)/Arm GNU Toolchain arm-none-eabi/14.3 rel1/bin/../lib/gcc/arm-none-eabi/14.3.1/../../../../arm-none-eabi/lib/thumb/v7e-m+dp/softfp\libc_nano.a(libc_a-memcpy-stub.o)
                0x08005506                memcpy
 *fill*         0x08005522        0x2 
 .text._free_r  0x08005524       0x94 C:/Program Files (x86)/Arm GNU Toolchain arm-none-eabi/14.3 rel1/bin/../lib/gcc/arm-none-eabi/14.3.1/../../../../arm-none-eabi/lib/thumb/v7e-m+dp/softfp\libc_nano.a(libc_a-freer.o)
                0x08005524                _free_r
 .text.sbrk_aligned
                0x080055b8       0x44 C:/Program Files (x86)/Arm GNU Toolchain arm-none-eabi/14.3 rel1/bin/../lib/gcc/arm-none-eabi/14.3.1/../../../../arm-none-eabi/lib/thumb/v7e-m+dp/softfp\libc_nano.a(libc_a-mallocr.o)
 .text._malloc_r
                0x080055fc      0x100 C:/Program Files (x86)/Arm GNU Toolchain arm-none-eabi/14.3 rel1/bin/../lib/gcc/arm-none-eabi/14.3.1/../../../../arm-none-eabi/lib/thumb/v7e-m+dp/softfp\libc_nano.a(libc_a-mallocr.o)
                0x080055fc                _malloc_r
 .text.__malloc_lock
                0x080056fc        0xc C:/Program Files (x86)/Arm GNU Toolchain arm-none-eabi/14.3 rel1/bin/../lib/gcc/arm-none-eabi/14.3.1/../../../../arm-none-eabi/lib/thumb/v7e-m+dp/softfp\libc_nano.a(libc_a-mlock.o)
                0x080056fc                __malloc_lock
 .text.__malloc_unlock
                0x08005708        0xc C:/Program Files (x86)/Arm GNU Toolchain arm-none-eabi/14.3 rel1/bin/../lib/gcc/arm-none-eabi/14.3.1/../../../../arm-none-eabi/lib/thumb/v7e-m+dp/softfp\libc_nano.a(libc_a-mlock.o)
                0x08005708                __malloc_unlock
 .text.__sfputc_r
                0x08005714       0x2e C:/Program Files (x86)/Arm GNU Toolchain arm-none-eabi/14.3 rel1/bin/../lib/gcc/arm-none-eabi/14.3.1/../../../../arm-none-eabi/lib/thumb/v7e-m+dp/softfp\libc_nano.a(libc_a-nano-vfprintf.o)
 .text.__sfputs_r
                0x08005742       0x24 C:/Program Files (x86)/Arm GNU Toolchain arm-none-eabi/14.3 rel1/bin/../lib/gcc/arm-none-eabi/14.3.1/../../../../arm-none-eabi/lib/thumb/v7e-m+dp/softfp\libc_nano.a(libc_a-nano-vfprintf.o)
                0x08005742                __sfputs_r
 *fill*         0x08005766        0x2 
 .text._vfprintf_r
                0x08005768      0x228 C:/Program Files (x86)/Arm GNU Toolchain arm-none-eabi/14.3 rel1/bin/../lib/gcc/arm-none-eabi/14.3.1/../../../../arm-none-eabi/lib/thumb/v7e-m+dp/softfp\libc_nano.a(libc_a-nano-vfprintf.o)
                0x08005768                _vfprintf_r
                0x08005768                _vfiprintf_r
 .text._printf_common
                0x08005990       0xda C:/Program Files (x86)/Arm GNU Toolchain arm-none-eabi/14.3 rel1/bin/../lib/gcc/arm-none-eabi/14.3.1/../../../../arm-none-eabi/lib/thumb/v7e-m+dp/softfp\libc_nano.a(libc_a-nano-vfprintf_i.o)
                0x08005990                _printf_common
 *fill*         0x08005a6a        0x2 
 .text._printf_i
                0x08005a6c      0x24c C:/Program Files (x86)/Arm GNU Toolchain arm-none-eabi/14.3 rel1/bin/../lib/gcc/arm-none-eabi/14.3.1/../../../../arm-none-eabi/lib/thumb/v7e-m+dp/softfp\libc_nano.a(libc_a-nano-vfprintf_i.o)
                0x08005a6c                _printf_i
 .text.__sflush_r
                0x08005cb8      0x104 C:/Program Files (x86)/Arm GNU Toolchain arm-none-eabi/14.3 rel1/bin/../lib/gcc/arm-none-eabi/14.3.1/../../../../arm-none-eabi/lib/thumb/v7e-m+dp/softfp\libc_nano.a(libc_a-fflush.o)
                0x08005cb8                __sflush_r
 .text._fflush_r
                0x08005dbc       0x50 C:/Program Files (x86)/Arm GNU Toolchain arm-none-eabi/14.3 rel1/bin/../lib/gcc/arm-none-eabi/14.3.1/../../../../arm-none-eabi/lib/thumb/v7e-m+dp/softfp\libc_nano.a(libc_a-fflush.o)
                0x08005dbc                _fflush_r
 .text.__swhatbuf_r
                0x08005e0c       0x48 C:/Program Files (x86)/Arm GNU Toolchain arm-none-eabi/14.3 rel1/bin/../lib/gcc/arm-none-eabi/14.3.1/../../../../arm-none-eabi/lib/thumb/v7e-m+dp/softfp\libc_nano.a(libc_a-makebuf.o)
                0x08005e0c                __swhatbuf_r
 .text.__smakebuf_r
                0x08005e54       0x72 C:/Program Files (x86)/Arm GNU Toolchain arm-none-eabi/14.3 rel1/bin/../lib/gcc/arm-none-eabi/14.3.1/../../../../arm-none-eabi/lib/thumb/v7e-m+dp/softfp\libc_nano.a(libc_a-makebuf.o)
                0x08005e54                __smakebuf_r
 *fill*         0x08005ec6        0x2 
 .text._fstat_r
                0x08005ec8       0x24 C:/Program Files (x86)/Arm GNU Toolchain arm-none-eabi/14.3 rel1/bin/../lib/gcc/arm-none-eabi/14.3.1/../../../../arm-none-eabi/lib/thumb/v7e-m+dp/softfp\libc_nano.a(libc_a-fstatr.o)
                0x08005ec8                _fstat_r
 .text._isatty_r
                0x08005eec       0x20 C:/Program Files (x86)/Arm GNU Toolchain arm-none-eabi/14.3 rel1/bin/../lib/gcc/arm-none-eabi/14.3.1/../../../../arm-none-eabi/lib/thumb/v7e-m+dp/softfp\libc_nano.a(libc_a-isattyr.o)
                0x08005eec                _isatty_r
 .text._sbrk_r  0x08005f0c       0x20 C:/Program Files (x86)/Arm GNU Toolchain arm-none-eabi/14.3 rel1/bin/../lib/gcc/arm-none-eabi/14.3.1/../../../../arm-none-eabi/lib/thumb/v7e-m+dp/softfp\libc_nano.a(libc_a-sbrkr.o)
                0x08005f0c                _sbrk_r
 .text.__udivmoddi4
                0x08005f2c      0x2f8 C:/Program Files (x86)/Arm GNU Toolchain arm-none-eabi/14.3 rel1/bin/../lib/gcc/arm-none-eabi/14.3.1/thumb/v7e-m+dp/softfp\libgcc.a(_udivmoddi4.o)
                0x08005f2c                __udivmoddi4
 *(.glue_7)
 .glue_7        0x08006224        0x0 linker stubs
 *(.glue_7t)
 .glue_7t       0x08006224        0x0 linker stubs
 *(.eh_frame)
 .eh_frame      0x08006224        0x0 C:/Program Files (x86)/Arm GNU Toolchain arm-none-eabi/14.3 rel1/bin/../lib/gcc/arm-none-eabi/14.3.1/thumb/v7e-m+dp/softfp/crtbegin.o
 *(.init)
 .init          0x08006224        0x4 C:/Program Files (x86)/Arm GNU Toolchain arm-none-eabi/14.3 rel1/bin/../lib/gcc/arm-none-eabi/14.3.1/thumb/v7e-m+dp/softfp/crti.o
                0x08006224                _init
 .init          0x08006228        0x8 C:/Program Files (x86)/Arm GNU Toolchain arm-none-eabi/14.3 rel1/bin/../lib/gcc/arm-none-eabi/14.3.1/thumb/v7e-m+dp/softfp/crtn.o
 *(.fini)
 .fini          0x08006230        0x4 C:/Program Files (x86)/Arm GNU Toolchain arm-none-eabi/14.3 rel1/bin/../lib/gcc/arm-none-eabi/14.3.1/thumb/v7e-m+dp/softfp/crti.o
                0x08006230                _fini
 .fini          0x08006234        0x8 C:/Program Files (x86)/Arm GNU Toolchain arm-none-eabi/14.3 rel1/bin/../lib/gcc/arm-none-eabi/14.3.1/thumb/v7e-m+dp/softfp/crtn.o
                0x0800623c                        . = ALIGN (0x4)
                0x0800623c                        _etext = .

.vfp11_veneer   0x0800623c        0x0
 .vfp11_veneer  0x0800623c        0x0 linker stubs

.v4_bx          0x0800623c        0x0
 .v4_bx         0x0800623c        0x0 linker stubs

.iplt           0x0800623c        0x0
 .iplt          0x0800623c        0x0 C:/Program Files (x86)/Arm GNU Toolchain arm-none-eabi/14.3 rel1/bin/../lib/gcc/arm-none-eabi/14.3.1/thumb/v7e-m+dp/softfp/crtbegin.o

.rodata         0x0800623c      0x198
                0x0800623c                        . = ALIGN (0x4)
 *(.rodata)
 *(.rodata*)
 .rodata.SetStartupFatalError.str1.4
                0x0800623c      0x13c build/main.o
                                 0x18 (size before relaxing)
 .rodata.StartSensorDataTask.str1.4
                0x08006378       0x42 build/main.o
 .rodata.StartSetupTask.str1.4
                0x08006378       0x11 build/main.o
 .rodata.MX_FREERTOS_Init.str1.4
                0x08006378       0x55 build/main.o
 .rodata.main.str1.4
                0x08006378       0x57 build/main.o
 .rodata.Debug_USART3_Print.str1.4
                0x08006378        0x3 build/usart3_debug.o
 .rodata.UARTPrescTable
                0x08006378       0x18 build/stm32h7xx_hal_uart.o
                0x08006378                UARTPrescTable
 .rodata.D1CorePrescTable
                0x08006390       0x10 build/system_stm32h7xx_dualcore_boot_cm4_cm7.o
                0x08006390                D1CorePrescTable
 .rodata.vTaskStartScheduler.str1.4
                0x080063a0        0x5 build/tasks.o
 .rodata.prvCheckForValidListAndQueue.str1.4
                0x080063a0        0x5 build/timers.o
 .rodata.xTimerCreateTimerTask.str1.4
                0x080063a0        0x8 build/timers.o
 .rodata._vfprintf_r.str1.1
                0x080063a0       0x33 C:/Program Files (x86)/Arm GNU Toolchain arm-none-eabi/14.3 rel1/bin/../lib/gcc/arm-none-eabi/14.3.1/../../../../arm-none-eabi/lib/thumb/v7e-m+dp/softfp\libc_nano.a(libc_a-nano-vfprintf.o)
                                 0x11 (size before relaxing)
 .rodata._printf_i.str1.1
                0x080063d3       0x22 C:/Program Files (x86)/Arm GNU Toolchain arm-none-eabi/14.3 rel1/bin/../lib/gcc/arm-none-eabi/14.3.1/../../../../arm-none-eabi/lib/thumb/v7e-m+dp/softfp\libc_nano.a(libc_a-nano-vfprintf_i.o)
                0x080063f8                        . = ALIGN (0x4)
 *fill*         0x080063d3        0x1 

.ARM.extab      0x080063d4        0x0
                0x080063d4                        . = ALIGN (0x4)
 *(.ARM.extab* .gnu.linkonce.armextab.*)
                0x080063d4                        . = ALIGN (0x4)

.ARM            0x080063d4        0x8
                0x080063d4                        . = ALIGN (0x4)
                0x080063d4                        __exidx_start = .
 *(.ARM.exidx*)
 .ARM.exidx     0x080063d4        0x8 C:/Program Files (x86)/Arm GNU Toolchain arm-none-eabi/14.3 rel1/bin/../lib/gcc/arm-none-eabi/14.3.1/../../../../arm-none-eabi/lib/thumb/v7e-m+dp/softfp\libc_nano.a(libc_a-memchr.o)
 .ARM.exidx.text.__udivmoddi4
                0x080063dc        0x0 C:/Program Files (x86)/Arm GNU Toolchain arm-none-eabi/14.3 rel1/bin/../lib/gcc/arm-none-eabi/14.3.1/thumb/v7e-m+dp/softfp\libgcc.a(_udivmoddi4.o)
                                  0x8 (size before relaxing)
                0x080063dc                        __exidx_end = .
                0x080063dc                        . = ALIGN (0x4)

.preinit_array  0x080063dc        0x0
                0x080063dc                        . = ALIGN (0x4)
                0x080063dc                        PROVIDE (__preinit_array_start = .)
 *(.preinit_array*)
                0x080063dc                        PROVIDE (__preinit_array_end = .)
                0x080063dc                        . = ALIGN (0x4)

.init_array     0x080063dc        0x4
                0x080063dc                        . = ALIGN (0x4)
                0x080063dc                        PROVIDE (__init_array_start = .)
 *(SORT_BY_NAME(.init_array.*))
 *(.init_array*)
 .init_array    0x080063dc        0x4 C:/Program Files (x86)/Arm GNU Toolchain arm-none-eabi/14.3 rel1/bin/../lib/gcc/arm-none-eabi/14.3.1/thumb/v7e-m+dp/softfp/crtbegin.o
                0x080063e0                        PROVIDE (__init_array_end = .)
                0x080063e0                        . = ALIGN (0x4)

.fini_array     0x080063e0        0x4
                0x080063e0                        . = ALIGN (0x4)
                [!provide]                        PROVIDE (__fini_array_start = .)
 *(SORT_BY_NAME(.fini_array.*))
 *(.fini_array*)
 .fini_array    0x080063e0        0x4 C:/Program Files (x86)/Arm GNU Toolchain arm-none-eabi/14.3 rel1/bin/../lib/gcc/arm-none-eabi/14.3.1/thumb/v7e-m+dp/softfp/crtbegin.o
                [!provide]                        PROVIDE (__fini_array_end = .)
                0x080063e4                        . = ALIGN (0x4)
                0x080063e4                        _sidata = LOADADDR (.data)

.rel.dyn        0x080063e4        0x0
 .rel.iplt      0x080063e4        0x0 C:/Program Files (x86)/Arm GNU Toolchain arm-none-eabi/14.3 rel1/bin/../lib/gcc/arm-none-eabi/14.3.1/thumb/v7e-m+dp/softfp/crtbegin.o

.data           0x24000000       0x70 load address 0x080063e4
                0x24000000                        . = ALIGN (0x4)
                0x24000000                        _sdata = .
 *(.data)
 *(.data*)
 .data.COM_USART
                0x24000000        0x4 build/stm32h7xx_nucleo.o
                0x24000000                COM_USART
 .data.uwTickPrio
                0x24000004        0x4 build/stm32h7xx_hal.o
                0x24000004                uwTickPrio
 .data.SystemD2Clock
                0x24000008        0x4 build/system_stm32h7xx_dualcore_boot_cm4_cm7.o
                0x24000008                SystemD2Clock
 .data.SystemCoreClock
                0x2400000c        0x4 build/system_stm32h7xx_dualcore_boot_cm4_cm7.o
                0x2400000c                SystemCoreClock
 .data.uxCriticalNesting
                0x24000010        0x4 build/port.o
 .data.__sglue  0x24000014        0xc C:/Program Files (x86)/Arm GNU Toolchain arm-none-eabi/14.3 rel1/bin/../lib/gcc/arm-none-eabi/14.3.1/../../../../arm-none-eabi/lib/thumb/v7e-m+dp/softfp\libc_nano.a(libc_a-findfp.o)
                0x24000014                __sglue
 .data._impure_ptr
                0x24000020        0x4 C:/Program Files (x86)/Arm GNU Toolchain arm-none-eabi/14.3 rel1/bin/../lib/gcc/arm-none-eabi/14.3.1/../../../../arm-none-eabi/lib/thumb/v7e-m+dp/softfp\libc_nano.a(libc_a-impure.o)
                0x24000020                _impure_ptr
 .data._impure_data
                0x24000024       0x4c C:/Program Files (x86)/Arm GNU Toolchain arm-none-eabi/14.3 rel1/bin/../lib/gcc/arm-none-eabi/14.3.1/../../../../arm-none-eabi/lib/thumb/v7e-m+dp/softfp\libc_nano.a(libc_a-impure.o)
                0x24000024                _impure_data
                0x24000070                        . = ALIGN (0x4)

.tm_clone_table
                0x24000070        0x0 load address 0x08006454
 .tm_clone_table
                0x24000070        0x0 C:/Program Files (x86)/Arm GNU Toolchain arm-none-eabi/14.3 rel1/bin/../lib/gcc/arm-none-eabi/14.3.1/thumb/v7e-m+dp/softfp/crtbegin.o
 .tm_clone_table
                0x24000070        0x0 C:/Program Files (x86)/Arm GNU Toolchain arm-none-eabi/14.3 rel1/bin/../lib/gcc/arm-none-eabi/14.3.1/thumb/v7e-m+dp/softfp/crtend.o

.igot.plt       0x24000070        0x0 load address 0x08006454
 .igot.plt      0x24000070        0x0 C:/Program Files (x86)/Arm GNU Toolchain arm-none-eabi/14.3 rel1/bin/../lib/gcc/arm-none-eabi/14.3.1/thumb/v7e-m+dp/softfp/crtbegin.o

.tdata          0x24000070        0x0 load address 0x08006454
 *(.tdata .tdata.* .gnu.linkonce.td.*)
                0x24000070                        . = ALIGN (0x4)
                0x24000070                        _edata = .
                [!provide]                        PROVIDE (__data_end = .)
                [!provide]                        PROVIDE (__tdata_end = .)
                [!provide]                        PROVIDE (__tdata_start = ADDR (.tdata))
                [!provide]                        PROVIDE (__tdata_size = (__tdata_end - __tdata_start))
                [!provide]                        PROVIDE (__data_start = ADDR (.data))
                [!provide]                        PROVIDE (__data_size = (__data_end - __data_start))
                [!provide]                        PROVIDE (__tdata_source = LOADADDR (.tdata))
                [!provide]                        PROVIDE (__tdata_source_end = (LOADADDR (.tdata) + SIZEOF (.tdata)))
                [!provide]                        PROVIDE (__tdata_source_size = (__tdata_source_end - __tdata_source))
                [!provide]                        PROVIDE (__data_source = LOADADDR (.data))
                [!provide]                        PROVIDE (__data_source_end = __tdata_source_end)
                [!provide]                        PROVIDE (__data_source_size = (__data_source_end - __data_source))

.tbss           0x24000070        0x0 load address 0x08006454
                0x24000070                        _sbss = .
                0x24000070                        __bss_start__ = _sbss
 *(.tbss .tbss.*)
                0x24000070                        . = ALIGN (0x4)
                [!provide]                        PROVIDE (__tbss_end = .)
                [!provide]                        PROVIDE (__tbss_start = ADDR (.tbss))
                [!provide]                        PROVIDE (__tbss_size = (__tbss_end - __tbss_start))
                [!provide]                        PROVIDE (__tbss_offset = (ADDR (.tbss) - ADDR (.tdata)))
                [!provide]                        PROVIDE (__tls_base = __tdata_start)
                [!provide]                        PROVIDE (__tls_end = __tbss_end)
                [!provide]                        PROVIDE (__tls_size = (__tls_end - __tls_base))
                [!provide]                        PROVIDE (__tls_align = MAX (ALIGNOF (.tdata), ALIGNOF (.tbss)))
                [!provide]                        PROVIDE (__tls_size_align = (((__tls_size + __tls_align) - 0x1) & ~ ((__tls_align - 0x1))))
                [!provide]                        PROVIDE (__arm32_tls_tcb_offset = MAX (0x8, __tls_align))
                [!provide]                        PROVIDE (__arm64_tls_tcb_offset = MAX (0x10, __tls_align))

.bss            0x24000070    0x2147c load address 0x08006454
 *(.bss)
 *(.bss*)
 .bss.completed.1
                0x24000070        0x1 C:/Program Files (x86)/Arm GNU Toolchain arm-none-eabi/14.3 rel1/bin/../lib/gcc/arm-none-eabi/14.3.1/thumb/v7e-m+dp/softfp/crtbegin.o
 *fill*         0x24000071        0x3 
 .bss.object.0  0x24000074       0x18 C:/Program Files (x86)/Arm GNU Toolchain arm-none-eabi/14.3 rel1/bin/../lib/gcc/arm-none-eabi/14.3.1/thumb/v7e-m+dp/softfp/crtbegin.o
 .bss.heth      0x2400008c       0xb0 build/ethernetif.o
                0x2400008c                heth
 .bss.TxPktSemaphore
                0x2400013c        0x4 build/ethernetif.o
                0x2400013c                TxPktSemaphore
 .bss.RxPktSemaphore
                0x24000140        0x4 build/ethernetif.o
                0x24000140                RxPktSemaphore
 .bss.sensorDataTaskHandle
                0x24000144        0x4 build/main.o
 .bss.setupTaskHandle
                0x24000148        0x4 build/main.o
 .bss.statusLedTaskHandle
                0x2400014c        0x4 build/main.o
 .bss.healthy_publish_seen
                0x24000150        0x1 build/main.o
 .bss.firmware_status
                0x24000151        0x1 build/main.o
 *fill*         0x24000152        0x2 
 .bss.htim1     0x24000154       0x4c build/stm32h7xx_hal_timebase_tim.o
                0x24000154                htim1
 .bss.COM_ActiveLogPort
                0x240001a0        0x1 build/stm32h7xx_nucleo.o
 *fill*         0x240001a1        0x3 
 .bss.hcom_uart
                0x240001a4       0x94 build/stm32h7xx_nucleo.o
                0x240001a4                hcom_uart
 .bss.hpb_exti  0x24000238        0x8 build/stm32h7xx_nucleo.o
                0x24000238                hpb_exti
 .bss.uwTick    0x24000240        0x4 build/stm32h7xx_hal.o
                0x24000240                uwTick
 .bss.xQueueRegistry
                0x24000244       0x40 build/queue.o
                0x24000244                xQueueRegistry
 .bss.uxSchedulerSuspended
                0x24000284        0x4 build/tasks.o
 .bss.xIdleTaskHandle
                0x24000288        0x4 build/tasks.o
 .bss.xNextTaskUnblockTime
                0x2400028c        0x4 build/tasks.o
 .bss.uxTaskNumber
                0x24000290        0x4 build/tasks.o
 .bss.xNumOfOverflows
                0x24000294        0x4 build/tasks.o
 .bss.xYieldPending
                0x24000298        0x4 build/tasks.o
 .bss.xPendedTicks
                0x2400029c        0x4 build/tasks.o
 .bss.xSchedulerRunning
                0x240002a0        0x4 build/tasks.o
 .bss.uxTopReadyPriority
                0x240002a4        0x4 build/tasks.o
 .bss.xTickCount
                0x240002a8        0x4 build/tasks.o
 .bss.uxCurrentNumberOfTasks
                0x240002ac        0x4 build/tasks.o
 .bss.xSuspendedTaskList
                0x240002b0       0x14 build/tasks.o
 .bss.uxDeletedTasksWaitingCleanUp
                0x240002c4        0x4 build/tasks.o
 .bss.xTasksWaitingTermination
                0x240002c8       0x14 build/tasks.o
 .bss.xPendingReadyList
                0x240002dc       0x14 build/tasks.o
 .bss.pxOverflowDelayedTaskList
                0x240002f0        0x4 build/tasks.o
 .bss.pxDelayedTaskList
                0x240002f4        0x4 build/tasks.o
 .bss.xDelayedTaskList2
                0x240002f8       0x14 build/tasks.o
 .bss.xDelayedTaskList1
                0x2400030c       0x14 build/tasks.o
 .bss.pxReadyTasksLists
                0x24000320      0x460 build/tasks.o
 .bss.pxCurrentTCB
                0x24000780        0x4 build/tasks.o
                0x24000780                pxCurrentTCB
 .bss.xStaticTimerQueue.0
                0x24000784       0x50 build/timers.o
 .bss.ucStaticTimerQueueStorage.1
                0x240007d4       0xa0 build/timers.o
 .bss.xLastTime.2
                0x24000874        0x4 build/timers.o
 .bss.xTimerTaskHandle
                0x24000878        0x4 build/timers.o
 .bss.xTimerQueue
                0x2400087c        0x4 build/timers.o
 .bss.pxOverflowTimerList
                0x24000880        0x4 build/timers.o
 .bss.pxCurrentTimerList
                0x24000884        0x4 build/timers.o
 .bss.xActiveTimerList2
                0x24000888       0x14 build/timers.o
 .bss.xActiveTimerList1
                0x2400089c       0x14 build/timers.o
 .bss.Timer_Stack.0
                0x240008b0      0x400 build/cmsis_os2.o
 .bss.Timer_TCB.1
                0x24000cb0      0x260 build/cmsis_os2.o
 .bss.Idle_Stack.2
                0x24000f10      0x200 build/cmsis_os2.o
 .bss.Idle_TCB.3
                0x24001110      0x260 build/cmsis_os2.o
 .bss.KernelState
                0x24001370        0x4 build/cmsis_os2.o
 .bss.xBlockAllocatedBit
                0x24001374        0x4 build/heap_4.o
 .bss.xNumberOfSuccessfulFrees
                0x24001378        0x4 build/heap_4.o
 .bss.xNumberOfSuccessfulAllocations
                0x2400137c        0x4 build/heap_4.o
 .bss.xMinimumEverFreeBytesRemaining
                0x24001380        0x4 build/heap_4.o
 .bss.xFreeBytesRemaining
                0x24001384        0x4 build/heap_4.o
 .bss.pxEnd     0x24001388        0x4 build/heap_4.o
 .bss.xStart    0x2400138c        0x8 build/heap_4.o
 .bss.ucHeap    0x24001394    0x20000 build/heap_4.o
 .bss.ulMaxPRIGROUPValue
                0x24021394        0x4 build/port.o
 .bss.ucMaxSysCallPriority
                0x24021398        0x1 build/port.o
 *fill*         0x24021399        0x3 
 .bss.__sbrk_heap_end
                0x2402139c        0x4 build/sysmem.o
 .bss.__sf      0x240213a0      0x138 C:/Program Files (x86)/Arm GNU Toolchain arm-none-eabi/14.3 rel1/bin/../lib/gcc/arm-none-eabi/14.3.1/../../../../arm-none-eabi/lib/thumb/v7e-m+dp/softfp\libc_nano.a(libc_a-findfp.o)
                0x240213a0                __sf
 .bss.__stdio_exit_handler
                0x240214d8        0x4 C:/Program Files (x86)/Arm GNU Toolchain arm-none-eabi/14.3 rel1/bin/../lib/gcc/arm-none-eabi/14.3.1/../../../../arm-none-eabi/lib/thumb/v7e-m+dp/softfp\libc_nano.a(libc_a-findfp.o)
                0x240214d8                __stdio_exit_handler
 .bss.errno     0x240214dc        0x4 C:/Program Files (x86)/Arm GNU Toolchain arm-none-eabi/14.3 rel1/bin/../lib/gcc/arm-none-eabi/14.3.1/../../../../arm-none-eabi/lib/thumb/v7e-m+dp/softfp\libc_nano.a(libc_a-reent.o)
                0x240214dc                errno
 .bss.__lock___malloc_recursive_mutex
                0x240214e0        0x1 C:/Program Files (x86)/Arm GNU Toolchain arm-none-eabi/14.3 rel1/bin/../lib/gcc/arm-none-eabi/14.3.1/../../../../arm-none-eabi/lib/thumb/v7e-m+dp/softfp\libc_nano.a(libc_a-lock.o)
                0x240214e0                __lock___malloc_recursive_mutex
 .bss.__lock___sfp_recursive_mutex
                0x240214e1        0x1 C:/Program Files (x86)/Arm GNU Toolchain arm-none-eabi/14.3 rel1/bin/../lib/gcc/arm-none-eabi/14.3.1/../../../../arm-none-eabi/lib/thumb/v7e-m+dp/softfp\libc_nano.a(libc_a-lock.o)
                0x240214e1                __lock___sfp_recursive_mutex
 *fill*         0x240214e2        0x2 
 .bss.__malloc_sbrk_start
                0x240214e4        0x4 C:/Program Files (x86)/Arm GNU Toolchain arm-none-eabi/14.3 rel1/bin/../lib/gcc/arm-none-eabi/14.3.1/../../../../arm-none-eabi/lib/thumb/v7e-m+dp/softfp\libc_nano.a(libc_a-mallocr.o)
                0x240214e4                __malloc_sbrk_start
 .bss.__malloc_free_list
                0x240214e8        0x4 C:/Program Files (x86)/Arm GNU Toolchain arm-none-eabi/14.3 rel1/bin/../lib/gcc/arm-none-eabi/14.3.1/../../../../arm-none-eabi/lib/thumb/v7e-m+dp/softfp\libc_nano.a(libc_a-mallocr.o)
                0x240214e8                __malloc_free_list
 *(COMMON)
                0x240214ec                        . = ALIGN (0x4)
                0x240214ec                        _ebss = .
                0x240214ec                        __bss_end__ = _ebss
                [!provide]                        PROVIDE (__bss_end = .)
                [!provide]                        PROVIDE (__non_tls_bss_start = ADDR (.bss))
                [!provide]                        PROVIDE (__bss_start = __tbss_start)
                [!provide]                        PROVIDE (__bss_size = (__bss_end - __bss_start))

.lwip_sec       0x30000000      0x200
                0x30000000                        . = ABSOLUTE (0x30000000)
 *(.RxDecripSection)
                0x30000080                        . = ABSOLUTE (0x30000080)
 *fill*         0x30000000       0x80 
 *(.TxDecripSection)
                0x30000200                        . = ABSOLUTE (0x30000200)
 *fill*         0x30000080      0x180 
 *(.RxArraySection)
 *(.Rx_PoolSection)
                0x30000200                        . = ALIGN (0x4)
 *(.Heap_Mem_Section)

._user_heap_stack
                0x240214ec    0x12004
                0x240214f0                        . = ALIGN (0x8)
 *fill*         0x240214ec        0x4 
                [!provide]                        PROVIDE (end = .)
                0x240214f0                        PROVIDE (_end = .)
                0x240314f0                        . = (. + _Min_Heap_Size)
 *fill*         0x240214f0    0x10000 
                0x240334f0                        . = (. + _Min_Stack_Size)
 *fill*         0x240314f0     0x2000 
                0x240334f0                        . = ALIGN (0x8)

/DISCARD/
 libc.a(*)
 libm.a(*)
 libgcc.a(*)

.ARM.attributes
                0x00000000       0x2c
 *(.ARM.attributes)
 .ARM.attributes
                0x00000000       0x20 C:/Program Files (x86)/Arm GNU Toolchain arm-none-eabi/14.3 rel1/bin/../lib/gcc/arm-none-eabi/14.3.1/thumb/v7e-m+dp/softfp/crti.o
 .ARM.attributes
                0x00000020       0x30 C:/Program Files (x86)/Arm GNU Toolchain arm-none-eabi/14.3 rel1/bin/../lib/gcc/arm-none-eabi/14.3.1/thumb/v7e-m+dp/softfp/crtbegin.o
 .ARM.attributes
                0x00000050       0x30 build/ethernetif.o
 .ARM.attributes
                0x00000080       0x30 build/main.o
 .ARM.attributes
                0x000000b0       0x30 build/usart3_debug.o
 .ARM.attributes
                0x000000e0       0x30 build/stm32h7xx_it.o
 .ARM.attributes
                0x00000110       0x30 build/stm32h7xx_hal_msp.o
 .ARM.attributes
                0x00000140       0x30 build/stm32h7xx_hal_timebase_tim.o
 .ARM.attributes
                0x00000170       0x30 build/stm32h7xx_nucleo.o
 .ARM.attributes
                0x000001a0       0x30 build/stm32h7xx_hal_tim.o
 .ARM.attributes
                0x000001d0       0x30 build/stm32h7xx_hal_tim_ex.o
 .ARM.attributes
                0x00000200       0x30 build/stm32h7xx_hal_eth.o
 .ARM.attributes
                0x00000230       0x30 build/stm32h7xx_hal_rcc.o
 .ARM.attributes
                0x00000260       0x30 build/stm32h7xx_hal_rcc_ex.o
 .ARM.attributes
                0x00000290       0x30 build/stm32h7xx_hal_gpio.o
 .ARM.attributes
                0x000002c0       0x30 build/stm32h7xx_hal_pwr_ex.o
 .ARM.attributes
                0x000002f0       0x30 build/stm32h7xx_hal_cortex.o
 .ARM.attributes
                0x00000320       0x30 build/stm32h7xx_hal.o
 .ARM.attributes
                0x00000350       0x30 build/stm32h7xx_hal_exti.o
 .ARM.attributes
                0x00000380       0x30 build/stm32h7xx_hal_uart.o
 .ARM.attributes
                0x000003b0       0x30 build/system_stm32h7xx_dualcore_boot_cm4_cm7.o
 .ARM.attributes
                0x000003e0       0x30 build/list.o
 .ARM.attributes
                0x00000410       0x30 build/queue.o
 .ARM.attributes
                0x00000440       0x30 build/tasks.o
 .ARM.attributes
                0x00000470       0x30 build/timers.o
 .ARM.attributes
                0x000004a0       0x30 build/cmsis_os2.o
 .ARM.attributes
                0x000004d0       0x30 build/heap_4.o
 .ARM.attributes
                0x00000500       0x30 build/port.o
 .ARM.attributes
                0x00000530       0x30 build/sysmem.o
 .ARM.attributes
                0x00000560       0x30 build/syscalls.o
 .ARM.attributes
                0x00000590       0x23 build/startup_stm32h755xx_CM7.o
 .ARM.attributes
                0x000005b3       0x30 C:/Program Files (x86)/Arm GNU Toolchain arm-none-eabi/14.3 rel1/bin/../lib/gcc/arm-none-eabi/14.3.1/../../../../arm-none-eabi/lib/thumb/v7e-m+dp/softfp\libc_nano.a(libc_a-findfp.o)
 .ARM.attributes
                0x000005e3       0x30 C:/Program Files (x86)/Arm GNU Toolchain arm-none-eabi/14.3 rel1/bin/../lib/gcc/arm-none-eabi/14.3.1/../../../../arm-none-eabi/lib/thumb/v7e-m+dp/softfp\libc_nano.a(libc_a-fwalk.o)
 .ARM.attributes
                0x00000613       0x30 C:/Program Files (x86)/Arm GNU Toolchain arm-none-eabi/14.3 rel1/bin/../lib/gcc/arm-none-eabi/14.3.1/../../../../arm-none-eabi/lib/thumb/v7e-m+dp/softfp\libc_nano.a(libc_a-printf.o)
 .ARM.attributes
                0x00000643       0x30 C:/Program Files (x86)/Arm GNU Toolchain arm-none-eabi/14.3 rel1/bin/../lib/gcc/arm-none-eabi/14.3.1/../../../../arm-none-eabi/lib/thumb/v7e-m+dp/softfp\libc_nano.a(libc_a-puts.o)
 .ARM.attributes
                0x00000673       0x30 C:/Program Files (x86)/Arm GNU Toolchain arm-none-eabi/14.3 rel1/bin/../lib/gcc/arm-none-eabi/14.3.1/../../../../arm-none-eabi/lib/thumb/v7e-m+dp/softfp\libc_nano.a(libc_a-stdio.o)
 .ARM.attributes
                0x000006a3       0x30 C:/Program Files (x86)/Arm GNU Toolchain arm-none-eabi/14.3 rel1/bin/../lib/gcc/arm-none-eabi/14.3.1/../../../../arm-none-eabi/lib/thumb/v7e-m+dp/softfp\libc_nano.a(libc_a-wbuf.o)
 .ARM.attributes
                0x000006d3       0x30 C:/Program Files (x86)/Arm GNU Toolchain arm-none-eabi/14.3 rel1/bin/../lib/gcc/arm-none-eabi/14.3.1/../../../../arm-none-eabi/lib/thumb/v7e-m+dp/softfp\libc_nano.a(libc_a-wsetup.o)
 .ARM.attributes
                0x00000703       0x30 C:/Program Files (x86)/Arm GNU Toolchain arm-none-eabi/14.3 rel1/bin/../lib/gcc/arm-none-eabi/14.3.1/../../../../arm-none-eabi/lib/thumb/v7e-m+dp/softfp\libc_nano.a(libc_a-memset.o)
 .ARM.attributes
                0x00000733       0x30 C:/Program Files (x86)/Arm GNU Toolchain arm-none-eabi/14.3 rel1/bin/../lib/gcc/arm-none-eabi/14.3.1/../../../../arm-none-eabi/lib/thumb/v7e-m+dp/softfp\libc_nano.a(libc_a-closer.o)
 .ARM.attributes
                0x00000763       0x30 C:/Program Files (x86)/Arm GNU Toolchain arm-none-eabi/14.3 rel1/bin/../lib/gcc/arm-none-eabi/14.3.1/../../../../arm-none-eabi/lib/thumb/v7e-m+dp/softfp\libc_nano.a(libc_a-reent.o)
 .ARM.attributes
                0x00000793       0x30 C:/Program Files (x86)/Arm GNU Toolchain arm-none-eabi/14.3 rel1/bin/../lib/gcc/arm-none-eabi/14.3.1/../../../../arm-none-eabi/lib/thumb/v7e-m+dp/softfp\libc_nano.a(libc_a-impure.o)
 .ARM.attributes
                0x000007c3       0x30 C:/Program Files (x86)/Arm GNU Toolchain arm-none-eabi/14.3 rel1/bin/../lib/gcc/arm-none-eabi/14.3.1/../../../../arm-none-eabi/lib/thumb/v7e-m+dp/softfp\libc_nano.a(libc_a-lseekr.o)
 .ARM.attributes
                0x000007f3       0x30 C:/Program Files (x86)/Arm GNU Toolchain arm-none-eabi/14.3 rel1/bin/../lib/gcc/arm-none-eabi/14.3.1/../../../../arm-none-eabi/lib/thumb/v7e-m+dp/softfp\libc_nano.a(libc_a-readr.o)
 .ARM.attributes
                0x00000823       0x30 C:/Program Files (x86)/Arm GNU Toolchain arm-none-eabi/14.3 rel1/bin/../lib/gcc/arm-none-eabi/14.3.1/../../../../arm-none-eabi/lib/thumb/v7e-m+dp/softfp\libc_nano.a(libc_a-writer.o)
 .ARM.attributes
                0x00000853       0x30 C:/Program Files (x86)/Arm GNU Toolchain arm-none-eabi/14.3 rel1/bin/../lib/gcc/arm-none-eabi/14.3.1/../../../../arm-none-eabi/lib/thumb/v7e-m+dp/softfp\libc_nano.a(libc_a-errno.o)
 .ARM.attributes
                0x00000883       0x30 C:/Program Files (x86)/Arm GNU Toolchain arm-none-eabi/14.3 rel1/bin/../lib/gcc/arm-none-eabi/14.3.1/../../../../arm-none-eabi/lib/thumb/v7e-m+dp/softfp\libc_nano.a(libc_a-init.o)
 .ARM.attributes
                0x000008b3       0x30 C:/Program Files (x86)/Arm GNU Toolchain arm-none-eabi/14.3 rel1/bin/../lib/gcc/arm-none-eabi/14.3.1/../../../../arm-none-eabi/lib/thumb/v7e-m+dp/softfp\libc_nano.a(libc_a-lock.o)
 .ARM.attributes
                0x000008e3       0x30 C:/Program Files (x86)/Arm GNU Toolchain arm-none-eabi/14.3 rel1/bin/../lib/gcc/arm-none-eabi/14.3.1/../../../../arm-none-eabi/lib/thumb/v7e-m+dp/softfp\libc_nano.a(libc_a-memcpy-stub.o)
 .ARM.attributes
                0x00000913       0x30 C:/Program Files (x86)/Arm GNU Toolchain arm-none-eabi/14.3 rel1/bin/../lib/gcc/arm-none-eabi/14.3.1/../../../../arm-none-eabi/lib/thumb/v7e-m+dp/softfp\libc_nano.a(libc_a-freer.o)
 .ARM.attributes
                0x00000943       0x30 C:/Program Files (x86)/Arm GNU Toolchain arm-none-eabi/14.3 rel1/bin/../lib/gcc/arm-none-eabi/14.3.1/../../../../arm-none-eabi/lib/thumb/v7e-m+dp/softfp\libc_nano.a(libc_a-mallocr.o)
 .ARM.attributes
                0x00000973       0x30 C:/Program Files (x86)/Arm GNU Toolchain arm-none-eabi/14.3 rel1/bin/../lib/gcc/arm-none-eabi/14.3.1/../../../../arm-none-eabi/lib/thumb/v7e-m+dp/softfp\libc_nano.a(libc_a-mlock.o)
 .ARM.attributes
                0x000009a3       0x30 C:/Program Files (x86)/Arm GNU Toolchain arm-none-eabi/14.3 rel1/bin/../lib/gcc/arm-none-eabi/14.3.1/../../../../arm-none-eabi/lib/thumb/v7e-m+dp/softfp\libc_nano.a(libc_a-nano-vfprintf.o)
 .ARM.attributes
                0x000009d3       0x30 C:/Program Files (x86)/Arm GNU Toolchain arm-none-eabi/14.3 rel1/bin/../lib/gcc/arm-none-eabi/14.3.1/../../../../arm-none-eabi/lib/thumb/v7e-m+dp/softfp\libc_nano.a(libc_a-nano-vfprintf_i.o)
 .ARM.attributes
                0x00000a03       0x30 C:/Program Files (x86)/Arm GNU Toolchain arm-none-eabi/14.3 rel1/bin/../lib/gcc/arm-none-eabi/14.3.1/../../../../arm-none-eabi/lib/thumb/v7e-m+dp/softfp\libc_nano.a(libc_a-fflush.o)
 .ARM.attributes
                0x00000a33       0x30 C:/Program Files (x86)/Arm GNU Toolchain arm-none-eabi/14.3 rel1/bin/../lib/gcc/arm-none-eabi/14.3.1/../../../../arm-none-eabi/lib/thumb/v7e-m+dp/softfp\libc_nano.a(libc_a-makebuf.o)
 .ARM.attributes
                0x00000a63       0x30 C:/Program Files (x86)/Arm GNU Toolchain arm-none-eabi/14.3 rel1/bin/../lib/gcc/arm-none-eabi/14.3.1/../../../../arm-none-eabi/lib/thumb/v7e-m+dp/softfp\libc_nano.a(libc_a-fstatr.o)
 .ARM.attributes
                0x00000a93       0x30 C:/Program Files (x86)/Arm GNU Toolchain arm-none-eabi/14.3 rel1/bin/../lib/gcc/arm-none-eabi/14.3.1/../../../../arm-none-eabi/lib/thumb/v7e-m+dp/softfp\libc_nano.a(libc_a-isattyr.o)
 .ARM.attributes
                0x00000ac3       0x30 C:/Program Files (x86)/Arm GNU Toolchain arm-none-eabi/14.3 rel1/bin/../lib/gcc/arm-none-eabi/14.3.1/../../../../arm-none-eabi/lib/thumb/v7e-m+dp/softfp\libc_nano.a(libc_a-sbrkr.o)
 .ARM.attributes
                0x00000af3       0x1c C:/Program Files (x86)/Arm GNU Toolchain arm-none-eabi/14.3 rel1/bin/../lib/gcc/arm-none-eabi/14.3.1/../../../../arm-none-eabi/lib/thumb/v7e-m+dp/softfp\libc_nano.a(libc_a-memchr.o)
 .ARM.attributes
                0x00000b0f       0x20 C:/Program Files (x86)/Arm GNU Toolchain arm-none-eabi/14.3 rel1/bin/../lib/gcc/arm-none-eabi/14.3.1/thumb/v7e-m+dp/softfp\libgcc.a(_aeabi_uldivmod.o)
 .ARM.attributes
                0x00000b2f       0x30 C:/Program Files (x86)/Arm GNU Toolchain arm-none-eabi/14.3 rel1/bin/../lib/gcc/arm-none-eabi/14.3.1/thumb/v7e-m+dp/softfp\libgcc.a(_udivmoddi4.o)
 .ARM.attributes
                0x00000b5f       0x20 C:/Program Files (x86)/Arm GNU Toolchain arm-none-eabi/14.3 rel1/bin/../lib/gcc/arm-none-eabi/14.3.1/thumb/v7e-m+dp/softfp\libgcc.a(_dvmd_tls.o)
 .ARM.attributes
                0x00000b7f       0x30 C:/Program Files (x86)/Arm GNU Toolchain arm-none-eabi/14.3 rel1/bin/../lib/gcc/arm-none-eabi/14.3.1/thumb/v7e-m+dp/softfp/crtend.o
 .ARM.attributes
                0x00000baf       0x20 C:/Program Files (x86)/Arm GNU Toolchain arm-none-eabi/14.3 rel1/bin/../lib/gcc/arm-none-eabi/14.3.1/thumb/v7e-m+dp/softfp/crtn.o
OUTPUT(build/MicroRosEth_CM7.elf elf32-littlearm)
LOAD linker stubs
LOAD C:/Program Files (x86)/Arm GNU Toolchain arm-none-eabi/14.3 rel1/bin/../lib/gcc/arm-none-eabi/14.3.1/../../../../arm-none-eabi/lib/thumb/v7e-m+dp/softfp\libc.a
LOAD C:/Program Files (x86)/Arm GNU Toolchain arm-none-eabi/14.3 rel1/bin/../lib/gcc/arm-none-eabi/14.3.1/../../../../arm-none-eabi/lib/thumb/v7e-m+dp/softfp\libm.a
LOAD C:/Program Files (x86)/Arm GNU Toolchain arm-none-eabi/14.3 rel1/bin/../lib/gcc/arm-none-eabi/14.3.1/thumb/v7e-m+dp/softfp\libgcc.a

.debug_info     0x00000000    0x36bc1
 .debug_info    0x00000000     0x3d97 build/ethernetif.o
 .debug_info    0x00003d97     0x236a build/main.o
 .debug_info    0x00006101      0x31d build/usart3_debug.o
 .debug_info    0x0000641e     0x1a7d build/stm32h7xx_it.o
 .debug_info    0x00007e9b      0x938 build/stm32h7xx_hal_msp.o
 .debug_info    0x000087d3     0x130b build/stm32h7xx_hal_timebase_tim.o
 .debug_info    0x00009ade     0x2131 build/stm32h7xx_nucleo.o
 .debug_info    0x0000bc0f     0x438b build/stm32h7xx_hal_tim.o
 .debug_info    0x0000ff9a     0x2165 build/stm32h7xx_hal_tim_ex.o
 .debug_info    0x000120ff     0x35ce build/stm32h7xx_hal_eth.o
 .debug_info    0x000156cd     0x1411 build/stm32h7xx_hal_rcc.o
 .debug_info    0x00016ade     0x1e0c build/stm32h7xx_hal_rcc_ex.o
 .debug_info    0x000188ea      0xfcd build/stm32h7xx_hal_gpio.o
 .debug_info    0x000198b7     0x1705 build/stm32h7xx_hal_pwr_ex.o
 .debug_info    0x0001afbc     0x15a0 build/stm32h7xx_hal_cortex.o
 .debug_info    0x0001c55c     0x1bd2 build/stm32h7xx_hal.o
 .debug_info    0x0001e12e      0xc57 build/stm32h7xx_hal_exti.o
 .debug_info    0x0001ed85     0x6ae0 build/stm32h7xx_hal_uart.o
 .debug_info    0x00025865     0x1071 build/system_stm32h7xx_dualcore_boot_cm4_cm7.o
 .debug_info    0x000268d6      0x30f build/list.o
 .debug_info    0x00026be5     0x2a3f build/queue.o
 .debug_info    0x00029624     0x3be8 build/tasks.o
 .debug_info    0x0002d20c     0x24c3 build/timers.o
 .debug_info    0x0002f6cf     0x5f13 build/cmsis_os2.o
 .debug_info    0x000355e2      0x60e build/heap_4.o
 .debug_info    0x00035bf0      0x5c2 build/port.o
 .debug_info    0x000361b2      0x18c build/sysmem.o
 .debug_info    0x0003633e      0x853 build/syscalls.o
 .debug_info    0x00036b91       0x30 build/startup_stm32h755xx_CM7.o

.debug_abbrev   0x00000000     0x4ef0
 .debug_abbrev  0x00000000      0x43e build/ethernetif.o
 .debug_abbrev  0x0000043e      0x39d build/main.o
 .debug_abbrev  0x000007db      0x170 build/usart3_debug.o
 .debug_abbrev  0x0000094b      0x1a3 build/stm32h7xx_it.o
 .debug_abbrev  0x00000aee      0x122 build/stm32h7xx_hal_msp.o
 .debug_abbrev  0x00000c10      0x23c build/stm32h7xx_hal_timebase_tim.o
 .debug_abbrev  0x00000e4c      0x382 build/stm32h7xx_nucleo.o
 .debug_abbrev  0x000011ce      0x2bd build/stm32h7xx_hal_tim.o
 .debug_abbrev  0x0000148b      0x2b7 build/stm32h7xx_hal_tim_ex.o
 .debug_abbrev  0x00001742      0x361 build/stm32h7xx_hal_eth.o
 .debug_abbrev  0x00001aa3      0x29b build/stm32h7xx_hal_rcc.o
 .debug_abbrev  0x00001d3e      0x285 build/stm32h7xx_hal_rcc_ex.o
 .debug_abbrev  0x00001fc3      0x25a build/stm32h7xx_hal_gpio.o
 .debug_abbrev  0x0000221d      0x2ef build/stm32h7xx_hal_pwr_ex.o
 .debug_abbrev  0x0000250c      0x3e6 build/stm32h7xx_hal_cortex.o
 .debug_abbrev  0x000028f2      0x2b1 build/stm32h7xx_hal.o
 .debug_abbrev  0x00002ba3      0x223 build/stm32h7xx_hal_exti.o
 .debug_abbrev  0x00002dc6      0x391 build/stm32h7xx_hal_uart.o
 .debug_abbrev  0x00003157      0x144 build/system_stm32h7xx_dualcore_boot_cm4_cm7.o
 .debug_abbrev  0x0000329b      0x124 build/list.o
 .debug_abbrev  0x000033bf      0x431 build/queue.o
 .debug_abbrev  0x000037f0      0x4b5 build/tasks.o
 .debug_abbrev  0x00003ca5      0x41d build/timers.o
 .debug_abbrev  0x000040c2      0x613 build/cmsis_os2.o
 .debug_abbrev  0x000046d5      0x27a build/heap_4.o
 .debug_abbrev  0x0000494f      0x2af build/port.o
 .debug_abbrev  0x00004bfe       0xeb build/sysmem.o
 .debug_abbrev  0x00004ce9      0x1ea build/syscalls.o
 .debug_abbrev  0x00004ed3       0x1d build/startup_stm32h755xx_CM7.o

.debug_loc      0x00000000    0x2613a
 .debug_loc     0x00000000      0xd60 build/ethernetif.o
 .debug_loc     0x00000d60      0x27e build/main.o
 .debug_loc     0x00000fde       0xb5 build/usart3_debug.o
 .debug_loc     0x00001093       0x60 build/stm32h7xx_it.o
 .debug_loc     0x000010f3       0x38 build/stm32h7xx_hal_msp.o
 .debug_loc     0x0000112b       0xe2 build/stm32h7xx_hal_timebase_tim.o
 .debug_loc     0x0000120d      0x979 build/stm32h7xx_nucleo.o
 .debug_loc     0x00001b86     0x6622 build/stm32h7xx_hal_tim.o
 .debug_loc     0x000081a8     0x2b2f build/stm32h7xx_hal_tim_ex.o
 .debug_loc     0x0000acd7     0x1efe build/stm32h7xx_hal_eth.o
 .debug_loc     0x0000cbd5      0xb18 build/stm32h7xx_hal_rcc.o
 .debug_loc     0x0000d6ed     0x20f9 build/stm32h7xx_hal_rcc_ex.o
 .debug_loc     0x0000f7e6      0x4b2 build/stm32h7xx_hal_gpio.o
 .debug_loc     0x0000fc98      0x8f5 build/stm32h7xx_hal_pwr_ex.o
 .debug_loc     0x0001058d      0x898 build/stm32h7xx_hal_cortex.o
 .debug_loc     0x00010e25      0x6fb build/stm32h7xx_hal.o
 .debug_loc     0x00011520      0xf1f build/stm32h7xx_hal_exti.o
 .debug_loc     0x0001243f     0x65fe build/stm32h7xx_hal_uart.o
 .debug_loc     0x00018a3d      0x1d8 build/system_stm32h7xx_dualcore_boot_cm4_cm7.o
 .debug_loc     0x00018c15       0xeb build/list.o
 .debug_loc     0x00018d00     0x20ec build/queue.o
 .debug_loc     0x0001adec     0x2c59 build/tasks.o
 .debug_loc     0x0001da45     0x16cf build/timers.o
 .debug_loc     0x0001f114     0x6331 build/cmsis_os2.o
 .debug_loc     0x00025445      0x51c build/heap_4.o
 .debug_loc     0x00025961      0x1c6 build/port.o
 .debug_loc     0x00025b27       0x90 build/sysmem.o
 .debug_loc     0x00025bb7      0x583 build/syscalls.o

.debug_aranges  0x00000000     0x1c40
 .debug_aranges
                0x00000000       0xc8 build/ethernetif.o
 .debug_aranges
                0x000000c8       0x88 build/main.o
 .debug_aranges
                0x00000150       0x28 build/usart3_debug.o
 .debug_aranges
                0x00000178       0x60 build/stm32h7xx_it.o
 .debug_aranges
                0x000001d8       0x20 build/stm32h7xx_hal_msp.o
 .debug_aranges
                0x000001f8       0x30 build/stm32h7xx_hal_timebase_tim.o
 .debug_aranges
                0x00000228       0xb8 build/stm32h7xx_nucleo.o
 .debug_aranges
                0x000002e0      0x3e0 build/stm32h7xx_hal_tim.o
 .debug_aranges
                0x000006c0      0x188 build/stm32h7xx_hal_tim_ex.o
 .debug_aranges
                0x00000848      0x1e0 build/stm32h7xx_hal_eth.o
 .debug_aranges
                0x00000a28       0x88 build/stm32h7xx_hal_rcc.o
 .debug_aranges
                0x00000ab0      0x100 build/stm32h7xx_hal_rcc_ex.o
 .debug_aranges
                0x00000bb0       0x58 build/stm32h7xx_hal_gpio.o
 .debug_aranges
                0x00000c08      0x170 build/stm32h7xx_hal_pwr_ex.o
 .debug_aranges
                0x00000d78       0xf8 build/stm32h7xx_hal_cortex.o
 .debug_aranges
                0x00000e70      0x200 build/stm32h7xx_hal.o
 .debug_aranges
                0x00001070       0x60 build/stm32h7xx_hal_exti.o
 .debug_aranges
                0x000010d0      0x248 build/stm32h7xx_hal_uart.o
 .debug_aranges
                0x00001318       0x30 build/system_stm32h7xx_dualcore_boot_cm4_cm7.o
 .debug_aranges
                0x00001348       0x40 build/list.o
 .debug_aranges
                0x00001388      0x158 build/queue.o
 .debug_aranges
                0x000014e0      0x208 build/tasks.o
 .debug_aranges
                0x000016e8       0xf0 build/timers.o
 .debug_aranges
                0x000017d8      0x2a0 build/cmsis_os2.o
 .debug_aranges
                0x00001a78       0x58 build/heap_4.o
 .debug_aranges
                0x00001ad0       0x80 build/port.o
 .debug_aranges
                0x00001b50       0x20 build/sysmem.o
 .debug_aranges
                0x00001b70       0xa8 build/syscalls.o
 .debug_aranges
                0x00001c18       0x28 build/startup_stm32h755xx_CM7.o

.debug_ranges   0x00000000     0x1d88
 .debug_ranges  0x00000000       0xb8 build/ethernetif.o
 .debug_ranges  0x000000b8       0xa8 build/main.o
 .debug_ranges  0x00000160       0x18 build/usart3_debug.o
 .debug_ranges  0x00000178       0x50 build/stm32h7xx_it.o
 .debug_ranges  0x000001c8       0x10 build/stm32h7xx_hal_msp.o
 .debug_ranges  0x000001d8       0x20 build/stm32h7xx_hal_timebase_tim.o
 .debug_ranges  0x000001f8       0xa8 build/stm32h7xx_nucleo.o
 .debug_ranges  0x000002a0      0x3d0 build/stm32h7xx_hal_tim.o
 .debug_ranges  0x00000670      0x178 build/stm32h7xx_hal_tim_ex.o
 .debug_ranges  0x000007e8      0x1d0 build/stm32h7xx_hal_eth.o
 .debug_ranges  0x000009b8       0xe8 build/stm32h7xx_hal_rcc.o
 .debug_ranges  0x00000aa0       0xf0 build/stm32h7xx_hal_rcc_ex.o
 .debug_ranges  0x00000b90       0x48 build/stm32h7xx_hal_gpio.o
 .debug_ranges  0x00000bd8      0x1c0 build/stm32h7xx_hal_pwr_ex.o
 .debug_ranges  0x00000d98       0xe8 build/stm32h7xx_hal_cortex.o
 .debug_ranges  0x00000e80      0x1f0 build/stm32h7xx_hal.o
 .debug_ranges  0x00001070       0x50 build/stm32h7xx_hal_exti.o
 .debug_ranges  0x000010c0      0x238 build/stm32h7xx_hal_uart.o
 .debug_ranges  0x000012f8       0x20 build/system_stm32h7xx_dualcore_boot_cm4_cm7.o
 .debug_ranges  0x00001318       0x30 build/list.o
 .debug_ranges  0x00001348      0x200 build/queue.o
 .debug_ranges  0x00001548      0x338 build/tasks.o
 .debug_ranges  0x00001880       0xe0 build/timers.o
 .debug_ranges  0x00001960      0x290 build/cmsis_os2.o
 .debug_ranges  0x00001bf0       0x48 build/heap_4.o
 .debug_ranges  0x00001c38       0x88 build/port.o
 .debug_ranges  0x00001cc0       0x10 build/sysmem.o
 .debug_ranges  0x00001cd0       0x98 build/syscalls.o
 .debug_ranges  0x00001d68       0x20 build/startup_stm32h755xx_CM7.o

.debug_line     0x00000000    0x1f614
 .debug_line    0x00000000      0xd14 build/ethernetif.o