Archive member included to satisfy reference by file (symbol)

C:/Program Files (x86)/Arm GNU Toolchain arm-none-eabi/14.3 rel1/bin/../lib/gcc/arm-none-eabi/14.3.1/../../../../arm-none-eabi/lib/thumb/v7e-m+dp/hard\libc_nano.a(libc_a-exit.o)
                              C:/Program Files (x86)/Arm GNU Toolchain arm-none-eabi/14.3 rel1/bin/../lib/gcc/arm-none-eabi/14.3.1/../../../../arm-none-eabi/lib/thumb/v7e-m+dp/hard/crt0.o (exit)
C:/Program Files (x86)/Arm GNU Toolchain arm-none-eabi/14.3 rel1/bin/../lib/gcc/arm-none-eabi/14.3.1/../../../../arm-none-eabi/lib/thumb/v7e-m+dp/hard\libc_nano.a(libc_a-findfp.o)
                              C:/Program Files (x86)/Arm GNU Toolchain arm-none-eabi/14.3 rel1/bin/../lib/gcc/arm-none-eabi/14.3.1/../../../../arm-none-eabi/lib/thumb/v7e-m+dp/hard\libc_nano.a(libc_a-exit.o) (__stdio_exit_handler)
C:/Program Files (x86)/Arm GNU Toolchain arm-none-eabi/14.3 rel1/bin/../lib/gcc/arm-none-eabi/14.3.1/../../../../arm-none-eabi/lib/thumb/v7e-m+dp/hard\libc_nano.a(libc_a-fwalk.o)
                              C:/Program Files (x86)/Arm GNU Toolchain arm-none-eabi/14.3 rel1/bin/../lib/gcc/arm-none-eabi/14.3.1/../../../../arm-none-eabi/lib/thumb/v7e-m+dp/hard\libc_nano.a(libc_a-findfp.o) (_fwalk_sglue)
C:/Program Files (x86)/Arm GNU Toolchain arm-none-eabi/14.3 rel1/bin/../lib/gcc/arm-none-eabi/14.3.1/../../../../arm-none-eabi/lib/thumb/v7e-m+dp/hard\libc_nano.a(libc_a-printf.o)
                              build/main.o (printf)
C:/Program Files (x86)/Arm GNU Toolchain arm-none-eabi/14.3 rel1/bin/../lib/gcc/arm-none-eabi/14.3.1/../../../../arm-none-eabi/lib/thumb/v7e-m+dp/hard\libc_nano.a(libc_a-puts.o)
                              build/main.o (puts)
C:/Program Files (x86)/Arm GNU Toolchain arm-none-eabi/14.3 rel1/bin/../lib/gcc/arm-none-eabi/14.3.1/../../../../arm-none-eabi/lib/thumb/v7e-m+dp/hard\libc_nano.a(libc_a-stdio.o)
                              C:/Program Files (x86)/Arm GNU Toolchain arm-none-eabi/14.3 rel1/bin/../lib/gcc/arm-none-eabi/14.3.1/../../../../arm-none-eabi/lib/thumb/v7e-m+dp/hard\libc_nano.a(libc_a-findfp.o) (__sread)
C:/Program Files (x86)/Arm GNU Toolchain arm-none-eabi/14.3 rel1/bin/../lib/gcc/arm-none-eabi/14.3.1/../../../../arm-none-eabi/lib/thumb/v7e-m+dp/hard\libc_nano.a(libc_a-wbuf.o)
                              C:/Program Files (x86)/Arm GNU Toolchain arm-none-eabi/14.3 rel1/bin/../lib/gcc/arm-none-eabi/14.3.1/../../../../arm-none-eabi/lib/thumb/v7e-m+dp/hard\libc_nano.a(libc_a-puts.o) (__swbuf_r)
C:/Program Files (x86)/Arm GNU Toolchain arm-none-eabi/14.3 rel1/bin/../lib/gcc/arm-none-eabi/14.3.1/../../../../arm-none-eabi/lib/thumb/v7e-m+dp/hard\libc_nano.a(libc_a-wsetup.o)
                              C:/Program Files (x86)/Arm GNU Toolchain arm-none-eabi/14.3 rel1/bin/../lib/gcc/arm-none-eabi/14.3.1/../../../../arm-none-eabi/lib/thumb/v7e-m+dp/hard\libc_nano.a(libc_a-puts.o) (__swsetup_r)
C:/Program Files (x86)/Arm GNU Toolchain arm-none-eabi/14.3 rel1/bin/../lib/gcc/arm-none-eabi/14.3.1/../../../../arm-none-eabi/lib/thumb/v7e-m+dp/hard\libc_nano.a(libc_a-memset.o)
                              C:/Program Files (x86)/Arm GNU Toolchain arm-none-eabi/14.3 rel1/bin/../lib/gcc/arm-none-eabi/14.3.1/../../../../arm-none-eabi/lib/thumb/v7e-m+dp/hard/crt0.o (memset)
C:/Program Files (x86)/Arm GNU Toolchain arm-none-eabi/14.3 rel1/bin/../lib/gcc/arm-none-eabi/14.3.1/../../../../arm-none-eabi/lib/thumb/v7e-m+dp/hard\libc_nano.a(libc_a-closer.o)
                              C:/Program Files (x86)/Arm GNU Toolchain arm-none-eabi/14.3 rel1/bin/../lib/gcc/arm-none-eabi/14.3.1/../../../../arm-none-eabi/lib/thumb/v7e-m+dp/hard\libc_nano.a(libc_a-stdio.o) (_close_r)
C:/Program Files (x86)/Arm GNU Toolchain arm-none-eabi/14.3 rel1/bin/../lib/gcc/arm-none-eabi/14.3.1/../../../../arm-none-eabi/lib/thumb/v7e-m+dp/hard\libc_nano.a(libc_a-reent.o)
                              C:/Program Files (x86)/Arm GNU Toolchain arm-none-eabi/14.3 rel1/bin/../lib/gcc/arm-none-eabi/14.3.1/../../../../arm-none-eabi/lib/thumb/v7e-m+dp/hard\libc_nano.a(libc_a-closer.o) (errno)
C:/Program Files (x86)/Arm GNU Toolchain arm-none-eabi/14.3 rel1/bin/../lib/gcc/arm-none-eabi/14.3.1/../../../../arm-none-eabi/lib/thumb/v7e-m+dp/hard\libc_nano.a(libc_a-impure.o)
                              C:/Program Files (x86)/Arm GNU Toolchain arm-none-eabi/14.3 rel1/bin/../lib/gcc/arm-none-eabi/14.3.1/../../../../arm-none-eabi/lib/thumb/v7e-m+dp/hard\libc_nano.a(libc_a-printf.o) (_impure_ptr)
C:/Program Files (x86)/Arm GNU Toolchain arm-none-eabi/14.3 rel1/bin/../lib/gcc/arm-none-eabi/14.3.1/../../../../arm-none-eabi/lib/thumb/v7e-m+dp/hard\libc_nano.a(libc_a-lseekr.o)
                              C:/Program Files (x86)/Arm GNU Toolchain arm-none-eabi/14.3 rel1/bin/../lib/gcc/arm-none-eabi/14.3.1/../../../../arm-none-eabi/lib/thumb/v7e-m+dp/hard\libc_nano.a(libc_a-stdio.o) (_lseek_r)
[...]
Memory Configuration

Name             Origin             Length             Attributes
FLASH            0x08000000         0x00100000         xr
RAM              0x20000000         0x00020000         xrw
ITCMRAM          0x00000000         0x00010000         xrw
SHARED_RAM       0x38000000         0x00010000         xrw
*default*        0x00000000         0xffffffff

Linker script and memory map

LOAD C:/Program Files (x86)/Arm GNU Toolchain arm-none-eabi/14.3 rel1/bin/../lib/gcc/arm-none-eabi/14.3.1/thumb/v7e-m+dp/hard/crti.o
LOAD C:/Program Files (x86)/Arm GNU Toolchain arm-none-eabi/14.3 rel1/bin/../lib/gcc/arm-none-eabi/14.3.1/thumb/v7e-m+dp/hard/crtbegin.o
LOAD C:/Program Files (x86)/Arm GNU Toolchain arm-none-eabi/14.3 rel1/bin/../lib/gcc/arm-none-eabi/14.3.1/../../../../arm-none-eabi/lib/thumb/v7e-m+dp/hard/crt0.o
LOAD build/main.o
LOAD build/stm32h7xx_it.o
LOAD build/stm32h7xx_hal_msp.o
LOAD build/stm32h7xx_nucleo.o
LOAD build/stm32h7xx_hal_cortex.o
LOAD build/stm32h7xx_hal_rcc.o
LOAD build/stm32h7xx_hal_rcc_ex.o
LOAD build/stm32h7xx_hal_flash.o
LOAD build/stm32h7xx_hal_flash_ex.o
LOAD build/stm32h7xx_hal_gpio.o
LOAD build/stm32h7xx_hal_hsem.o
LOAD build/stm32h7xx_hal_dma.o
LOAD build/stm32h7xx_hal_dma_ex.o
LOAD build/stm32h7xx_hal_mdma.o
LOAD build/stm32h7xx_hal_pwr.o
LOAD build/stm32h7xx_hal_pwr_ex.o
LOAD build/stm32h7xx_hal.o
LOAD build/stm32h7xx_hal_i2c.o
LOAD build/stm32h7xx_hal_i2c_ex.o
LOAD build/stm32h7xx_hal_exti.o
LOAD build/stm32h7xx_hal_tim.o
LOAD build/stm32h7xx_hal_tim_ex.o
LOAD build/stm32h7xx_hal_usart.o
LOAD build/stm32h7xx_hal_usart_ex.o
LOAD build/stm32h7xx_hal_uart_ex.o
LOAD build/stm32h7xx_hal_uart.o
LOAD build/system_stm32h7xx_dualcore_boot_cm4_cm7.o
LOAD build/sysmem.o
LOAD build/syscalls.o
LOAD build/startup_stm32h755xx_CM7.o
LOAD C:/Program Files (x86)/Arm GNU Toolchain arm-none-eabi/14.3 rel1/bin/../lib/gcc/arm-none-eabi/14.3.1/../../../../arm-none-eabi/lib/thumb/v7e-m+dp/hard\libc_nano.a
LOAD C:/Program Files (x86)/Arm GNU Toolchain arm-none-eabi/14.3 rel1/bin/../lib/gcc/arm-none-eabi/14.3.1/../../../../arm-none-eabi/lib/thumb/v7e-m+dp/hard\libm.a
LOAD C:/Program Files (x86)/Arm GNU Toolchain arm-none-eabi/14.3 rel1/bin/../lib/gcc/arm-none-eabi/14.3.1/../../../../arm-none-eabi/lib/thumb/v7e-m+dp/hard\libnosys.a
START GROUP
LOAD C:/Program Files (x86)/Arm GNU Toolchain arm-none-eabi/14.3 rel1/bin/../lib/gcc/arm-none-eabi/14.3.1/thumb/v7e-m+dp/hard\libgcc.a
LOAD C:/Program Files (x86)/Arm GNU Toolchain arm-none-eabi/14.3 rel1/bin/../lib/gcc/arm-none-eabi/14.3.1/../../../../arm-none-eabi/lib/thumb/v7e-m+dp/hard\libc_nano.a
END GROUP
START GROUP
LOAD C:/Program Files (x86)/Arm GNU Toolchain arm-none-eabi/14.3 rel1/bin/../lib/gcc/arm-none-eabi/14.3.1/thumb/v7e-m+dp/hard\libgcc.a
LOAD C:/Program Files (x86)/Arm GNU Toolchain arm-none-eabi/14.3 rel1/bin/../lib/gcc/arm-none-eabi/14.3.1/../../../../arm-none-eabi/lib/thumb/v7e-m+dp/hard\libc_nano.a
END GROUP
LOAD C:/Program Files (x86)/Arm GNU Toolchain arm-none-eabi/14.3 rel1/bin/../lib/gcc/arm-none-eabi/14.3.1/thumb/v7e-m+dp/hard/crtend.o
LOAD C:/Program Files (x86)/Arm GNU Toolchain arm-none-eabi/14.3 rel1/bin/../lib/gcc/arm-none-eabi/14.3.1/thumb/v7e-m+dp/hard/crtn.o
                0x20020000                        _estack = 0x20020000
                0x00000200                        _Min_Heap_Size = 0x200
                0x00000400                        _Min_Stack_Size = 0x400

.isr_vector     0x08000000      0x298
                0x08000000                        . = ALIGN (0x4)
 *(.isr_vector)
 .isr_vector    0x08000000      0x298 build/startup_stm32h755xx_CM7.o
                0x08000000                g_pfnVectors
                0x08000298                        . = ALIGN (0x4)

.shared_data    0x38000000        0x0
                0x38000000                        . = ALIGN (0x4)
 *(.shared_data)
                0x38000000                        . = ALIGN (0x4)

.text           0x080002a0     0x3600
                0x080002a0                        . = ALIGN (0x4)
 *(.text)
 .text          0x080002a0       0xa0 C:/Program Files (x86)/Arm GNU Toolchain arm-none-eabi/14.3 rel1/bin/../lib/gcc/arm-none-eabi/14.3.1/../../../../arm-none-eabi/lib/thumb/v7e-m+dp/hard\libc_nano.a(libc_a-memchr.o)
                0x080002a0                memchr
 .text          0x08000340       0x30 C:/Program Files (x86)/Arm GNU Toolchain arm-none-eabi/14.3 rel1/bin/../lib/gcc/arm-none-eabi/14.3.1/thumb/v7e-m+dp/hard\libgcc.a(_aeabi_uldivmod.o)
                0x08000340                __aeabi_uldivmod
 .text          0x08000370        0x4 C:/Program Files (x86)/Arm GNU Toolchain arm-none-eabi/14.3 rel1/bin/../lib/gcc/arm-none-eabi/14.3.1/thumb/v7e-m+dp/hard\libgcc.a(_dvmd_tls.o)
                0x08000370                __aeabi_idiv0
                0x08000370                __aeabi_ldiv0
 *(.text*)
 .text.deregister_tm_clones
                0x08000374       0x1c C:/Program Files (x86)/Arm GNU Toolchain arm-none-eabi/14.3 rel1/bin/../lib/gcc/arm-none-eabi/14.3.1/thumb/v7e-m+dp/hard/crtbegin.o
 .text.register_tm_clones
                0x08000390       0x24 C:/Program Files (x86)/Arm GNU Toolchain arm-none-eabi/14.3 rel1/bin/../lib/gcc/arm-none-eabi/14.3.1/thumb/v7e-m+dp/hard/crtbegin.o
 .text.__do_global_dtors_aux
                0x080003b4       0x28 C:/Program Files (x86)/Arm GNU Toolchain arm-none-eabi/14.3 rel1/bin/../lib/gcc/arm-none-eabi/14.3.1/thumb/v7e-m+dp/hard/crtbegin.o
 .text.frame_dummy
                0x080003dc       0x24 C:/Program Files (x86)/Arm GNU Toolchain arm-none-eabi/14.3 rel1/bin/../lib/gcc/arm-none-eabi/14.3.1/thumb/v7e-m+dp/hard/crtbegin.o
 .text._write   0x08000400       0x18 build/main.o
                0x08000400                _write
 .text.Error_Handler
                0x08000418        0x4 build/main.o
                0x08000418                Error_Handler
 .text.MX_USART3_UART_Init
                0x0800041c       0x38 build/main.o
 .text.SystemClock_Config
                0x08000454       0xcc build/main.o
                0x08000454                SystemClock_Config
 .text.main     0x08000520       0x7c build/main.o
                0x08000520                main
 .text.NMI_Handler
                0x0800059c        0x2 build/stm32h7xx_it.o
                0x0800059c                NMI_Handler
 .text.HardFault_Handler
                0x0800059e        0x2 build/stm32h7xx_it.o
                0x0800059e                HardFault_Handler
 .text.MemManage_Handler
                0x080005a0        0x2 build/stm32h7xx_it.o
                0x080005a0                MemManage_Handler
 .text.BusFault_Handler
                0x080005a2        0x2 build/stm32h7xx_it.o
                0x080005a2                BusFault_Handler
 .text.UsageFault_Handler
                0x080005a4        0x2 build/stm32h7xx_it.o
                0x080005a4                UsageFault_Handler
 .text.SVC_Handler
                0x080005a6        0x2 build/stm32h7xx_it.o
                0x080005a6                SVC_Handler
 .text.DebugMon_Handler
                0x080005a8        0x2 build/stm32h7xx_it.o
                0x080005a8                DebugMon_Handler
 .text.PendSV_Handler
                0x080005aa        0x2 build/stm32h7xx_it.o
                0x080005aa                PendSV_Handler
 .text.SysTick_Handler
                0x080005ac        0x8 build/stm32h7xx_it.o
                0x080005ac                SysTick_Handler
 .text.HAL_MspInit
                0x080005b4       0x24 build/stm32h7xx_hal_msp.o
                0x080005b4                HAL_MspInit
 .text.HAL_UART_MspInit
                0x080005d8       0x78 build/stm32h7xx_hal_msp.o
                0x080005d8                HAL_UART_MspInit
 .text.__NVIC_SetPriority
                0x08000650       0x24 build/stm32h7xx_hal_cortex.o
 .text.NVIC_EncodePriority
                0x08000674       0x3e build/stm32h7xx_hal_cortex.o
 *fill*         0x080006b2        0x2 
 .text.HAL_NVIC_SetPriorityGrouping
                0x080006b4       0x24 build/stm32h7xx_hal_cortex.o
                0x080006b4                HAL_NVIC_SetPriorityGrouping
 .text.HAL_NVIC_SetPriority
                0x080006d8       0x20 build/stm32h7xx_hal_cortex.o
                0x080006d8                HAL_NVIC_SetPriority
 .text.HAL_SYSTICK_Config
                0x080006f8       0x28 build/stm32h7xx_hal_cortex.o
                0x080006f8                HAL_SYSTICK_Config
 .text.HAL_RCC_OscConfig
                0x08000720      0x6b0 build/stm32h7xx_hal_rcc.o
                0x08000720                HAL_RCC_OscConfig
 .text.HAL_RCC_GetSysClockFreq
                0x08000dd0      0x1f8 build/stm32h7xx_hal_rcc.o
                0x08000dd0                HAL_RCC_GetSysClockFreq
 .text.HAL_RCC_ClockConfig
                0x08000fc8      0x294 build/stm32h7xx_hal_rcc.o
                0x08000fc8                HAL_RCC_ClockConfig
 .text.HAL_RCC_GetHCLKFreq
                0x0800125c       0x44 build/stm32h7xx_hal_rcc.o
                0x0800125c                HAL_RCC_GetHCLKFreq
 .text.HAL_RCC_GetPCLK1Freq
                0x080012a0       0x24 build/stm32h7xx_hal_rcc.o
                0x080012a0                HAL_RCC_GetPCLK1Freq
 .text.HAL_RCC_GetPCLK2Freq
                0x080012c4       0x24 build/stm32h7xx_hal_rcc.o
                0x080012c4                HAL_RCC_GetPCLK2Freq
 .text.HAL_RCCEx_GetD3PCLK1Freq
                0x080012e8       0x24 build/stm32h7xx_hal_rcc_ex.o
                0x080012e8                HAL_RCCEx_GetD3PCLK1Freq
 .text.HAL_RCCEx_GetPLL2ClockFreq
                0x0800130c      0x200 build/stm32h7xx_hal_rcc_ex.o
                0x0800130c                HAL_RCCEx_GetPLL2ClockFreq
 .text.HAL_RCCEx_GetPLL3ClockFreq
                0x0800150c      0x200 build/stm32h7xx_hal_rcc_ex.o
                0x0800150c                HAL_RCCEx_GetPLL3ClockFreq
 .text.HAL_GPIO_Init
                0x0800170c      0x220 build/stm32h7xx_hal_gpio.o
                0x0800170c                HAL_GPIO_Init
 .text.HAL_PWREx_ConfigSupply
                0x0800192c       0x94 build/stm32h7xx_hal_pwr_ex.o
                0x0800192c                HAL_PWREx_ConfigSupply
 .text.HAL_InitTick
                0x080019c0       0x50 build/stm32h7xx_hal.o
                0x080019c0                HAL_InitTick
 .text.HAL_Init
                0x08001a10       0x5c build/stm32h7xx_hal.o
                0x08001a10                HAL_Init
 .text.HAL_IncTick
                0x08001a6c       0x18 build/stm32h7xx_hal.o
                0x08001a6c                HAL_IncTick
 .text.HAL_GetTick
                0x08001a84        0xc build/stm32h7xx_hal.o
                0x08001a84                HAL_GetTick
 .text.HAL_Delay
                0x08001a90       0x28 build/stm32h7xx_hal.o
                0x08001a90                HAL_Delay
 .text.HAL_GetREVID
                0x08001ab8        0xc build/stm32h7xx_hal.o
                0x08001ab8                HAL_GetREVID
 .text.UART_EndRxTransfer
                0x08001ac4       0x58 build/stm32h7xx_hal_uart.o
 .text.UART_SetConfig
                0x08001b1c      0x5f4 build/stm32h7xx_hal_uart.o
                0x08001b1c                UART_SetConfig
 .text.UART_AdvFeatureConfig
                0x08002110       0xca build/stm32h7xx_hal_uart.o
                0x08002110                UART_AdvFeatureConfig
 .text.UART_WaitOnFlagUntilTimeout
                0x080021da       0xa6 build/stm32h7xx_hal_uart.o
                0x080021da                UART_WaitOnFlagUntilTimeout
 .text.HAL_UART_Transmit
                0x08002280       0xd0 build/stm32h7xx_hal_uart.o
                0x08002280                HAL_UART_Transmit
 .text.UART_CheckIdleState
                0x08002350       0xca build/stm32h7xx_hal_uart.o
                0x08002350                UART_CheckIdleState
 .text.HAL_UART_Init
                0x0800241a       0x66 build/stm32h7xx_hal_uart.o
                0x0800241a                HAL_UART_Init
 .text.SystemInit
                0x08002480      0x108 build/system_stm32h7xx_dualcore_boot_cm4_cm7.o
                0x08002480                SystemInit
 .text.ExitRun0Mode
                0x08002588       0x1c build/system_stm32h7xx_dualcore_boot_cm4_cm7.o
                0x08002588                ExitRun0Mode
 .text._sbrk    0x080025a4       0x48 build/sysmem.o
                0x080025a4                _sbrk
 .text._read    0x080025ec       0x20 build/syscalls.o
                0x080025ec                _read
 .text._close   0x0800260c        0x6 build/syscalls.o
                0x0800260c                _close
 .text._fstat   0x08002612        0xa build/syscalls.o
                0x08002612                _fstat
 .text._isatty  0x0800261c        0x4 build/syscalls.o
                0x0800261c                _isatty
 .text._lseek   0x08002620        0x4 build/syscalls.o
                0x08002620                _lseek
 .text.Reset_Handler
                0x08002624       0x54 build/startup_stm32h755xx_CM7.o
                0x08002624                Reset_Handler
 .text.Default_Handler
                0x08002678        0x2 build/startup_stm32h755xx_CM7.o
                0x08002678                RTC_Alarm_IRQHandler
                0x08002678                HASH_RNG_IRQHandler
                0x08002678                EXTI2_IRQHandler
                0x08002678                TIM8_CC_IRQHandler
                0x08002678                HRTIM1_Master_IRQHandler
                0x08002678                UART8_IRQHandler
                0x08002678                SPI4_IRQHandler
                0x08002678                TIM1_CC_IRQHandler
                0x08002678                BDMA_Channel6_IRQHandler
                0x08002678                DMA2_Stream5_IRQHandler
                0x08002678                HRTIM1_FLT_IRQHandler
                0x08002678                JPEG_IRQHandler
                0x08002678                DMA1_Stream5_IRQHandler
                0x08002678                BDMA_Channel1_IRQHandler
                0x08002678                HRTIM1_TIMD_IRQHandler
                0x08002678                TAMP_STAMP_IRQHandler
                0x08002678                EXTI3_IRQHandler
                0x08002678                LPTIM4_IRQHandler
                0x08002678                TIM8_TRG_COM_TIM14_IRQHandler
                0x08002678                LPTIM2_IRQHandler
                0x08002678                DFSDM1_FLT1_IRQHandler
                0x08002678                DMAMUX2_OVR_IRQHandler
                0x08002678                TIM8_UP_TIM13_IRQHandler
                0x08002678                I2C3_ER_IRQHandler
                0x08002678                DFSDM1_FLT2_IRQHandler
                0x08002678                MDMA_IRQHandler
                0x08002678                LPTIM3_IRQHandler
                0x08002678                HSEM1_IRQHandler
                0x08002678                EXTI0_IRQHandler
                0x08002678                I2C2_EV_IRQHandler
                0x08002678                DMA1_Stream2_IRQHandler
                0x08002678                FPU_IRQHandler
                0x08002678                OTG_HS_WKUP_IRQHandler
                0x08002678                FDCAN1_IT1_IRQHandler
                0x08002678                LTDC_ER_IRQHandler
                0x08002678                DMA2_Stream2_IRQHandler
                0x08002678                HRTIM1_TIME_IRQHandler
                0x08002678                SPI1_IRQHandler
                0x08002678                TIM6_DAC_IRQHandler
                0x08002678                DCMI_IRQHandler
                0x08002678                HRTIM1_TIMC_IRQHandler
                0x08002678                DMA2_Stream3_IRQHandler
                0x08002678                SAI2_IRQHandler
                0x08002678                DFSDM1_FLT3_IRQHandler
                0x08002678                USART6_IRQHandler
                0x08002678                TIM17_IRQHandler
                0x08002678                USART3_IRQHandler
                0x08002678                BDMA_Channel7_IRQHandler
                0x08002678                CRYP_IRQHandler
                0x08002678                LPTIM5_IRQHandler
                0x08002678                UART5_IRQHandler
                0x08002678                ADC3_IRQHandler
                0x08002678                DMA2_Stream0_IRQHandler
                0x08002678                TIM4_IRQHandler
                0x08002678                BDMA_Channel2_IRQHandler
                0x08002678                QUADSPI_IRQHandler
                0x08002678                I2C1_EV_IRQHandler
                0x08002678                DMA1_Stream6_IRQHandler
                0x08002678                DMAMUX1_OVR_IRQHandler
                0x08002678                DMA1_Stream1_IRQHandler
                0x08002678                TIM16_IRQHandler
                0x08002678                UART4_IRQHandler
                0x08002678                BDMA_Channel5_IRQHandler
                0x08002678                TIM3_IRQHandler
                0x08002678                RCC_IRQHandler
                0x08002678                TIM8_BRK_TIM12_IRQHandler
                0x08002678                TIM1_TRG_COM_IRQHandler
                0x08002678                Default_Handler
                0x08002678                ECC_IRQHandler
                0x08002678                CEC_IRQHandler
                0x08002678                EXTI15_10_IRQHandler
                0x08002678                BDMA_Channel0_IRQHandler
                0x08002678                ADC_IRQHandler
                0x08002678                DMA1_Stream7_IRQHandler
                0x08002678                HRTIM1_TIMA_IRQHandler
                0x08002678                SPI5_IRQHandler
                0x08002678                TIM7_IRQHandler
                0x08002678                SDMMC1_IRQHandler
                0x08002678                TIM5_IRQHandler
                0x08002678                DMA2_Stream7_IRQHandler
                0x08002678                TIM15_IRQHandler
                0x08002678                PVD_AVD_IRQHandler
                0x08002678                I2C3_EV_IRQHandler
                0x08002678                EXTI9_5_IRQHandler
                0x08002678                RTC_WKUP_IRQHandler
                0x08002678                LTDC_IRQHandler
                0x08002678                SAI3_IRQHandler
                0x08002678                ETH_WKUP_IRQHandler
                0x08002678                SPDIF_RX_IRQHandler
                0x08002678                SPI2_IRQHandler
                0x08002678                OTG_HS_EP1_IN_IRQHandler
                0x08002678                DMA1_Stream0_IRQHandler
                0x08002678                CRS_IRQHandler
                0x08002678                CM7_SEV_IRQHandler
                0x08002678                EXTI4_IRQHandler
                0x08002678                CM4_SEV_IRQHandler
                0x08002678                HRTIM1_TIMB_IRQHandler
                0x08002678                FDCAN2_IT1_IRQHandler
                0x08002678                ETH_IRQHandler
                0x08002678                TIM1_UP_IRQHandler
                0x08002678                WWDG_RST_IRQHandler
                0x08002678                BDMA_Channel4_IRQHandler
                0x08002678                OTG_HS_EP1_OUT_IRQHandler
                0x08002678                WWDG_IRQHandler
                0x08002678                SPI6_IRQHandler
                0x08002678                MDIOS_IRQHandler
                0x08002678                I2C4_EV_IRQHandler
                0x08002678                FDCAN2_IT0_IRQHandler
                0x08002678                LPUART1_IRQHandler
                0x08002678                FDCAN1_IT0_IRQHandler
                0x08002678                TIM2_IRQHandler
                0x08002678                OTG_FS_WKUP_IRQHandler
                0x08002678                OTG_HS_IRQHandler
                0x08002678                HSEM2_IRQHandler
                0x08002678                DMA2D_IRQHandler
                0x08002678                TIM1_BRK_IRQHandler
                0x08002678                EXTI1_IRQHandler
                0x08002678                SDMMC2_IRQHandler
                0x08002678                OTG_FS_EP1_OUT_IRQHandler
                0x08002678                BDMA_Channel3_IRQHandler
                0x08002678                HOLD_CORE_IRQHandler
                0x08002678                UART7_IRQHandler
                0x08002678                MDIOS_WKUP_IRQHandler
                0x08002678                USART2_IRQHandler
                0x08002678                DFSDM1_FLT0_IRQHandler
                0x08002678                SAI4_IRQHandler
                0x08002678                I2C2_ER_IRQHandler
                0x08002678                DMA2_Stream1_IRQHandler
                0x08002678                FLASH_IRQHandler
                0x08002678                DMA2_Stream4_IRQHandler
                0x08002678                USART1_IRQHandler
                0x08002678                OTG_FS_IRQHandler
                0x08002678                SPI3_IRQHandler
                0x08002678                WAKEUP_PIN_IRQHandler
                0x08002678                DMA1_Stream4_IRQHandler
                0x08002678                OTG_FS_EP1_IN_IRQHandler
                0x08002678                I2C1_ER_IRQHandler
                0x08002678                FMC_IRQHandler
                0x08002678                FDCAN_CAL_IRQHandler
                0x08002678                SWPMI1_IRQHandler
                0x08002678                COMP1_IRQHandler
                0x08002678                LPTIM1_IRQHandler
                0x08002678                I2C4_ER_IRQHandler
                0x08002678                DMA2_Stream6_IRQHandler
                0x08002678                SAI1_IRQHandler
                0x08002678                DMA1_Stream3_IRQHandler
 *fill*         0x0800267a        0x2 
 .text.std      0x0800267c       0x6c C:/Program Files (x86)/Arm GNU Toolchain arm-none-eabi/14.3 rel1/bin/../lib/gcc/arm-none-eabi/14.3.1/../../../../arm-none-eabi/lib/thumb/v7e-m+dp/hard\libc_nano.a(libc_a-findfp.o)
 .text.stdio_exit_handler
                0x080026e8       0x18 C:/Program Files (x86)/Arm GNU Toolchain arm-none-eabi/14.3 rel1/bin/../lib/gcc/arm-none-eabi/14.3.1/../../../../arm-none-eabi/lib/thumb/v7e-m+dp/hard\libc_nano.a(libc_a-findfp.o)
 .text.cleanup_stdio
                0x08002700       0x40 C:/Program Files (x86)/Arm GNU Toolchain arm-none-eabi/14.3 rel1/bin/../lib/gcc/arm-none-eabi/14.3.1/../../../../arm-none-eabi/lib/thumb/v7e-m+dp/hard\libc_nano.a(libc_a-findfp.o)
 .text.global_stdio_init.part.0
                0x08002740       0x40 C:/Program Files (x86)/Arm GNU Toolchain arm-none-eabi/14.3 rel1/bin/../lib/gcc/arm-none-eabi/14.3.1/../../../../arm-none-eabi/lib/thumb/v7e-m+dp/hard\libc_nano.a(libc_a-findfp.o)
 .text.__sfp_lock_acquire
                0x08002780        0xc C:/Program Files (x86)/Arm GNU Toolchain arm-none-eabi/14.3 rel1/bin/../lib/gcc/arm-none-eabi/14.3.1/../../../../arm-none-eabi/lib/thumb/v7e-m+dp/hard\libc_nano.a(libc_a-findfp.o)
                0x08002780                __sfp_lock_acquire
 .text.__sfp_lock_release
                0x0800278c        0xc C:/Program Files (x86)/Arm GNU Toolchain arm-none-eabi/14.3 rel1/bin/../lib/gcc/arm-none-eabi/14.3.1/../../../../arm-none-eabi/lib/thumb/v7e-m+dp/hard\libc_nano.a(libc_a-findfp.o)
                0x0800278c                __sfp_lock_release
 .text.__sinit  0x08002798       0x30 C:/Program Files (x86)/Arm GNU Toolchain arm-none-eabi/14.3 rel1/bin/../lib/gcc/arm-none-eabi/14.3.1/../../../../arm-none-eabi/lib/thumb/v7e-m+dp/hard\libc_nano.a(libc_a-findfp.o)
                0x08002798                __sinit
 .text._fwalk_sglue
                0x080027c8       0x3c C:/Program Files (x86)/Arm GNU Toolchain arm-none-eabi/14.3 rel1/bin/../lib/gcc/arm-none-eabi/14.3.1/../../../../arm-none-eabi/lib/thumb/v7e-m+dp/hard\libc_nano.a(libc_a-fwalk.o)
                0x080027c8                _fwalk_sglue
 .text.printf   0x08002804       0x24 C:/Program Files (x86)/Arm GNU Toolchain arm-none-eabi/14.3 rel1/bin/../lib/gcc/arm-none-eabi/14.3.1/../../../../arm-none-eabi/lib/thumb/v7e-m+dp/hard\libc_nano.a(libc_a-printf.o)
                0x08002804                iprintf
                0x08002804                printf
 .text._puts_r  0x08002828       0xaa C:/Program Files (x86)/Arm GNU Toolchain arm-none-eabi/14.3 rel1/bin/../lib/gcc/arm-none-eabi/14.3.1/../../../../arm-none-eabi/lib/thumb/v7e-m+dp/hard\libc_nano.a(libc_a-puts.o)
                0x08002828                _puts_r
 *fill*         0x080028d2        0x2 
 .text.puts     0x080028d4       0x10 C:/Program Files (x86)/Arm GNU Toolchain arm-none-eabi/14.3 rel1/bin/../lib/gcc/arm-none-eabi/14.3.1/../../../../arm-none-eabi/lib/thumb/v7e-m+dp/hard\libc_nano.a(libc_a-puts.o)
                0x080028d4                puts
 .text.__sread  0x080028e4       0x22 C:/Program Files (x86)/Arm GNU Toolchain arm-none-eabi/14.3 rel1/bin/../lib/gcc/arm-none-eabi/14.3.1/../../../../arm-none-eabi/lib/thumb/v7e-m+dp/hard\libc_nano.a(libc_a-stdio.o)
                0x080028e4                __sread
 .text.__swrite
                0x08002906       0x38 C:/Program Files (x86)/Arm GNU Toolchain arm-none-eabi/14.3 rel1/bin/../lib/gcc/arm-none-eabi/14.3.1/../../../../arm-none-eabi/lib/thumb/v7e-m+dp/hard\libc_nano.a(libc_a-stdio.o)
                0x08002906                __swrite
 .text.__sseek  0x0800293e       0x26 C:/Program Files (x86)/Arm GNU Toolchain arm-none-eabi/14.3 rel1/bin/../lib/gcc/arm-none-eabi/14.3.1/../../../../arm-none-eabi/lib/thumb/v7e-m+dp/hard\libc_nano.a(libc_a-stdio.o)
                0x0800293e                __sseek
 .text.__sclose
                0x08002964        0x8 C:/Program Files (x86)/Arm GNU Toolchain arm-none-eabi/14.3 rel1/bin/../lib/gcc/arm-none-eabi/14.3.1/../../../../arm-none-eabi/lib/thumb/v7e-m+dp/hard\libc_nano.a(libc_a-stdio.o)
                0x08002964                __sclose
 .text.__swbuf_r
                0x0800296c       0x7c C:/Program Files (x86)/Arm GNU Toolchain arm-none-eabi/14.3 rel1/bin/../lib/gcc/arm-none-eabi/14.3.1/../../../../arm-none-eabi/lib/thumb/v7e-m+dp/hard\libc_nano.a(libc_a-wbuf.o)
                0x0800296c                __swbuf_r
 .text.__swsetup_r
                0x080029e8       0xa8 C:/Program Files (x86)/Arm GNU Toolchain arm-none-eabi/14.3 rel1/bin/../lib/gcc/arm-none-eabi/14.3.1/../../../../arm-none-eabi/lib/thumb/v7e-m+dp/hard\libc_nano.a(libc_a-wsetup.o)
                0x080029e8                __swsetup_r
 .text.memset   0x08002a90       0x10 C:/Program Files (x86)/Arm GNU Toolchain arm-none-eabi/14.3 rel1/bin/../lib/gcc/arm-none-eabi/14.3.1/../../../../arm-none-eabi/lib/thumb/v7e-m+dp/hard\libc_nano.a(libc_a-memset.o)
                0x08002a90                memset
 .text._close_r
                0x08002aa0       0x20 C:/Program Files (x86)/Arm GNU Toolchain arm-none-eabi/14.3 rel1/bin/../lib/gcc/arm-none-eabi/14.3.1/../../../../arm-none-eabi/lib/thumb/v7e-m+dp/hard\libc_nano.a(libc_a-closer.o)
                0x08002aa0                _close_r
 .text._lseek_r
                0x08002ac0       0x24 C:/Program Files (x86)/Arm GNU Toolchain arm-none-eabi/14.3 rel1/bin/../lib/gcc/arm-none-eabi/14.3.1/../../../../arm-none-eabi/lib/thumb/v7e-m+dp/hard\libc_nano.a(libc_a-lseekr.o)
                0x08002ac0                _lseek_r
 .text._read_r  0x08002ae4       0x24 C:/Program Files (x86)/Arm GNU Toolchain arm-none-eabi/14.3 rel1/bin/../lib/gcc/arm-none-eabi/14.3.1/../../../../arm-none-eabi/lib/thumb/v7e-m+dp/hard\libc_nano.a(libc_a-readr.o)
                0x08002ae4                _read_r
 .text._write_r
                0x08002b08       0x24 C:/Program Files (x86)/Arm GNU Toolchain arm-none-eabi/14.3 rel1/bin/../lib/gcc/arm-none-eabi/14.3.1/../../../../arm-none-eabi/lib/thumb/v7e-m+dp/hard\libc_nano.a(libc_a-writer.o)
                0x08002b08                _write_r
 .text.__errno  0x08002b2c        0xc C:/Program Files (x86)/Arm GNU Toolchain arm-none-eabi/14.3 rel1/bin/../lib/gcc/arm-none-eabi/14.3.1/../../../../arm-none-eabi/lib/thumb/v7e-m+dp/hard\libc_nano.a(libc_a-errno.o)
                0x08002b2c                __errno
 .text.__libc_init_array
                0x08002b38       0x48 C:/Program Files (x86)/Arm GNU Toolchain arm-none-eabi/14.3 rel1/bin/../lib/gcc/arm-none-eabi/14.3.1/../../../../arm-none-eabi/lib/thumb/v7e-m+dp/hard\libc_nano.a(libc_a-init.o)
                0x08002b38                __libc_init_array
 .text.__retarget_lock_init_recursive
                0x08002b80        0x2 C:/Program Files (x86)/Arm GNU Toolchain arm-none-eabi/14.3 rel1/bin/../lib/gcc/arm-none-eabi/14.3.1/../../../../arm-none-eabi/lib/thumb/v7e-m+dp/hard\libc_nano.a(libc_a-lock.o)
                0x08002b80                __retarget_lock_init_recursive
 .text.__retarget_lock_acquire_recursive
                0x08002b82        0x2 C:/Program Files (x86)/Arm GNU Toolchain arm-none-eabi/14.3 rel1/bin/../lib/gcc/arm-none-eabi/14.3.1/../../../../arm-none-eabi/lib/thumb/v7e-m+dp/hard\libc_nano.a(libc_a-lock.o)
                0x08002b82                __retarget_lock_acquire_recursive
 .text.__retarget_lock_release_recursive
                0x08002b84        0x2 C:/Program Files (x86)/Arm GNU Toolchain arm-none-eabi/14.3 rel1/bin/../lib/gcc/arm-none-eabi/14.3.1/../../../../arm-none-eabi/lib/thumb/v7e-m+dp/hard\libc_nano.a(libc_a-lock.o)
                0x08002b84                __retarget_lock_release_recursive
 *fill*         0x08002b86        0x2 
 .text._free_r  0x08002b88       0x94 C:/Program Files (x86)/Arm GNU Toolchain arm-none-eabi/14.3 rel1/bin/../lib/gcc/arm-none-eabi/14.3.1/../../../../arm-none-eabi/lib/thumb/v7e-m+dp/hard\libc_nano.a(libc_a-freer.o)
                0x08002b88                _free_r
 .text.sbrk_aligned
                0x08002c1c       0x44 C:/Program Files (x86)/Arm GNU Toolchain arm-none-eabi/14.3 rel1/bin/../lib/gcc/arm-none-eabi/14.3.1/../../../../arm-none-eabi/lib/thumb/v7e-m+dp/hard\libc_nano.a(libc_a-mallocr.o)
 .text._malloc_r
                0x08002c60      0x100 C:/Program Files (x86)/Arm GNU Toolchain arm-none-eabi/14.3 rel1/bin/../lib/gcc/arm-none-eabi/14.3.1/../../../../arm-none-eabi/lib/thumb/v7e-m+dp/hard\libc_nano.a(libc_a-mallocr.o)
                0x08002c60                _malloc_r
 .text.__malloc_lock
                0x08002d60        0xc C:/Program Files (x86)/Arm GNU Toolchain arm-none-eabi/14.3 rel1/bin/../lib/gcc/arm-none-eabi/14.3.1/../../../../arm-none-eabi/lib/thumb/v7e-m+dp/hard\libc_nano.a(libc_a-mlock.o)
                0x08002d60                __malloc_lock
 .text.__malloc_unlock
                0x08002d6c        0xc C:/Program Files (x86)/Arm GNU Toolchain arm-none-eabi/14.3 rel1/bin/../lib/gcc/arm-none-eabi/14.3.1/../../../../arm-none-eabi/lib/thumb/v7e-m+dp/hard\libc_nano.a(libc_a-mlock.o)
                0x08002d6c                __malloc_unlock
 .text.__sfputc_r
                0x08002d78       0x2e C:/Program Files (x86)/Arm GNU Toolchain arm-none-eabi/14.3 rel1/bin/../lib/gcc/arm-none-eabi/14.3.1/../../../../arm-none-eabi/lib/thumb/v7e-m+dp/hard\libc_nano.a(libc_a-nano-vfprintf.o)
 .text.__sfputs_r
                0x08002da6       0x24 C:/Program Files (x86)/Arm GNU Toolchain arm-none-eabi/14.3 rel1/bin/../lib/gcc/arm-none-eabi/14.3.1/../../../../arm-none-eabi/lib/thumb/v7e-m+dp/hard\libc_nano.a(libc_a-nano-vfprintf.o)
                0x08002da6                __sfputs_r
 *fill*         0x08002dca        0x2 
 .text._vfprintf_r
                0x08002dcc      0x228 C:/Program Files (x86)/Arm GNU Toolchain arm-none-eabi/14.3 rel1/bin/../lib/gcc/arm-none-eabi/14.3.1/../../../../arm-none-eabi/lib/thumb/v7e-m+dp/hard\libc_nano.a(libc_a-nano-vfprintf.o)
                0x08002dcc                _vfprintf_r
                0x08002dcc                _vfiprintf_r
 .text._printf_common
                0x08002ff4       0xda C:/Program Files (x86)/Arm GNU Toolchain arm-none-eabi/14.3 rel1/bin/../lib/gcc/arm-none-eabi/14.3.1/../../../../arm-none-eabi/lib/thumb/v7e-m+dp/hard\libc_nano.a(libc_a-nano-vfprintf_i.o)
                0x08002ff4                _printf_common
 *fill*         0x080030ce        0x2 
 .text._printf_i
                0x080030d0      0x24c C:/Program Files (x86)/Arm GNU Toolchain arm-none-eabi/14.3 rel1/bin/../lib/gcc/arm-none-eabi/14.3.1/../../../../arm-none-eabi/lib/thumb/v7e-m+dp/hard\libc_nano.a(libc_a-nano-vfprintf_i.o)
                0x080030d0                _printf_i
 .text.__sflush_r
                0x0800331c      0x104 C:/Program Files (x86)/Arm GNU Toolchain arm-none-eabi/14.3 rel1/bin/../lib/gcc/arm-none-eabi/14.3.1/../../../../arm-none-eabi/lib/thumb/v7e-m+dp/hard\libc_nano.a(libc_a-fflush.o)
                0x0800331c                __sflush_r
 .text._fflush_r
                0x08003420       0x50 C:/Program Files (x86)/Arm GNU Toolchain arm-none-eabi/14.3 rel1/bin/../lib/gcc/arm-none-eabi/14.3.1/../../../../arm-none-eabi/lib/thumb/v7e-m+dp/hard\libc_nano.a(libc_a-fflush.o)
                0x08003420                _fflush_r
 .text.__swhatbuf_r
                0x08003470       0x48 C:/Program Files (x86)/Arm GNU Toolchain arm-none-eabi/14.3 rel1/bin/../lib/gcc/arm-none-eabi/14.3.1/../../../../arm-none-eabi/lib/thumb/v7e-m+dp/hard\libc_nano.a(libc_a-makebuf.o)
                0x08003470                __swhatbuf_r
 .text.__smakebuf_r
                0x080034b8       0x72 C:/Program Files (x86)/Arm GNU Toolchain arm-none-eabi/14.3 rel1/bin/../lib/gcc/arm-none-eabi/14.3.1/../../../../arm-none-eabi/lib/thumb/v7e-m+dp/hard\libc_nano.a(libc_a-makebuf.o)
                0x080034b8                __smakebuf_r
 *fill*         0x0800352a        0x2 
 .text._fstat_r
                0x0800352c       0x24 C:/Program Files (x86)/Arm GNU Toolchain arm-none-eabi/14.3 rel1/bin/../lib/gcc/arm-none-eabi/14.3.1/../../../../arm-none-eabi/lib/thumb/v7e-m+dp/hard\libc_nano.a(libc_a-fstatr.o)
                0x0800352c                _fstat_r
 .text._isatty_r
                0x08003550       0x20 C:/Program Files (x86)/Arm GNU Toolchain arm-none-eabi/14.3 rel1/bin/../lib/gcc/arm-none-eabi/14.3.1/../../../../arm-none-eabi/lib/thumb/v7e-m+dp/hard\libc_nano.a(libc_a-isattyr.o)
                0x08003550                _isatty_r
 .text._sbrk_r  0x08003570       0x20 C:/Program Files (x86)/Arm GNU Toolchain arm-none-eabi/14.3 rel1/bin/../lib/gcc/arm-none-eabi/14.3.1/../../../../arm-none-eabi/lib/thumb/v7e-m+dp/hard\libc_nano.a(libc_a-sbrkr.o)
                0x08003570                _sbrk_r
 .text.__udivmoddi4
                0x08003590      0x2f8 C:/Program Files (x86)/Arm GNU Toolchain arm-none-eabi/14.3 rel1/bin/../lib/gcc/arm-none-eabi/14.3.1/thumb/v7e-m+dp/hard\libgcc.a(_udivmoddi4.o)
                0x08003590                __udivmoddi4
 *(.glue_7)
 .glue_7        0x08003888        0x0 linker stubs
 *(.glue_7t)
 .glue_7t       0x08003888        0x0 linker stubs
 *(.eh_frame)
 .eh_frame      0x08003888        0x0 C:/Program Files (x86)/Arm GNU Toolchain arm-none-eabi/14.3 rel1/bin/../lib/gcc/arm-none-eabi/14.3.1/thumb/v7e-m+dp/hard/crtbegin.o
 *(.init)
 .init          0x08003888        0x4 C:/Program Files (x86)/Arm GNU Toolchain arm-none-eabi/14.3 rel1/bin/../lib/gcc/arm-none-eabi/14.3.1/thumb/v7e-m+dp/hard/crti.o
                0x08003888                _init
 .init          0x0800388c        0x8 C:/Program Files (x86)/Arm GNU Toolchain arm-none-eabi/14.3 rel1/bin/../lib/gcc/arm-none-eabi/14.3.1/thumb/v7e-m+dp/hard/crtn.o
 *(.fini)
 .fini          0x08003894        0x4 C:/Program Files (x86)/Arm GNU Toolchain arm-none-eabi/14.3 rel1/bin/../lib/gcc/arm-none-eabi/14.3.1/thumb/v7e-m+dp/hard/crti.o
                0x08003894                _fini
 .fini          0x08003898        0x8 C:/Program Files (x86)/Arm GNU Toolchain arm-none-eabi/14.3 rel1/bin/../lib/gcc/arm-none-eabi/14.3.1/thumb/v7e-m+dp/hard/crtn.o
                0x080038a0                        . = ALIGN (0x4)
                0x080038a0                        _etext = .

.vfp11_veneer   0x080038a0        0x0
 .vfp11_veneer  0x080038a0        0x0 linker stubs

.v4_bx          0x080038a0        0x0
 .v4_bx         0x080038a0        0x0 linker stubs

.iplt           0x080038a0        0x0
 .iplt          0x080038a0        0x0 C:/Program Files (x86)/Arm GNU Toolchain arm-none-eabi/14.3 rel1/bin/../lib/gcc/arm-none-eabi/14.3.1/thumb/v7e-m+dp/hard/crtbegin.o

.rodata         0x080038a0       0xd0
                0x080038a0                        . = ALIGN (0x4)
 *(.rodata)
 *(.rodata*)
 .rodata.main.str1.4
                0x080038a0       0x74 build/main.o
 .rodata.UARTPrescTable
                0x08003914       0x18 build/stm32h7xx_hal_uart.o
                0x08003914                UARTPrescTable
 .rodata.D1CorePrescTable
                0x0800392c       0x10 build/system_stm32h7xx_dualcore_boot_cm4_cm7.o
                0x0800392c                D1CorePrescTable
 .rodata._vfprintf_r.str1.1
                0x0800393c       0x33 C:/Program Files (x86)/Arm GNU Toolchain arm-none-eabi/14.3 rel1/bin/../lib/gcc/arm-none-eabi/14.3.1/../../../../arm-none-eabi/lib/thumb/v7e-m+dp/hard\libc_nano.a(libc_a-nano-vfprintf.o)
                                 0x11 (size before relaxing)
 .rodata._printf_i.str1.1
                0x0800396f       0x22 C:/Program Files (x86)/Arm GNU Toolchain arm-none-eabi/14.3 rel1/bin/../lib/gcc/arm-none-eabi/14.3.1/../../../../arm-none-eabi/lib/thumb/v7e-m+dp/hard\libc_nano.a(libc_a-nano-vfprintf_i.o)
                0x08003994                        . = ALIGN (0x4)
 *fill*         0x0800396f        0x1 

.ARM.extab      0x08003970        0x0
                0x08003970                        . = ALIGN (0x4)
 *(.ARM.extab* .gnu.linkonce.armextab.*)
                0x08003970                        . = ALIGN (0x4)

.ARM            0x08003970        0x8
                0x08003970                        . = ALIGN (0x4)
                0x08003970                        __exidx_start = .
 *(.ARM.exidx*)
 .ARM.exidx     0x08003970        0x8 C:/Program Files (x86)/Arm GNU Toolchain arm-none-eabi/14.3 rel1/bin/../lib/gcc/arm-none-eabi/14.3.1/../../../../arm-none-eabi/lib/thumb/v7e-m+dp/hard\libc_nano.a(libc_a-memchr.o)
 .ARM.exidx.text.__udivmoddi4
                0x08003978        0x0 C:/Program Files (x86)/Arm GNU Toolchain arm-none-eabi/14.3 rel1/bin/../lib/gcc/arm-none-eabi/14.3.1/thumb/v7e-m+dp/hard\libgcc.a(_udivmoddi4.o)
                                  0x8 (size before relaxing)
                0x08003978                        __exidx_end = .
                0x08003978                        . = ALIGN (0x4)

.preinit_array  0x08003978        0x0
                0x08003978                        . = ALIGN (0x4)
                0x08003978                        PROVIDE (__preinit_array_start = .)
 *(.preinit_array*)
                0x08003978                        PROVIDE (__preinit_array_end = .)
                0x08003978                        . = ALIGN (0x4)

.init_array     0x08003978        0x4
                0x08003978                        . = ALIGN (0x4)
                0x08003978                        PROVIDE (__init_array_start = .)
 *(SORT_BY_NAME(.init_array.*))
 *(.init_array*)
 .init_array    0x08003978        0x4 C:/Program Files (x86)/Arm GNU Toolchain arm-none-eabi/14.3 rel1/bin/../lib/gcc/arm-none-eabi/14.3.1/thumb/v7e-m+dp/hard/crtbegin.o
                0x0800397c                        PROVIDE (__init_array_end = .)
                0x0800397c                        . = ALIGN (0x4)

.fini_array     0x0800397c        0x4
                0x0800397c                        . = ALIGN (0x4)
                [!provide]                        PROVIDE (__fini_array_start = .)
 *(SORT_BY_NAME(.fini_array.*))
 *(.fini_array*)
 .fini_array    0x0800397c        0x4 C:/Program Files (x86)/Arm GNU Toolchain arm-none-eabi/14.3 rel1/bin/../lib/gcc/arm-none-eabi/14.3.1/thumb/v7e-m+dp/hard/crtbegin.o
                [!provide]                        PROVIDE (__fini_array_end = .)
                0x08003980                        . = ALIGN (0x4)
                0x08003980                        _sidata = LOADADDR (.data)

.rel.dyn        0x08003980        0x0
 .rel.iplt      0x08003980        0x0 C:/Program Files (x86)/Arm GNU Toolchain arm-none-eabi/14.3 rel1/bin/../lib/gcc/arm-none-eabi/14.3.1/thumb/v7e-m+dp/hard/crtbegin.o

.data           0x20000000       0x6c load address 0x08003980
                0x20000000                        . = ALIGN (0x4)
                0x20000000                        _sdata = .
 *(.data)
 *(.data*)
 .data.uwTickFreq
                0x20000000        0x1 build/stm32h7xx_hal.o
                0x20000000                uwTickFreq
 *fill*         0x20000001        0x3 
 .data.uwTickPrio
                0x20000004        0x4 build/stm32h7xx_hal.o
                0x20000004                uwTickPrio
 .data.SystemD2Clock
                0x20000008        0x4 build/system_stm32h7xx_dualcore_boot_cm4_cm7.o
                0x20000008                SystemD2Clock
 .data.SystemCoreClock
                0x2000000c        0x4 build/system_stm32h7xx_dualcore_boot_cm4_cm7.o
                0x2000000c                SystemCoreClock
 .data.__sglue  0x20000010        0xc C:/Program Files (x86)/Arm GNU Toolchain arm-none-eabi/14.3 rel1/bin/../lib/gcc/arm-none-eabi/14.3.1/../../../../arm-none-eabi/lib/thumb/v7e-m+dp/hard\libc_nano.a(libc_a-findfp.o)
                0x20000010                __sglue
 .data._impure_ptr
                0x2000001c        0x4 C:/Program Files (x86)/Arm GNU Toolchain arm-none-eabi/14.3 rel1/bin/../lib/gcc/arm-none-eabi/14.3.1/../../../../arm-none-eabi/lib/thumb/v7e-m+dp/hard\libc_nano.a(libc_a-impure.o)
                0x2000001c                _impure_ptr
 .data._impure_data
                0x20000020       0x4c C:/Program Files (x86)/Arm GNU Toolchain arm-none-eabi/14.3 rel1/bin/../lib/gcc/arm-none-eabi/14.3.1/../../../../arm-none-eabi/lib/thumb/v7e-m+dp/hard\libc_nano.a(libc_a-impure.o)
                0x20000020                _impure_data
                0x2000006c                        . = ALIGN (0x4)

.tm_clone_table
                0x2000006c        0x0 load address 0x080039ec
 .tm_clone_table
                0x2000006c        0x0 C:/Program Files (x86)/Arm GNU Toolchain arm-none-eabi/14.3 rel1/bin/../lib/gcc/arm-none-eabi/14.3.1/thumb/v7e-m+dp/hard/crtbegin.o
 .tm_clone_table
                0x2000006c        0x0 C:/Program Files (x86)/Arm GNU Toolchain arm-none-eabi/14.3 rel1/bin/../lib/gcc/arm-none-eabi/14.3.1/thumb/v7e-m+dp/hard/crtend.o

.igot.plt       0x2000006c        0x0 load address 0x080039ec
 .igot.plt      0x2000006c        0x0 C:/Program Files (x86)/Arm GNU Toolchain arm-none-eabi/14.3 rel1/bin/../lib/gcc/arm-none-eabi/14.3.1/thumb/v7e-m+dp/hard/crtbegin.o

.tdata          0x2000006c        0x0 load address 0x080039ec
 *(.tdata .tdata.* .gnu.linkonce.td.*)
                0x2000006c                        . = ALIGN (0x4)
                0x2000006c                        _edata = .
                [!provide]                        PROVIDE (__data_end = .)
                [!provide]                        PROVIDE (__tdata_end = .)
                [!provide]                        PROVIDE (__tdata_start = ADDR (.tdata))
                [!provide]                        PROVIDE (__tdata_size = (__tdata_end - __tdata_start))
                [!provide]                        PROVIDE (__data_start = ADDR (.data))
                [!provide]                        PROVIDE (__data_size = (__data_end - __data_start))
                [!provide]                        PROVIDE (__tdata_source = LOADADDR (.tdata))
                [!provide]                        PROVIDE (__tdata_source_end = (LOADADDR (.tdata) + SIZEOF (.tdata)))
                [!provide]                        PROVIDE (__tdata_source_size = (__tdata_source_end - __tdata_source))
                [!provide]                        PROVIDE (__data_source = LOADADDR (.data))
                [!provide]                        PROVIDE (__data_source_end = __tdata_source_end)
                [!provide]                        PROVIDE (__data_source_size = (__data_source_end - __data_source))

.tbss           0x2000006c        0x0 load address 0x080039ec
                0x2000006c                        _sbss = .
                0x2000006c                        __bss_start__ = _sbss
 *(.tbss .tbss.*)
                0x2000006c                        . = ALIGN (0x4)
                [!provide]                        PROVIDE (__tbss_end = .)
                [!provide]                        PROVIDE (__tbss_start = ADDR (.tbss))
                [!provide]                        PROVIDE (__tbss_size = (__tbss_end - __tbss_start))
                [!provide]                        PROVIDE (__tbss_offset = (ADDR (.tbss) - ADDR (.tdata)))
                [!provide]                        PROVIDE (__tls_base = __tdata_start)
                [!provide]                        PROVIDE (__tls_end = __tbss_end)
                [!provide]                        PROVIDE (__tls_size = (__tls_end - __tls_base))
                [!provide]                        PROVIDE (__tls_align = MAX (ALIGNOF (.tdata), ALIGNOF (.tbss)))
                [!provide]                        PROVIDE (__tls_size_align = (((__tls_size + __tls_align) - 0x1) & ~ ((__tls_align - 0x1))))
                [!provide]                        PROVIDE (__arm32_tls_tcb_offset = MAX (0x8, __tls_align))
                [!provide]                        PROVIDE (__arm64_tls_tcb_offset = MAX (0x10, __tls_align))

.bss            0x2000006c      0x204 load address 0x080039ec
 *(.bss)
 *(.bss*)
 .bss.completed.1
                0x2000006c        0x1 C:/Program Files (x86)/Arm GNU Toolchain arm-none-eabi/14.3 rel1/bin/../lib/gcc/arm-none-eabi/14.3.1/thumb/v7e-m+dp/hard/crtbegin.o
 *fill*         0x2000006d        0x3 
 .bss.object.0  0x20000070       0x18 C:/Program Files (x86)/Arm GNU Toolchain arm-none-eabi/14.3 rel1/bin/../lib/gcc/arm-none-eabi/14.3.1/thumb/v7e-m+dp/hard/crtbegin.o
 .bss.huart3    0x20000088       0x94 build/main.o
                0x20000088                huart3
 .bss.uwTick    0x2000011c        0x4 build/stm32h7xx_hal.o
                0x2000011c                uwTick
 .bss.__sbrk_heap_end
                0x20000120        0x4 build/sysmem.o
 .bss.__sf      0x20000124      0x138 C:/Program Files (x86)/Arm GNU Toolchain arm-none-eabi/14.3 rel1/bin/../lib/gcc/arm-none-eabi/14.3.1/../../../../arm-none-eabi/lib/thumb/v7e-m+dp/hard\libc_nano.a(libc_a-findfp.o)
                0x20000124                __sf
 .bss.__stdio_exit_handler
                0x2000025c        0x4 C:/Program Files (x86)/Arm GNU Toolchain arm-none-eabi/14.3 rel1/bin/../lib/gcc/arm-none-eabi/14.3.1/../../../../arm-none-eabi/lib/thumb/v7e-m+dp/hard\libc_nano.a(libc_a-findfp.o)
                0x2000025c                __stdio_exit_handler
 .bss.errno     0x20000260        0x4 C:/Program Files (x86)/Arm GNU Toolchain arm-none-eabi/14.3 rel1/bin/../lib/gcc/arm-none-eabi/14.3.1/../../../../arm-none-eabi/lib/thumb/v7e-m+dp/hard\libc_nano.a(libc_a-reent.o)
                0x20000260                errno
 .bss.__lock___malloc_recursive_mutex
                0x20000264        0x1 C:/Program Files (x86)/Arm GNU Toolchain arm-none-eabi/14.3 rel1/bin/../lib/gcc/arm-none-eabi/14.3.1/../../../../arm-none-eabi/lib/thumb/v7e-m+dp/hard\libc_nano.a(libc_a-lock.o)
                0x20000264                __lock___malloc_recursive_mutex
 .bss.__lock___sfp_recursive_mutex
                0x20000265        0x1 C:/Program Files (x86)/Arm GNU Toolchain arm-none-eabi/14.3 rel1/bin/../lib/gcc/arm-none-eabi/14.3.1/../../../../arm-none-eabi/lib/thumb/v7e-m+dp/hard\libc_nano.a(libc_a-lock.o)
                0x20000265                __lock___sfp_recursive_mutex
 *fill*         0x20000266        0x2 
 .bss.__malloc_sbrk_start
                0x20000268        0x4 C:/Program Files (x86)/Arm GNU Toolchain arm-none-eabi/14.3 rel1/bin/../lib/gcc/arm-none-eabi/14.3.1/../../../../arm-none-eabi/lib/thumb/v7e-m+dp/hard\libc_nano.a(libc_a-mallocr.o)
                0x20000268                __malloc_sbrk_start
 .bss.__malloc_free_list
                0x2000026c        0x4 C:/Program Files (x86)/Arm GNU Toolchain arm-none-eabi/14.3 rel1/bin/../lib/gcc/arm-none-eabi/14.3.1/../../../../arm-none-eabi/lib/thumb/v7e-m+dp/hard\libc_nano.a(libc_a-mallocr.o)
                0x2000026c                __malloc_free_list
 *(COMMON)
                0x20000270                        . = ALIGN (0x4)
                0x20000270                        _ebss = .
                0x20000270                        __bss_end__ = _ebss
                [!provide]                        PROVIDE (__bss_end = .)
                [!provide]                        PROVIDE (__non_tls_bss_start = ADDR (.bss))
                [!provide]                        PROVIDE (__bss_start = __tbss_start)
                [!provide]                        PROVIDE (__bss_size = (__bss_end - __bss_start))

._user_heap_stack
                0x20000270      0x600 load address 0x080039ec
                0x20000270                        . = ALIGN (0x8)
                [!provide]                        PROVIDE (end = .)
                0x20000270                        PROVIDE (_end = .)
                0x20000470                        . = (. + _Min_Heap_Size)
 *fill*         0x20000270      0x200 
                0x20000870                        . = (. + _Min_Stack_Size)
 *fill*         0x20000470      0x400 
                0x20000870                        . = ALIGN (0x8)

/DISCARD/
 libc.a:*(*)
 libm.a:*(*)
 libgcc.a:*(*)

.ARM.attributes
                0x00000000       0x2e
 *(.ARM.attributes)
 .ARM.attributes
                0x00000000       0x20 C:/Program Files (x86)/Arm GNU Toolchain arm-none-eabi/14.3 rel1/bin/../lib/gcc/arm-none-eabi/14.3.1/thumb/v7e-m+dp/hard/crti.o
 .ARM.attributes
                0x00000020       0x32 C:/Program Files (x86)/Arm GNU Toolchain arm-none-eabi/14.3 rel1/bin/../lib/gcc/arm-none-eabi/14.3.1/thumb/v7e-m+dp/hard/crtbegin.o
 .ARM.attributes
                0x00000052       0x32 build/main.o
 .ARM.attributes
                0x00000084       0x32 build/stm32h7xx_it.o
 .ARM.attributes
                0x000000b6       0x32 build/stm32h7xx_hal_msp.o
 .ARM.attributes
                0x000000e8       0x32 build/stm32h7xx_hal_cortex.o
 .ARM.attributes
                0x0000011a       0x32 build/stm32h7xx_hal_rcc.o
 .ARM.attributes
                0x0000014c       0x32 build/stm32h7xx_hal_rcc_ex.o
 .ARM.attributes
                0x0000017e       0x32 build/stm32h7xx_hal_gpio.o
 .ARM.attributes
                0x000001b0       0x32 build/stm32h7xx_hal_pwr_ex.o
 .ARM.attributes
                0x000001e2       0x32 build/stm32h7xx_hal.o
 .ARM.attributes
                0x00000214       0x32 build/stm32h7xx_hal_uart.o
 .ARM.attributes
                0x00000246       0x32 build/system_stm32h7xx_dualcore_boot_cm4_cm7.o
 .ARM.attributes
                0x00000278       0x32 build/sysmem.o
 .ARM.attributes
                0x000002aa       0x32 build/syscalls.o
 .ARM.attributes
                0x000002dc       0x21 build/startup_stm32h755xx_CM7.o
 .ARM.attributes
                0x000002fd       0x32 C:/Program Files (x86)/Arm GNU Toolchain arm-none-eabi/14.3 rel1/bin/../lib/gcc/arm-none-eabi/14.3.1/../../../../arm-none-eabi/lib/thumb/v7e-m+dp/hard\libc_nano.a(libc_a-findfp.o)
 .ARM.attributes
                0x0000032f       0x32 C:/Program Files (x86)/Arm GNU Toolchain arm-none-eabi/14.3 rel1/bin/../lib/gcc/arm-none-eabi/14.3.1/../../../../arm-none-eabi/lib/thumb/v7e-m+dp/hard\libc_nano.a(libc_a-fwalk.o)
 .ARM.attributes
                0x00000361       0x32 C:/Program Files (x86)/Arm GNU Toolchain arm-none-eabi/14.3 rel1/bin/../lib/gcc/arm-none-eabi/14.3.1/../../../../arm-none-eabi/lib/thumb/v7e-m+dp/hard\libc_nano.a(libc_a-printf.o)
 .ARM.attributes
                0x00000393       0x32 C:/Program Files (x86)/Arm GNU Toolchain arm-none-eabi/14.3 rel1/bin/../lib/gcc/arm-none-eabi/14.3.1/../../../../arm-none-eabi/lib/thumb/v7e-m+dp/hard\libc_nano.a(libc_a-puts.o)
 .ARM.attributes
                0x000003c5       0x32 C:/Program Files (x86)/Arm GNU Toolchain arm-none-eabi/14.3 rel1/bin/../lib/gcc/arm-none-eabi/14.3.1/../../../../arm-none-eabi/lib/thumb/v7e-m+dp/hard\libc_nano.a(libc_a-stdio.o)
 .ARM.attributes
                0x000003f7       0x32 C:/Program Files (x86)/Arm GNU Toolchain arm-none-eabi/14.3 rel1/bin/../lib/gcc/arm-none-eabi/14.3.1/../../../../arm-none-eabi/lib/thumb/v7e-m+dp/hard\libc_nano.a(libc_a-wbuf.o)
 .ARM.attributes
                0x00000429       0x32 C:/Program Files (x86)/Arm GNU Toolchain arm-none-eabi/14.3 rel1/bin/../lib/gcc/arm-none-eabi/14.3.1/../../../../arm-none-eabi/lib/thumb/v7e-m+dp/hard\libc_nano.a(libc_a-wsetup.o)
 .ARM.attributes
                0x0000045b       0x32 C:/Program Files (x86)/Arm GNU Toolchain arm-none-eabi/14.3 rel1/bin/../lib/gcc/arm-none-eabi/14.3.1/../../../../arm-none-eabi/lib/thumb/v7e-m+dp/hard\libc_nano.a(libc_a-memset.o)
 .ARM.attributes
                0x0000048d       0x32 C:/Program Files (x86)/Arm GNU Toolchain arm-none-eabi/14.3 rel1/bin/../lib/gcc/arm-none-eabi/14.3.1/../../../../arm-none-eabi/lib/thumb/v7e-m+dp/hard\libc_nano.a(libc_a-closer.o)
 .ARM.attributes
                0x000004bf       0x32 C:/Program Files (x86)/Arm GNU Toolchain arm-none-eabi/14.3 rel1/bin/../lib/gcc/arm-none-eabi/14.3.1/../../../../arm-none-eabi/lib/thumb/v7e-m+dp/hard\libc_nano.a(libc_a-reent.o)
 .ARM.attributes
                0x000004f1       0x32 C:/Program Files (x86)/Arm GNU Toolchain arm-none-eabi/14.3 rel1/bin/../lib/gcc/arm-none-eabi/14.3.1/../../../../arm-none-eabi/lib/thumb/v7e-m+dp/hard\libc_nano.a(libc_a-impure.o)
 .ARM.attributes
                0x00000523       0x32 C:/Program Files (x86)/Arm GNU Toolchain arm-none-eabi/14.3 rel1/bin/../lib/gcc/arm-none-eabi/14.3.1/../../../../arm-none-eabi/lib/thumb/v7e-m+dp/hard\libc_nano.a(libc_a-lseekr.o)
 .ARM.attributes
                0x00000555       0x32 C:/Program Files (x86)/Arm GNU Toolchain arm-none-eabi/14.3 rel1/bin/../lib/gcc/arm-none-eabi/14.3.1/../../../../arm-none-eabi/lib/thumb/v7e-m+dp/hard\libc_nano.a(libc_a-readr.o)
 .ARM.attributes
                0x00000587       0x32 C:/Program Files (x86)/Arm GNU Toolchain arm-none-eabi/14.3 rel1/bin/../lib/gcc/arm-none-eabi/14.3.1/../../../../arm-none-eabi/lib/thumb/v7e-m+dp/hard\libc_nano.a(libc_a-writer.o)
 .ARM.attributes
                0x000005b9       0x32 C:/Program Files (x86)/Arm GNU Toolchain arm-none-eabi/14.3 rel1/bin/../lib/gcc/arm-none-eabi/14.3.1/../../../../arm-none-eabi/lib/thumb/v7e-m+dp/hard\libc_nano.a(libc_a-errno.o)
 .ARM.attributes
                0x000005eb       0x32 C:/Program Files (x86)/Arm GNU Toolchain arm-none-eabi/14.3 rel1/bin/../lib/gcc/arm-none-eabi/14.3.1/../../../../arm-none-eabi/lib/thumb/v7e-m+dp/hard\libc_nano.a(libc_a-init.o)
 .ARM.attributes
                0x0000061d       0x32 C:/Program Files (x86)/Arm GNU Toolchain arm-none-eabi/14.3 rel1/bin/../lib/gcc/arm-none-eabi/14.3.1/../../../../arm-none-eabi/lib/thumb/v7e-m+dp/hard\libc_nano.a(libc_a-lock.o)
 .ARM.attributes
                0x0000064f       0x32 C:/Program Files (x86)/Arm GNU Toolchain arm-none-eabi/14.3 rel1/bin/../lib/gcc/arm-none-eabi/14.3.1/../../../../arm-none-eabi/lib/thumb/v7e-m+dp/hard\libc_nano.a(libc_a-freer.o)
 .ARM.attributes
                0x00000681       0x32 C:/Program Files (x86)/Arm GNU Toolchain arm-none-eabi/14.3 rel1/bin/../lib/gcc/arm-none-eabi/14.3.1/../../../../arm-none-eabi/lib/thumb/v7e-m+dp/hard\libc_nano.a(libc_a-mallocr.o)
 .ARM.attributes
                0x000006b3       0x32 C:/Program Files (x86)/Arm GNU Toolchain arm-none-eabi/14.3 rel1/bin/../lib/gcc/arm-none-eabi/14.3.1/../../../../arm-none-eabi/lib/thumb/v7e-m+dp/hard\libc_nano.a(libc_a-mlock.o)
 .ARM.attributes
                0x000006e5       0x32 C:/Program Files (x86)/Arm GNU Toolchain arm-none-eabi/14.3 rel1/bin/../lib/gcc/arm-none-eabi/14.3.1/../../../../arm-none-eabi/lib/thumb/v7e-m+dp/hard\libc_nano.a(libc_a-nano-vfprintf.o)
 .ARM.attributes
                0x00000717       0x32 C:/Program Files (x86)/Arm GNU Toolchain arm-none-eabi/14.3 rel1/bin/../lib/gcc/arm-none-eabi/14.3.1/../../../../arm-none-eabi/lib/thumb/v7e-m+dp/hard\libc_nano.a(libc_a-nano-vfprintf_i.o)
 .ARM.attributes
                0x00000749       0x32 C:/Program Files (x86)/Arm GNU Toolchain arm-none-eabi/14.3 rel1/bin/../lib/gcc/arm-none-eabi/14.3.1/../../../../arm-none-eabi/lib/thumb/v7e-m+dp/hard\libc_nano.a(libc_a-fflush.o)
 .ARM.attributes
                0x0000077b       0x32 C:/Program Files (x86)/Arm GNU Toolchain arm-none-eabi/14.3 rel1/bin/../lib/gcc/arm-none-eabi/14.3.1/../../../../arm-none-eabi/lib/thumb/v7e-m+dp/hard\libc_nano.a(libc_a-makebuf.o)
 .ARM.attributes
                0x000007ad       0x32 C:/Program Files (x86)/Arm GNU Toolchain arm-none-eabi/14.3 rel1/bin/../lib/gcc/arm-none-eabi/14.3.1/../../../../arm-none-eabi/lib/thumb/v7e-m+dp/hard\libc_nano.a(libc_a-fstatr.o)
 .ARM.attributes
                0x000007df       0x32 C:/Program Files (x86)/Arm GNU Toolchain arm-none-eabi/14.3 rel1/bin/../lib/gcc/arm-none-eabi/14.3.1/../../../../arm-none-eabi/lib/thumb/v7e-m+dp/hard\libc_nano.a(libc_a-isattyr.o)
 .ARM.attributes
                0x00000811       0x32 C:/Program Files (x86)/Arm GNU Toolchain arm-none-eabi/14.3 rel1/bin/../lib/gcc/arm-none-eabi/14.3.1/../../../../arm-none-eabi/lib/thumb/v7e-m+dp/hard\libc_nano.a(libc_a-sbrkr.o)
 .ARM.attributes
                0x00000843       0x1c C:/Program Files (x86)/Arm GNU Toolchain arm-none-eabi/14.3 rel1/bin/../lib/gcc/arm-none-eabi/14.3.1/../../../../arm-none-eabi/lib/thumb/v7e-m+dp/hard\libc_nano.a(libc_a-memchr.o)
 .ARM.attributes
                0x0000085f       0x20 C:/Program Files (x86)/Arm GNU Toolchain arm-none-eabi/14.3 rel1/bin/../lib/gcc/arm-none-eabi/14.3.1/thumb/v7e-m+dp/hard\libgcc.a(_aeabi_uldivmod.o)
 .ARM.attributes
                0x0000087f       0x32 C:/Program Files (x86)/Arm GNU Toolchain arm-none-eabi/14.3 rel1/bin/../lib/gcc/arm-none-eabi/14.3.1/thumb/v7e-m+dp/hard\libgcc.a(_udivmoddi4.o)
 .ARM.attributes
                0x000008b1       0x20 C:/Program Files (x86)/Arm GNU Toolchain arm-none-eabi/14.3 rel1/bin/../lib/gcc/arm-none-eabi/14.3.1/thumb/v7e-m+dp/hard\libgcc.a(_dvmd_tls.o)
 .ARM.attributes
                0x000008d1       0x32 C:/Program Files (x86)/Arm GNU Toolchain arm-none-eabi/14.3 rel1/bin/../lib/gcc/arm-none-eabi/14.3.1/thumb/v7e-m+dp/hard/crtend.o
 .ARM.attributes
                0x00000903       0x20 C:/Program Files (x86)/Arm GNU Toolchain arm-none-eabi/14.3 rel1/bin/../lib/gcc/arm-none-eabi/14.3.1/thumb/v7e-m+dp/hard/crtn.o
OUTPUT(build/Polispace_Stm_CM7.elf elf32-littlearm)
LOAD linker stubs

.debug_info     0x00000000    0x13724
 .debug_info    0x00000000     0x16c8 build/main.o
 .debug_info    0x000016c8      0x16d build/stm32h7xx_it.o
 .debug_info    0x00001835      0xf2e build/stm32h7xx_hal_msp.o
 .debug_info    0x00002763     0x15a0 build/stm32h7xx_hal_cortex.o
 .debug_info    0x00003d03     0x1411 build/stm32h7xx_hal_rcc.o
 .debug_info    0x00005114     0x1e0c build/stm32h7xx_hal_rcc_ex.o
 .debug_info    0x00006f20      0xfcd build/stm32h7xx_hal_gpio.o
 .debug_info    0x00007eed     0x1705 build/stm32h7xx_hal_pwr_ex.o
 .debug_info    0x000095f2     0x1bd2 build/stm32h7xx_hal.o
 .debug_info    0x0000b1c4     0x6ae0 build/stm32h7xx_hal_uart.o
 .debug_info    0x00011ca4     0x1071 build/system_stm32h7xx_dualcore_boot_cm4_cm7.o
 .debug_info    0x00012d15      0x18c build/sysmem.o
 .debug_info    0x00012ea1      0x853 build/syscalls.o
 .debug_info    0x000136f4       0x30 build/startup_stm32h755xx_CM7.o

.debug_abbrev   0x00000000     0x1e9d
 .debug_abbrev  0x00000000      0x37e build/main.o
 .debug_abbrev  0x0000037e       0x80 build/stm32h7xx_it.o
 .debug_abbrev  0x000003fe      0x1d8 build/stm32h7xx_hal_msp.o
 .debug_abbrev  0x000005d6      0x3e6 build/stm32h7xx_hal_cortex.o
 .debug_abbrev  0x000009bc      0x29b build/stm32h7xx_hal_rcc.o
 .debug_abbrev  0x00000c57      0x285 build/stm32h7xx_hal_rcc_ex.o
 .debug_abbrev  0x00000edc      0x25a build/stm32h7xx_hal_gpio.o
 .debug_abbrev  0x00001136      0x2ef build/stm32h7xx_hal_pwr_ex.o
 .debug_abbrev  0x00001425      0x2b1 build/stm32h7xx_hal.o
 .debug_abbrev  0x000016d6      0x391 build/stm32h7xx_hal_uart.o
 .debug_abbrev  0x00001a67      0x144 build/system_stm32h7xx_dualcore_boot_cm4_cm7.o
 .debug_abbrev  0x00001bab       0xeb build/sysmem.o
 .debug_abbrev  0x00001c96      0x1ea build/syscalls.o
 .debug_abbrev  0x00001e80       0x1d build/startup_stm32h755xx_CM7.o

.debug_loc      0x00000000     0xba7c
 .debug_loc     0x00000000      0x1fc build/main.o
 .debug_loc     0x000001fc       0x20 build/stm32h7xx_it.o
 .debug_loc     0x0000021c      0x12c build/stm32h7xx_hal_msp.o
 .debug_loc     0x00000348      0x898 build/stm32h7xx_hal_cortex.o
 .debug_loc     0x00000be0      0xb18 build/stm32h7xx_hal_rcc.o
 .debug_loc     0x000016f8     0x20f9 build/stm32h7xx_hal_rcc_ex.o
 .debug_loc     0x000037f1      0x4b2 build/stm32h7xx_hal_gpio.o
 .debug_loc     0x00003ca3      0x8f5 build/stm32h7xx_hal_pwr_ex.o
 .debug_loc     0x00004598      0x6fb build/stm32h7xx_hal.o
 .debug_loc     0x00004c93     0x65fe build/stm32h7xx_hal_uart.o
 .debug_loc     0x0000b291      0x1d8 build/system_stm32h7xx_dualcore_boot_cm4_cm7.o
 .debug_loc     0x0000b469       0x90 build/sysmem.o
 .debug_loc     0x0000b4f9      0x583 build/syscalls.o

.debug_aranges  0x00000000      0xa80
 .debug_aranges
                0x00000000       0x40 build/main.o
 .debug_aranges
                0x00000040       0x60 build/stm32h7xx_it.o
 .debug_aranges
                0x000000a0       0x30 build/stm32h7xx_hal_msp.o
 .debug_aranges
                0x000000d0       0xf8 build/stm32h7xx_hal_cortex.o
 .debug_aranges
                0x000001c8       0x88 build/stm32h7xx_hal_rcc.o
 .debug_aranges
                0x00000250      0x100 build/stm32h7xx_hal_rcc_ex.o
 .debug_aranges
                0x00000350       0x58 build/stm32h7xx_hal_gpio.o
 .debug_aranges
                0x000003a8      0x170 build/stm32h7xx_hal_pwr_ex.o
 .debug_aranges
                0x00000518      0x200 build/stm32h7xx_hal.o
 .debug_aranges
                0x00000718      0x248 build/stm32h7xx_hal_uart.o
 .debug_aranges
                0x00000960       0x30 build/system_stm32h7xx_dualcore_boot_cm4_cm7.o
 .debug_aranges
                0x00000990       0x20 build/sysmem.o
 .debug_aranges
                0x000009b0       0xa8 build/syscalls.o
 .debug_aranges
                0x00000a58       0x28 build/startup_stm32h755xx_CM7.o

.debug_ranges   0x00000000      0xa78
 .debug_ranges  0x00000000       0x30 build/main.o
 .debug_ranges  0x00000030       0x50 build/stm32h7xx_it.o
 .debug_ranges  0x00000080       0x20 build/stm32h7xx_hal_msp.o
 .debug_ranges  0x000000a0       0xe8 build/stm32h7xx_hal_cortex.o
 .debug_ranges  0x00000188       0xe8 build/stm32h7xx_hal_rcc.o
 .debug_ranges  0x00000270       0xf0 build/stm32h7xx_hal_rcc_ex.o
 .debug_ranges  0x00000360       0x48 build/stm32h7xx_hal_gpio.o
 .debug_ranges  0x000003a8      0x1c0 build/stm32h7xx_hal_pwr_ex.o
 .debug_ranges  0x00000568      0x1f0 build/stm32h7xx_hal.o
 .debug_ranges  0x00000758      0x238 build/stm32h7xx_hal_uart.o
 .debug_ranges  0x00000990       0x20 build/system_stm32h7xx_dualcore_boot_cm4_cm7.o
 .debug_ranges  0x000009b0       0x10 build/sysmem.o
 .debug_ranges  0x000009c0       0x98 build/syscalls.o
 .debug_ranges  0x00000a58       0x20 build/startup_stm32h755xx_CM7.o

.debug_line     0x00000000     0xc037
 .debug_line    0x00000000      0x5d8 build/main.o
 .debug_line    0x000005d8      0x14d build/stm32h7xx_it.o
 .debug_line    0x00000725      0x295 build/stm32h7xx_hal_msp.o
 .debug_line    0x000009ba      0x874 build/stm32h7xx_hal_cortex.o
 .debug_line    0x0000122e     0x1407 build/stm32h7xx_hal_rcc.o
 .debug_line    0x00002635     0x2032 build/stm32h7xx_hal_rcc_ex.o
 .debug_line    0x00004667      0x739 build/stm32h7xx_hal_gpio.o
 .debug_line    0x00004da0      0xd27 build/stm32h7xx_hal_pwr_ex.o
 .debug_line    0x00005ac7      0xaa0 build/stm32h7xx_hal.o
 .debug_line    0x00006567     0x4f68 build/stm32h7xx_hal_uart.o
 .debug_line    0x0000b4cf      0x4f4 build/system_stm32h7xx_dualcore_boot_cm4_cm7.o
 .debug_line    0x0000b9c3      0x1fa build/sysmem.o
 .debug_line    0x0000bbbd      0x402 build/syscalls.o
 .debug_line    0x0000bfbf       0x78 build/startup_stm32h755xx_CM7.o

.debug_str      0x00000000     0x44cd
 .debug_str     0x00000000     0x44cd build/main.o
                                0xc88 (size before relaxing)
 .debug_str     0x000044cd      0x231 build/stm32h7xx_it.o
 .debug_str     0x000044cd      0xa34 build/stm32h7xx_hal_msp.o
 .debug_str     0x000044cd     0x10bf build/stm32h7xx_hal_cortex.o
 .debug_str     0x000044cd      0xa1b build/stm32h7xx_hal_rcc.o
 .debug_str     0x000044cd      0xf7a build/stm32h7xx_hal_rcc_ex.o
 .debug_str     0x000044cd      0x708 build/stm32h7xx_hal_gpio.o
 .debug_str     0x000044cd      0xaf7 build/stm32h7xx_hal_pwr_ex.o
 .debug_str     0x000044cd     0x16cd build/stm32h7xx_hal.o
 .debug_str     0x000044cd     0x14a1 build/stm32h7xx_hal_uart.o
 .debug_str     0x000044cd      0x7eb build/system_stm32h7xx_dualcore_boot_cm4_cm7.o
 .debug_str     0x000044cd      0x215 build/sysmem.o
 .debug_str     0x000044cd      0x3e9 build/syscalls.o
 .debug_str     0x000044cd       0x6c build/startup_stm32h755xx_CM7.o

.comment        0x00000000       0x46
 .comment       0x00000000       0x46 build/main.o
                                 0x47 (size before relaxing)
 .comment       0x00000046       0x47 build/stm32h7xx_it.o
 .comment       0x00000046       0x47 build/stm32h7xx_hal_msp.o
 .comment       0x00000046       0x47 build/stm32h7xx_hal_cortex.o
 .comment       0x00000046       0x47 build/stm32h7xx_hal_rcc.o
 .comment       0x00000046       0x47 build/stm32h7xx_hal_rcc_ex.o
 .comment       0x00000046       0x47 build/stm32h7xx_hal_gpio.o
 .comment       0x00000046       0x47 build/stm32h7xx_hal_pwr_ex.o
 .comment       0x00000046       0x47 build/stm32h7xx_hal.o
 .comment       0x00000046       0x47 build/stm32h7xx_hal_uart.o
 .comment       0x00000046       0x47 build/system_stm32h7xx_dualcore_boot_cm4_cm7.o
 .comment       0x00000046       0x47 build/sysmem.o
 .comment       0x00000046       0x47 build/syscalls.o

.debug_frame    0x00000000     0x2138
 .debug_frame   0x00000000       0x88 build/main.o
 .debug_frame   0x00000088       0xa8 build/stm32h7xx_it.o
 .debug_frame   0x00000130       0x60 build/stm32h7xx_hal_msp.o
 .debug_frame   0x00000190      0x214 build/stm32h7xx_hal_cortex.o
 .debug_frame   0x000003a4      0x18c build/stm32h7xx_hal_rcc.o
 .debug_frame   0x00000530      0x294 build/stm32h7xx_hal_rcc_ex.o
 .debug_frame   0x000007c4       0xd4 build/stm32h7xx_hal_gpio.o
 .debug_frame   0x00000898      0x324 build/stm32h7xx_hal_pwr_ex.o
 .debug_frame   0x00000bbc      0x438 build/stm32h7xx_hal.o
 .debug_frame   0x00000ff4      0x680 build/stm32h7xx_hal_uart.o
 .debug_frame   0x00001674       0x50 build/system_stm32h7xx_dualcore_boot_cm4_cm7.o
 .debug_frame   0x000016c4       0x28 build/sysmem.o
 .debug_frame   0x000016ec      0x190 build/syscalls.o
 .debug_frame   0x0000187c      0x144 C:/Program Files (x86)/Arm GNU Toolchain arm-none-eabi/14.3 rel1/bin/../lib/gcc/arm-none-eabi/14.3.1/../../../../arm-none-eabi/lib/thumb/v7e-m+dp/hard\libc_nano.a(libc_a-findfp.o)
 .debug_frame   0x000019c0       0x34 C:/Program Files (x86)/Arm GNU Toolchain arm-none-eabi/14.3 rel1/bin/../lib/gcc/arm-none-eabi/14.3.1/../../../../arm-none-eabi/lib/thumb/v7e-m+dp/hard\libc_nano.a(libc_a-fwalk.o)
 .debug_frame   0x000019f4       0x6c C:/Program Files (x86)/Arm GNU Toolchain arm-none-eabi/14.3 rel1/bin/../lib/gcc/arm-none-eabi/14.3.1/../../../../arm-none-eabi/lib/thumb/v7e-m+dp/hard\libc_nano.a(libc_a-printf.o)
 .debug_frame   0x00001a60       0x3c C:/Program Files (x86)/Arm GNU Toolchain arm-none-eabi/14.3 rel1/bin/../lib/gcc/arm-none-eabi/14.3.1/../../../../arm-none-eabi/lib/thumb/v7e-m+dp/hard\libc_nano.a(libc_a-puts.o)
 .debug_frame   0x00001a9c       0x88 C:/Program Files (x86)/Arm GNU Toolchain arm-none-eabi/14.3 rel1/bin/../lib/gcc/arm-none-eabi/14.3.1/../../../../arm-none-eabi/lib/thumb/v7e-m+dp/hard\libc_nano.a(libc_a-stdio.o)
 .debug_frame   0x00001b24       0x40 C:/Program Files (x86)/Arm GNU Toolchain arm-none-eabi/14.3 rel1/bin/../lib/gcc/arm-none-eabi/14.3.1/../../../../arm-none-eabi/lib/thumb/v7e-m+dp/hard\libc_nano.a(libc_a-wbuf.o)
 .debug_frame   0x00001b64       0x2c C:/Program Files (x86)/Arm GNU Toolchain arm-none-eabi/14.3 rel1/bin/../lib/gcc/arm-none-eabi/14.3.1/../../../../arm-none-eabi/lib/thumb/v7e-m+dp/hard\libc_nano.a(libc_a-wsetup.o)
 .debug_frame   0x00001b90       0x20 C:/Program Files (x86)/Arm GNU Toolchain arm-none-eabi/14.3 rel1/bin/../lib/gcc/arm-none-eabi/14.3.1/../../../../arm-none-eabi/lib/thumb/v7e-m+dp/hard\libc_nano.a(libc_a-memset.o)
 .debug_frame   0x00001bb0       0x2c C:/Program Files (x86)/Arm GNU Toolchain arm-none-eabi/14.3 rel1/bin/../lib/gcc/arm-none-eabi/14.3.1/../../../../arm-none-eabi/lib/thumb/v7e-m+dp/hard\libc_nano.a(libc_a-closer.o)
 .debug_frame   0x00001bdc       0x38 C:/Program Files (x86)/Arm GNU Toolchain arm-none-eabi/14.3 rel1/bin/../lib/gcc/arm-none-eabi/14.3.1/../../../../arm-none-eabi/lib/thumb/v7e-m+dp/hard\libc_nano.a(libc_a-reent.o)
 .debug_frame   0x00001c14       0x2c C:/Program Files (x86)/Arm GNU Toolchain arm-none-eabi/14.3 rel1/bin/../lib/gcc/arm-none-eabi/14.3.1/../../../../arm-none-eabi/lib/thumb/v7e-m+dp/hard\libc_nano.a(libc_a-lseekr.o)
 .debug_frame   0x00001c40       0x2c C:/Program Files (x86)/Arm GNU Toolchain arm-none-eabi/14.3 rel1/bin/../lib/gcc/arm-none-eabi/14.3.1/../../../../arm-none-eabi/lib/thumb/v7e-m+dp/hard\libc_nano.a(libc_a-readr.o)
 .debug_frame   0x00001c6c       0x2c C:/Program Files (x86)/Arm GNU Toolchain arm-none-eabi/14.3 rel1/bin/../lib/gcc/arm-none-eabi/14.3.1/../../../../arm-none-eabi/lib/thumb/v7e-m+dp/hard\libc_nano.a(libc_a-writer.o)
 .debug_frame   0x00001c98       0x20 C:/Program Files (x86)/Arm GNU Toolchain arm-none-eabi/14.3 rel1/bin/../lib/gcc/arm-none-eabi/14.3.1/../../../../arm-none-eabi/lib/thumb/v7e-m+dp/hard\libc_nano.a(libc_a-errno.o)
 .debug_frame   0x00001cb8       0x2c C:/Program Files (x86)/Arm GNU Toolchain arm-none-eabi/14.3 rel1/bin/../lib/gcc/arm-none-eabi/14.3.1/../../../../arm-none-eabi/lib/thumb/v7e-m+dp/hard\libc_nano.a(libc_a-init.o)
 .debug_frame   0x00001ce4       0xb0 C:/Program Files (x86)/Arm GNU Toolchain arm-none-eabi/14.3 rel1/bin/../lib/gcc/arm-none-eabi/14.3.1/../../../../arm-none-eabi/lib/thumb/v7e-m+dp/hard\libc_nano.a(libc_a-lock.o)
 .debug_frame   0x00001d94       0x38 C:/Program Files (x86)/Arm GNU Toolchain arm-none-eabi/14.3 rel1/bin/../lib/gcc/arm-none-eabi/14.3.1/../../../../arm-none-eabi/lib/thumb/v7e-m+dp/hard\libc_nano.a(libc_a-freer.o)
 .debug_frame   0x00001dcc       0x50 C:/Program Files (x86)/Arm GNU Toolchain arm-none-eabi/14.3 rel1/bin/../lib/gcc/arm-none-eabi/14.3.1/../../../../arm-none-eabi/lib/thumb/v7e-m+dp/hard\libc_nano.a(libc_a-mallocr.o)
 .debug_frame   0x00001e1c       0x30 C:/Program Files (x86)/Arm GNU Toolchain arm-none-eabi/14.3 rel1/bin/../lib/gcc/arm-none-eabi/14.3.1/../../../../arm-none-eabi/lib/thumb/v7e-m+dp/hard\libc_nano.a(libc_a-mlock.o)
 .debug_frame   0x00001e4c       0xa8 C:/Program Files (x86)/Arm GNU Toolchain arm-none-eabi/14.3 rel1/bin/../lib/gcc/arm-none-eabi/14.3.1/../../../../arm-none-eabi/lib/thumb/v7e-m+dp/hard\libc_nano.a(libc_a-nano-vfprintf.o)
 .debug_frame   0x00001ef4       0x60 C:/Program Files (x86)/Arm GNU Toolchain arm-none-eabi/14.3 rel1/bin/../lib/gcc/arm-none-eabi/14.3.1/../../../../arm-none-eabi/lib/thumb/v7e-m+dp/hard\libc_nano.a(libc_a-nano-vfprintf_i.o)
 .debug_frame   0x00001f54       0x5c C:/Program Files (x86)/Arm GNU Toolchain arm-none-eabi/14.3 rel1/bin/../lib/gcc/arm-none-eabi/14.3.1/../../../../arm-none-eabi/lib/thumb/v7e-m+dp/hard\libc_nano.a(libc_a-fflush.o)
 .debug_frame   0x00001fb0       0x58 C:/Program Files (x86)/Arm GNU Toolchain arm-none-eabi/14.3 rel1/bin/../lib/gcc/arm-none-eabi/14.3.1/../../../../arm-none-eabi/lib/thumb/v7e-m+dp/hard\libc_nano.a(libc_a-makebuf.o)
 .debug_frame   0x00002008       0x2c C:/Program Files (x86)/Arm GNU Toolchain arm-none-eabi/14.3 rel1/bin/../lib/gcc/arm-none-eabi/14.3.1/../../../../arm-none-eabi/lib/thumb/v7e-m+dp/hard\libc_nano.a(libc_a-fstatr.o)
 .debug_frame   0x00002034       0x2c C:/Program Files (x86)/Arm GNU Toolchain arm-none-eabi/14.3 rel1/bin/../lib/gcc/arm-none-eabi/14.3.1/../../../../arm-none-eabi/lib/thumb/v7e-m+dp/hard\libc_nano.a(libc_a-isattyr.o)
 .debug_frame   0x00002060       0x2c C:/Program Files (x86)/Arm GNU Toolchain arm-none-eabi/14.3 rel1/bin/../lib/gcc/arm-none-eabi/14.3.1/../../../../arm-none-eabi/lib/thumb/v7e-m+dp/hard\libc_nano.a(libc_a-sbrkr.o)
 .debug_frame   0x0000208c       0x4c C:/Program Files (x86)/Arm GNU Toolchain arm-none-eabi/14.3 rel1/bin/../lib/gcc/arm-none-eabi/14.3.1/../../../../arm-none-eabi/lib/thumb/v7e-m+dp/hard\libc_nano.a(libc_a-memchr.o)
 .debug_frame   0x000020d8       0x2c C:/Program Files (x86)/Arm GNU Toolchain arm-none-eabi/14.3 rel1/bin/../lib/gcc/arm-none-eabi/14.3.1/thumb/v7e-m+dp/hard\libgcc.a(_aeabi_uldivmod.o)
 .debug_frame   0x00002104       0x34 C:/Program Files (x86)/Arm GNU Toolchain arm-none-eabi/14.3 rel1/bin/../lib/gcc/arm-none-eabi/14.3.1/thumb/v7e-m+dp/hard\libgcc.a(_udivmoddi4.o)

.debug_line_str
                0x00000000      0x1b6
 .debug_line_str
                0x00000000      0x1b6 C:/Program Files (x86)/Arm GNU Toolchain arm-none-eabi/14.3 rel1/bin/../lib/gcc/arm-none-eabi/14.3.1/../../../../arm-none-eabi/lib/thumb/v7e-m+dp/hard\libc_nano.a(libc_a-memchr.o)
                                 0xe1 (size before relaxing)
 .debug_line_str
                0x000001b6       0xc9 C:/Program Files (x86)/Arm GNU Toolchain arm-none-eabi/14.3 rel1/bin/../lib/gcc/arm-none-eabi/14.3.1/thumb/v7e-m+dp/hard\libgcc.a(_aeabi_uldivmod.o)
 .debug_line_str
                0x000001b6       0xcd C:/Program Files (x86)/Arm GNU Toolchain arm-none-eabi/14.3 rel1/bin/../lib/gcc/arm-none-eabi/14.3.1/thumb/v7e-m+dp/hard\libgcc.a(_dvmd_tls.o)

Cross Reference Table

Symbol                                            File
ADC3_IRQHandler                                   build/startup_stm32h755xx_CM7.o
ADC_IRQHandler                                    build/startup_stm32h755xx_CM7.o
BDMA_Channel0_IRQHandler                          build/startup_stm32h755xx_CM7.o
BDMA_Channel1_IRQHandler                          build/startup_stm32h755xx_CM7.o
BDMA_Channel2_IRQHandler                          build/startup_stm32h755xx_CM7.o
BDMA_Channel3_IRQHandler                          build/startup_stm32h755xx_CM7.o
BDMA_Channel4_IRQHandler                          build/startup_stm32h755xx_CM7.o
BDMA_Channel5_IRQHandler                          build/startup_stm32h755xx_CM7.o
BDMA_Channel6_IRQHandler                          build/startup_stm32h755xx_CM7.o
BDMA_Channel7_IRQHandler                          build/startup_stm32h755xx_CM7.o
BSP_GetVersion                                    build/stm32h7xx_nucleo.o
BSP_LED_DeInit                                    build/stm32h7xx_nucleo.o
BSP_LED_GetState                                  build/stm32h7xx_nucleo.o
BSP_LED_Init                                      build/stm32h7xx_nucleo.o
BSP_LED_Off                                       build/stm32h7xx_nucleo.o
BSP_LED_On                                        build/stm32h7xx_nucleo.o
BSP_LED_Toggle                                    build/stm32h7xx_nucleo.o
BSP_PB_Callback                                   build/stm32h7xx_nucleo.o
BSP_PB_DeInit                                     build/stm32h7xx_nucleo.o
BSP_PB_GetState                                   build/stm32h7xx_nucleo.o
BSP_PB_IRQHandler                                 build/stm32h7xx_nucleo.o
BSP_PB_Init                                       build/stm32h7xx_nucleo.o
BusFault_Handler                                  build/stm32h7xx_it.o
CEC_IRQHandler                                    build/startup_stm32h755xx_CM7.o
CM4_SEV_IRQHandler                                build/startup_stm32h755xx_CM7.o
CM7_SEV_IRQHandler                                build/startup_stm32h755xx_CM7.o
COMP1_IRQHandler                                  build/startup_stm32h755xx_CM7.o
CRS_IRQHandler                                    build/startup_stm32h755xx_CM7.o
CRYP_IRQHandler                                   build/startup_stm32h755xx_CM7.o
D1CorePrescTable                                  build/system_stm32h7xx_dualcore_boot_cm4_cm7.o
                                                  build/stm32h7xx_hal.o
                                                  build/stm32h7xx_hal_rcc_ex.o
                                                  build/stm32h7xx_hal_rcc.o
DCMI_IRQHandler                                   build/startup_stm32h755xx_CM7.o
DFSDM1_FLT0_IRQHandler                            build/startup_stm32h755xx_CM7.o
DFSDM1_FLT1_IRQHandler                            build/startup_stm32h755xx_CM7.o
DFSDM1_FLT2_IRQHandler                            build/startup_stm32h755xx_CM7.o
DFSDM1_FLT3_IRQHandler                            build/startup_stm32h755xx_CM7.o
DMA1_Stream0_IRQHandler                           build/startup_stm32h755xx_CM7.o
DMA1_Stream1_IRQHandler                           build/startup_stm32h755xx_CM7.o
DMA1_Stream2_IRQHandler                           build/startup_stm32h755xx_CM7.o
DMA1_Stream3_IRQHandler                           build/startup_stm32h755xx_CM7.o
DMA1_Stream4_IRQHandler                           build/startup_stm32h755xx_CM7.o
DMA1_Stream5_IRQHandler                           build/startup_stm32h755xx_CM7.o
DMA1_Stream6_IRQHandler                           build/startup_stm32h755xx_CM7.o
DMA1_Stream7_IRQHandler                           build/startup_stm32h755xx_CM7.o
DMA2D_IRQHandler                                  build/startup_stm32h755xx_CM7.o
DMA2_Stream0_IRQHandler                           build/startup_stm32h755xx_CM7.o
DMA2_Stream1_IRQHandler                           build/startup_stm32h755xx_CM7.o
DMA2_Stream2_IRQHandler                           build/startup_stm32h755xx_CM7.o
DMA2_Stream3_IRQHandler                           build/startup_stm32h755xx_CM7.o
DMA2_Stream4_IRQHandler                           build/startup_stm32h755xx_CM7.o
DMA2_Stream5_IRQHandler                           build/startup_stm32h755xx_CM7.o
DMA2_Stream6_IRQHandler                           build/startup_stm32h755xx_CM7.o
DMA2_Stream7_IRQHandler                           build/startup_stm32h755xx_CM7.o
DMAMUX1_OVR_IRQHandler                            build/startup_stm32h755xx_CM7.o
DMAMUX2_OVR_IRQHandler                            build/startup_stm32h755xx_CM7.o
DebugMon_Handler                                  build/stm32h7xx_it.o
Default_Handler                                   build/startup_stm32h755xx_CM7.o
ECC_IRQHandler                                    build/startup_stm32h755xx_CM7.o
ETH_IRQHandler                                    build/startup_stm32h755xx_CM7.o
ETH_WKUP_IRQHandler                               build/startup_stm32h755xx_CM7.o
EXTI0_IRQHandler                                  build/startup_stm32h755xx_CM7.o
EXTI15_10_IRQHandler                              build/startup_stm32h755xx_CM7.o
EXTI1_IRQHandler                                  build/startup_stm32h755xx_CM7.o
EXTI2_IRQHandler                                  build/startup_stm32h755xx_CM7.o
EXTI3_IRQHandler                                  build/startup_stm32h755xx_CM7.o
EXTI4_IRQHandler                                  build/startup_stm32h755xx_CM7.o
EXTI9_5_IRQHandler                                build/startup_stm32h755xx_CM7.o
Error_Handler                                     build/main.o
ExitRun0Mode                                      build/system_stm32h7xx_dualcore_boot_cm4_cm7.o
                                                  build/startup_stm32h755xx_CM7.o
FDCAN1_IT0_IRQHandler                             build/startup_stm32h755xx_CM7.o
FDCAN1_IT1_IRQHandler                             build/startup_stm32h755xx_CM7.o
FDCAN2_IT0_IRQHandler                             build/startup_stm32h755xx_CM7.o
FDCAN2_IT1_IRQHandler                             build/startup_stm32h755xx_CM7.o
FDCAN_CAL_IRQHandler                              build/startup_stm32h755xx_CM7.o
FLASH_CRC_WaitForLastOperation                    build/stm32h7xx_hal_flash.o
                                                  build/stm32h7xx_hal_flash_ex.o
FLASH_Erase_Sector                                build/stm32h7xx_hal_flash_ex.o
                                                  build/stm32h7xx_hal_flash.o
FLASH_IRQHandler                                  build/startup_stm32h755xx_CM7.o
FLASH_OB_WaitForLastOperation                     build/stm32h7xx_hal_flash.o
                                                  build/stm32h7xx_hal_flash_ex.o
FLASH_WaitForLastOperation                        build/stm32h7xx_hal_flash.o
                                                  build/stm32h7xx_hal_flash_ex.o
FMC_IRQHandler                                    build/startup_stm32h755xx_CM7.o
FPU_IRQHandler                                    build/startup_stm32h755xx_CM7.o
HAL_DBGMCU_DisableDBGSleepMode                    build/stm32h7xx_hal.o
HAL_DBGMCU_DisableDBGStandbyMode                  build/stm32h7xx_hal.o
HAL_DBGMCU_DisableDBGStopMode                     build/stm32h7xx_hal.o
HAL_DBGMCU_EnableDBGSleepMode                     build/stm32h7xx_hal.o
HAL_DBGMCU_EnableDBGStandbyMode                   build/stm32h7xx_hal.o
HAL_DBGMCU_EnableDBGStopMode                      build/stm32h7xx_hal.o
HAL_DMAEx_ChangeMemory                            build/stm32h7xx_hal_dma_ex.o
HAL_DMAEx_ConfigMuxRequestGenerator               build/stm32h7xx_hal_dma_ex.o
HAL_DMAEx_ConfigMuxSync                           build/stm32h7xx_hal_dma_ex.o
HAL_DMAEx_DisableMuxRequestGenerator              build/stm32h7xx_hal_dma_ex.o
HAL_DMAEx_EnableMuxRequestGenerator               build/stm32h7xx_hal_dma_ex.o
HAL_DMAEx_MUX_IRQHandler                          build/stm32h7xx_hal_dma_ex.o
HAL_DMAEx_MultiBufferStart                        build/stm32h7xx_hal_dma_ex.o
HAL_DMAEx_MultiBufferStart_IT                     build/stm32h7xx_hal_dma_ex.o
HAL_DMA_Abort                                     build/stm32h7xx_hal_dma.o
                                                  build/stm32h7xx_hal_uart.o
HAL_DMA_Abort_IT                                  build/stm32h7xx_hal_dma.o
                                                  build/stm32h7xx_hal_uart.o
                                                  build/stm32h7xx_hal_i2c.o
HAL_DMA_DeInit                                    build/stm32h7xx_hal_dma.o
HAL_DMA_GetError                                  build/stm32h7xx_hal_dma.o
                                                  build/stm32h7xx_hal_uart.o
                                                  build/stm32h7xx_hal_i2c.o
HAL_DMA_GetState                                  build/stm32h7xx_hal_dma.o
                                                  build/stm32h7xx_hal_i2c.o
HAL_DMA_IRQHandler                                build/stm32h7xx_hal_dma.o
HAL_DMA_Init                                      build/stm32h7xx_hal_dma.o
HAL_DMA_PollForTransfer                           build/stm32h7xx_hal_dma.o
HAL_DMA_RegisterCallback                          build/stm32h7xx_hal_dma.o
HAL_DMA_Start                                     build/stm32h7xx_hal_dma.o
HAL_DMA_Start_IT                                  build/stm32h7xx_hal_dma.o
                                                  build/stm32h7xx_hal_uart.o
                                                  build/stm32h7xx_hal_i2c.o
HAL_DMA_UnRegisterCallback                        build/stm32h7xx_hal_dma.o
HAL_DeInit                                        build/stm32h7xx_hal.o
HAL_Delay                                         build/stm32h7xx_hal.o
                                                  build/main.o
HAL_DisableCompensationCell                       build/stm32h7xx_hal.o
HAL_DisableDomain2DBGSleepMode                    build/stm32h7xx_hal.o
HAL_DisableDomain2DBGStandbyMode                  build/stm32h7xx_hal.o
HAL_DisableDomain2DBGStopMode                     build/stm32h7xx_hal.o
HAL_EXTI_ClearConfigLine                          build/stm32h7xx_hal_exti.o
HAL_EXTI_ClearPending                             build/stm32h7xx_hal_exti.o
HAL_EXTI_D1_ClearFlag                             build/stm32h7xx_hal.o
HAL_EXTI_D1_EventInputConfig                      build/stm32h7xx_hal.o
HAL_EXTI_D2_ClearFlag                             build/stm32h7xx_hal.o
HAL_EXTI_D2_EventInputConfig                      build/stm32h7xx_hal.o
HAL_EXTI_D3_EventInputConfig                      build/stm32h7xx_hal.o
HAL_EXTI_EdgeConfig                               build/stm32h7xx_hal.o
HAL_EXTI_GenerateSWI                              build/stm32h7xx_hal_exti.o
HAL_EXTI_GenerateSWInterrupt                      build/stm32h7xx_hal.o
HAL_EXTI_GetConfigLine                            build/stm32h7xx_hal_exti.o
HAL_EXTI_GetHandle                                build/stm32h7xx_hal_exti.o
                                                  build/stm32h7xx_nucleo.o
HAL_EXTI_GetPending                               build/stm32h7xx_hal_exti.o
HAL_EXTI_IRQHandler                               build/stm32h7xx_hal_exti.o
                                                  build/stm32h7xx_nucleo.o
HAL_EXTI_RegisterCallback                         build/stm32h7xx_hal_exti.o
                                                  build/stm32h7xx_nucleo.o
HAL_EXTI_SetConfigLine                            build/stm32h7xx_hal_exti.o
HAL_EnableCompensationCell                        build/stm32h7xx_hal.o
HAL_EnableDomain2DBGSleepMode                     build/stm32h7xx_hal.o
HAL_EnableDomain2DBGStandbyMode                   build/stm32h7xx_hal.o
HAL_EnableDomain2DBGStopMode                      build/stm32h7xx_hal.o
HAL_FLASHEx_ComputeCRC                            build/stm32h7xx_hal_flash_ex.o
HAL_FLASHEx_Erase                                 build/stm32h7xx_hal_flash_ex.o
HAL_FLASHEx_Erase_IT                              build/stm32h7xx_hal_flash_ex.o
HAL_FLASHEx_Lock_Bank1                            build/stm32h7xx_hal_flash_ex.o
HAL_FLASHEx_Lock_Bank2                            build/stm32h7xx_hal_flash_ex.o
HAL_FLASHEx_OBGetConfig                           build/stm32h7xx_hal_flash_ex.o
HAL_FLASHEx_OBProgram                             build/stm32h7xx_hal_flash_ex.o
HAL_FLASHEx_Unlock_Bank1                          build/stm32h7xx_hal_flash_ex.o
HAL_FLASHEx_Unlock_Bank2                          build/stm32h7xx_hal_flash_ex.o
HAL_FLASH_EndOfOperationCallback                  build/stm32h7xx_hal_flash.o
HAL_FLASH_GetError                                build/stm32h7xx_hal_flash.o
HAL_FLASH_IRQHandler                              build/stm32h7xx_hal_flash.o
HAL_FLASH_Lock                                    build/stm32h7xx_hal_flash.o
HAL_FLASH_OB_Launch                               build/stm32h7xx_hal_flash.o
HAL_FLASH_OB_Lock                                 build/stm32h7xx_hal_flash.o
HAL_FLASH_OB_Unlock                               build/stm32h7xx_hal_flash.o
HAL_FLASH_OperationErrorCallback                  build/stm32h7xx_hal_flash.o
HAL_FLASH_Program                                 build/stm32h7xx_hal_flash.o
HAL_FLASH_Program_IT                              build/stm32h7xx_hal_flash.o
HAL_FLASH_Unlock                                  build/stm32h7xx_hal_flash.o
HAL_GPIO_DeInit                                   build/stm32h7xx_hal_gpio.o
                                                  build/stm32h7xx_nucleo.o
                                                  build/stm32h7xx_hal_msp.o
HAL_GPIO_EXTI_Callback                            build/stm32h7xx_hal_gpio.o
HAL_GPIO_EXTI_IRQHandler                          build/stm32h7xx_hal_gpio.o
HAL_GPIO_Init                                     build/stm32h7xx_hal_gpio.o
                                                  build/stm32h7xx_hal_rcc.o
                                                  build/stm32h7xx_nucleo.o
                                                  build/stm32h7xx_hal_msp.o
HAL_GPIO_LockPin                                  build/stm32h7xx_hal_gpio.o
HAL_GPIO_ReadPin                                  build/stm32h7xx_hal_gpio.o
                                                  build/stm32h7xx_nucleo.o
HAL_GPIO_TogglePin                                build/stm32h7xx_hal_gpio.o
                                                  build/stm32h7xx_nucleo.o
HAL_GPIO_WritePin                                 build/stm32h7xx_hal_gpio.o
                                                  build/stm32h7xx_nucleo.o
HAL_GetCurrentCPUID                               build/stm32h7xx_hal_cortex.o
                                                  build/stm32h7xx_hal_exti.o
                                                  build/stm32h7xx_hal_pwr_ex.o
                                                  build/stm32h7xx_hal_pwr.o
HAL_GetDEVID                                      build/stm32h7xx_hal.o
HAL_GetFMCMemorySwappingConfig                    build/stm32h7xx_hal.o
HAL_GetHalVersion                                 build/stm32h7xx_hal.o
HAL_GetREVID                                      build/stm32h7xx_hal.o
                                                  build/stm32h7xx_hal_rcc_ex.o
                                                  build/stm32h7xx_hal_rcc.o
HAL_GetTick                                       build/stm32h7xx_hal.o
                                                  build/stm32h7xx_hal_uart.o
                                                  build/stm32h7xx_hal_uart_ex.o
                                                  build/stm32h7xx_hal_i2c.o
                                                  build/stm32h7xx_hal_pwr_ex.o
                                                  build/stm32h7xx_hal_mdma.o
                                                  build/stm32h7xx_hal_dma.o
                                                  build/stm32h7xx_hal_flash.o
                                                  build/stm32h7xx_hal_rcc_ex.o
                                                  build/stm32h7xx_hal_rcc.o
HAL_GetTickFreq                                   build/stm32h7xx_hal.o
HAL_GetTickPrio                                   build/stm32h7xx_hal.o
HAL_GetUIDw0                                      build/stm32h7xx_hal.o
HAL_GetUIDw1                                      build/stm32h7xx_hal.o
HAL_GetUIDw2                                      build/stm32h7xx_hal.o
HAL_HSEM_ActivateNotification                     build/stm32h7xx_hal_hsem.o
HAL_HSEM_DeactivateNotification                   build/stm32h7xx_hal_hsem.o
HAL_HSEM_FastTake                                 build/stm32h7xx_hal_hsem.o
HAL_HSEM_FreeCallback                             build/stm32h7xx_hal_hsem.o
HAL_HSEM_GetClearKey                              build/stm32h7xx_hal_hsem.o
HAL_HSEM_IRQHandler                               build/stm32h7xx_hal_hsem.o
HAL_HSEM_IsSemTaken                               build/stm32h7xx_hal_hsem.o
HAL_HSEM_Release                                  build/stm32h7xx_hal_hsem.o
HAL_HSEM_ReleaseAll                               build/stm32h7xx_hal_hsem.o
HAL_HSEM_SetClearKey                              build/stm32h7xx_hal_hsem.o
HAL_HSEM_Take                                     build/stm32h7xx_hal_hsem.o
HAL_HalfDuplex_EnableReceiver                     build/stm32h7xx_hal_uart.o
HAL_HalfDuplex_EnableTransmitter                  build/stm32h7xx_hal_uart.o
HAL_HalfDuplex_Init                               build/stm32h7xx_hal_uart.o
HAL_I2CEx_ConfigAnalogFilter                      build/stm32h7xx_hal_i2c_ex.o
HAL_I2CEx_ConfigDigitalFilter                     build/stm32h7xx_hal_i2c_ex.o
HAL_I2CEx_DisableFastModePlus                     build/stm32h7xx_hal_i2c_ex.o
HAL_I2CEx_DisableWakeUp                           build/stm32h7xx_hal_i2c_ex.o
HAL_I2CEx_EnableFastModePlus                      build/stm32h7xx_hal_i2c_ex.o
HAL_I2CEx_EnableWakeUp                            build/stm32h7xx_hal_i2c_ex.o
HAL_I2C_AbortCpltCallback                         build/stm32h7xx_hal_i2c.o
HAL_I2C_AddrCallback                              build/stm32h7xx_hal_i2c.o
HAL_I2C_DeInit                                    build/stm32h7xx_hal_i2c.o
HAL_I2C_DisableListen_IT                          build/stm32h7xx_hal_i2c.o
HAL_I2C_ER_IRQHandler                             build/stm32h7xx_hal_i2c.o
HAL_I2C_EV_IRQHandler                             build/stm32h7xx_hal_i2c.o
HAL_I2C_EnableListen_IT                           build/stm32h7xx_hal_i2c.o
HAL_I2C_ErrorCallback                             build/stm32h7xx_hal_i2c.o
HAL_I2C_GetError                                  build/stm32h7xx_hal_i2c.o
HAL_I2C_GetMode                                   build/stm32h7xx_hal_i2c.o
HAL_I2C_GetState                                  build/stm32h7xx_hal_i2c.o
HAL_I2C_Init                                      build/stm32h7xx_hal_i2c.o
HAL_I2C_IsDeviceReady                             build/stm32h7xx_hal_i2c.o
HAL_I2C_ListenCpltCallback                        build/stm32h7xx_hal_i2c.o
HAL_I2C_MasterRxCpltCallback                      build/stm32h7xx_hal_i2c.o
HAL_I2C_MasterTxCpltCallback                      build/stm32h7xx_hal_i2c.o
HAL_I2C_Master_Abort_IT                           build/stm32h7xx_hal_i2c.o
HAL_I2C_Master_Receive                            build/stm32h7xx_hal_i2c.o
HAL_I2C_Master_Receive_DMA                        build/stm32h7xx_hal_i2c.o
HAL_I2C_Master_Receive_IT                         build/stm32h7xx_hal_i2c.o
HAL_I2C_Master_Seq_Receive_DMA                    build/stm32h7xx_hal_i2c.o
HAL_I2C_Master_Seq_Receive_IT                     build/stm32h7xx_hal_i2c.o
HAL_I2C_Master_Seq_Transmit_DMA                   build/stm32h7xx_hal_i2c.o
HAL_I2C_Master_Seq_Transmit_IT                    build/stm32h7xx_hal_i2c.o
HAL_I2C_Master_Transmit                           build/stm32h7xx_hal_i2c.o
HAL_I2C_Master_Transmit_DMA                       build/stm32h7xx_hal_i2c.o